###############################################################################
#
# IAR ELF Linker V8.22.1.15669/W32 for ARM                17/Sep/2018  14:44:50
# Copyright 2007-2018 IAR Systems AB.
#
#    Output file  =  
#        C:\Projects\SVNrepo\dibh-prod-esEMex\iar\mex_gateway_Debug\Exe\mex_gateway_Debug.out
#    Map file     =  
#        C:\Projects\SVNrepo\dibh-prod-esEMex\iar\mex_gateway_Debug\List\mex_gateway_Debug.map
#    Command line =  
#        -f C:\Users\mmaffeo\AppData\Local\Temp\EW6068.tmp
#        (C:\Projects\SVNrepo\dibh-prod-esEMex\iar\mex_gateway_Debug\Obj\ap.o
#        C:\Projects\SVNrepo\dibh-prod-esEMex\iar\mex_gateway_Debug\Obj\ap_bservice.o
#        C:\Projects\SVNrepo\dibh-prod-esEMex\iar\mex_gateway_Debug\Obj\ap_bservice_CAN04.o
#        C:\Projects\SVNrepo\dibh-prod-esEMex\iar\mex_gateway_Debug\Obj\ap_bservice_CANOpen.o
#        C:\Projects\SVNrepo\dibh-prod-esEMex\iar\mex_gateway_Debug\Obj\ap_bservice_CANStd.o
#        C:\Projects\SVNrepo\dibh-prod-esEMex\iar\mex_gateway_Debug\Obj\ap_bservice_dv.o
#        C:\Projects\SVNrepo\dibh-prod-esEMex\iar\mex_gateway_Debug\Obj\ap_bservice_prog.o
#        C:\Projects\SVNrepo\dibh-prod-esEMex\iar\mex_gateway_Debug\Obj\ap_bsp.o
#        C:\Projects\SVNrepo\dibh-prod-esEMex\iar\mex_gateway_Debug\Obj\ap_can.o
#        C:\Projects\SVNrepo\dibh-prod-esEMex\iar\mex_gateway_Debug\Obj\ap_cdata.o
#        C:\Projects\SVNrepo\dibh-prod-esEMex\iar\mex_gateway_Debug\Obj\ap_deluxeG5.o
#        C:\Projects\SVNrepo\dibh-prod-esEMex\iar\mex_gateway_Debug\Obj\ap_deluxeG55.o
#        C:\Projects\SVNrepo\dibh-prod-esEMex\iar\mex_gateway_Debug\Obj\ap_dv.o
#        C:\Projects\SVNrepo\dibh-prod-esEMex\iar\mex_gateway_Debug\Obj\ap_eeprom.o
#        C:\Projects\SVNrepo\dibh-prod-esEMex\iar\mex_gateway_Debug\Obj\ap_eeprom_bsp.o
#        C:\Projects\SVNrepo\dibh-prod-esEMex\iar\mex_gateway_Debug\Obj\ap_engine.o
#        C:\Projects\SVNrepo\dibh-prod-esEMex\iar\mex_gateway_Debug\Obj\ap_gateway.o
#        C:\Projects\SVNrepo\dibh-prod-esEMex\iar\mex_gateway_Debug\Obj\ap_hwt.o
#        C:\Projects\SVNrepo\dibh-prod-esEMex\iar\mex_gateway_Debug\Obj\ap_keylessentry.o
#        C:\Projects\SVNrepo\dibh-prod-esEMex\iar\mex_gateway_Debug\Obj\ap_keylessstart.o
#        C:\Projects\SVNrepo\dibh-prod-esEMex\iar\mex_gateway_Debug\Obj\ap_main.o
#        C:\Projects\SVNrepo\dibh-prod-esEMex\iar\mex_gateway_Debug\Obj\ap_schd.o
#        C:\Projects\SVNrepo\dibh-prod-esEMex\iar\mex_gateway_Debug\Obj\ap_subs.o
#        C:\Projects\SVNrepo\dibh-prod-esEMex\iar\mex_gateway_Debug\Obj\ap_tasks.o
#        C:\Projects\SVNrepo\dibh-prod-esEMex\iar\mex_gateway_Debug\Obj\ap_version.o
#        C:\Projects\SVNrepo\dibh-prod-esEMex\iar\mex_gateway_Debug\Obj\cancipher.o
#        C:\Projects\SVNrepo\dibh-prod-esEMex\iar\mex_gateway_Debug\Obj\global.o
#        C:\Projects\SVNrepo\dibh-prod-esEMex\iar\mex_gateway_Debug\Obj\hw_adc.o
#        C:\Projects\SVNrepo\dibh-prod-esEMex\iar\mex_gateway_Debug\Obj\hw_can.o
#        C:\Projects\SVNrepo\dibh-prod-esEMex\iar\mex_gateway_Debug\Obj\hw_can_rx.o
#        C:\Projects\SVNrepo\dibh-prod-esEMex\iar\mex_gateway_Debug\Obj\hw_can_tx.o
#        C:\Projects\SVNrepo\dibh-prod-esEMex\iar\mex_gateway_Debug\Obj\hw_can_txq.o
#        C:\Projects\SVNrepo\dibh-prod-esEMex\iar\mex_gateway_Debug\Obj\hw_clock.o
#        C:\Projects\SVNrepo\dibh-prod-esEMex\iar\mex_gateway_Debug\Obj\hw_dio.o
#        C:\Projects\SVNrepo\dibh-prod-esEMex\iar\mex_gateway_Debug\Obj\hw_fin.o
#        C:\Projects\SVNrepo\dibh-prod-esEMex\iar\mex_gateway_Debug\Obj\hw_gauge.o
#        C:\Projects\SVNrepo\dibh-prod-esEMex\iar\mex_gateway_Debug\Obj\hw_io.o
#        C:\Projects\SVNrepo\dibh-prod-esEMex\iar\mex_gateway_Debug\Obj\hw_mcu.o
#        C:\Projects\SVNrepo\dibh-prod-esEMex\iar\mex_gateway_Debug\Obj\hw_nvm.o
#        C:\Projects\SVNrepo\dibh-prod-esEMex\iar\mex_gateway_Debug\Obj\hw_pwm.o
#        C:\Projects\SVNrepo\dibh-prod-esEMex\iar\mex_gateway_Debug\Obj\hw_timer.o
#        C:\Projects\SVNrepo\dibh-prod-esEMex\iar\mex_gateway_Debug\Obj\iar_stf4_cstartup.o
#        C:\Projects\SVNrepo\dibh-prod-esEMex\iar\mex_gateway_Debug\Obj\J1939_msg.o
#        C:\Projects\SVNrepo\dibh-prod-esEMex\iar\mex_gateway_Debug\Obj\J1939_TP.o
#        C:\Projects\SVNrepo\dibh-prod-esEMex\iar\mex_gateway_Debug\Obj\J1939_TP_rx.o
#        C:\Projects\SVNrepo\dibh-prod-esEMex\iar\mex_gateway_Debug\Obj\J1939_TP_tx.o
#        C:\Projects\SVNrepo\dibh-prod-esEMex\iar\mex_gateway_Debug\Obj\main.o
#        C:\Projects\SVNrepo\dibh-prod-esEMex\iar\mex_gateway_Debug\Obj\mod_Inputs.o
#        C:\Projects\SVNrepo\dibh-prod-esEMex\iar\mex_gateway_Debug\Obj\mod_Library.o
#        C:\Projects\SVNrepo\dibh-prod-esEMex\iar\mex_gateway_Debug\Obj\mod_Outputs.o
#        C:\Projects\SVNrepo\dibh-prod-esEMex\iar\mex_gateway_Debug\Obj\mod_Panel.o
#        C:\Projects\SVNrepo\dibh-prod-esEMex\iar\mex_gateway_Debug\Obj\mod_System.o
#        C:\Projects\SVNrepo\dibh-prod-esEMex\iar\mex_gateway_Debug\Obj\MX_Gtwy_Control.o
#        C:\Projects\SVNrepo\dibh-prod-esEMex\iar\mex_gateway_Debug\Obj\MX_Gtwy_Control_data.o
#        C:\Projects\SVNrepo\dibh-prod-esEMex\iar\mex_gateway_Debug\Obj\nvm_ecuid.o
#        C:\Projects\SVNrepo\dibh-prod-esEMex\iar\mex_gateway_Debug\Obj\passwordverifier.o
#        C:\Projects\SVNrepo\dibh-prod-esEMex\iar\mex_gateway_Debug\Obj\SendMsgNow.o
#        C:\Projects\SVNrepo\dibh-prod-esEMex\iar\mex_gateway_Debug\Obj\stf4_bsp_adc.o
#        C:\Projects\SVNrepo\dibh-prod-esEMex\iar\mex_gateway_Debug\Obj\stf4_bsp_can.o
#        C:\Projects\SVNrepo\dibh-prod-esEMex\iar\mex_gateway_Debug\Obj\stf4_bsp_clock.o
#        C:\Projects\SVNrepo\dibh-prod-esEMex\iar\mex_gateway_Debug\Obj\stf4_bsp_com.o
#        C:\Projects\SVNrepo\dibh-prod-esEMex\iar\mex_gateway_Debug\Obj\stf4_bsp_din.o
#        C:\Projects\SVNrepo\dibh-prod-esEMex\iar\mex_gateway_Debug\Obj\stf4_bsp_dout.o
#        C:\Projects\SVNrepo\dibh-prod-esEMex\iar\mex_gateway_Debug\Obj\stf4_bsp_ecuid.o
#        C:\Projects\SVNrepo\dibh-prod-esEMex\iar\mex_gateway_Debug\Obj\stf4_bsp_fin.o
#        C:\Projects\SVNrepo\dibh-prod-esEMex\iar\mex_gateway_Debug\Obj\stf4_bsp_mcu.o
#        C:\Projects\SVNrepo\dibh-prod-esEMex\iar\mex_gateway_Debug\Obj\stf4_bsp_nvm.o
#        C:\Projects\SVNrepo\dibh-prod-esEMex\iar\mex_gateway_Debug\Obj\stf4_bsp_pwm.o
#        C:\Projects\SVNrepo\dibh-prod-esEMex\iar\mex_gateway_Debug\Obj\stf4_bsp_rom.o
#        C:\Projects\SVNrepo\dibh-prod-esEMex\iar\mex_gateway_Debug\Obj\stf4_bsp_rtc.o
#        C:\Projects\SVNrepo\dibh-prod-esEMex\iar\mex_gateway_Debug\Obj\stf4_bsp_sdata.o
#        C:\Projects\SVNrepo\dibh-prod-esEMex\iar\mex_gateway_Debug\Obj\stf4_fifo.o
#        C:\Projects\SVNrepo\dibh-prod-esEMex\iar\mex_gateway_Debug\Obj\stf4_iic.o
#        C:\Projects\SVNrepo\dibh-prod-esEMex\iar\mex_gateway_Debug\Obj\stf4_timer.o
#        C:\Projects\SVNrepo\dibh-prod-esEMex\iar\mex_gateway_Debug\Obj\stf4_vectors.o
#        C:\Projects\SVNrepo\dibh-prod-esEMex\iar\mex_gateway_Debug\Obj\stm32f4xx_adc.o
#        C:\Projects\SVNrepo\dibh-prod-esEMex\iar\mex_gateway_Debug\Obj\stm32f4xx_can.o
#        C:\Projects\SVNrepo\dibh-prod-esEMex\iar\mex_gateway_Debug\Obj\stm32f4xx_dma.o
#        C:\Projects\SVNrepo\dibh-prod-esEMex\iar\mex_gateway_Debug\Obj\stm32f4xx_gpio.o
#        C:\Projects\SVNrepo\dibh-prod-esEMex\iar\mex_gateway_Debug\Obj\stm32f4xx_i2c.o
#        C:\Projects\SVNrepo\dibh-prod-esEMex\iar\mex_gateway_Debug\Obj\stm32f4xx_iwdg.o
#        C:\Projects\SVNrepo\dibh-prod-esEMex\iar\mex_gateway_Debug\Obj\stm32f4xx_pwr.o
#        C:\Projects\SVNrepo\dibh-prod-esEMex\iar\mex_gateway_Debug\Obj\stm32f4xx_rcc.o
#        C:\Projects\SVNrepo\dibh-prod-esEMex\iar\mex_gateway_Debug\Obj\stm32f4xx_rtc.o
#        C:\Projects\SVNrepo\dibh-prod-esEMex\iar\mex_gateway_Debug\Obj\stm32f4xx_tim.o
#        C:\Projects\SVNrepo\dibh-prod-esEMex\iar\mex_gateway_Debug\Obj\stm32f4xx_usart.o
#        C:\Projects\SVNrepo\dibh-prod-esEMex\iar\mex_gateway_Debug\Obj\system_stm32f4xx.o
#        -o
#        C:\Projects\SVNrepo\dibh-prod-esEMex\iar\mex_gateway_Debug\Exe\mex_gateway_Debug.out
#        --map
#        C:\Projects\SVNrepo\dibh-prod-esEMex\iar\mex_gateway_Debug\List\mex_gateway_Debug.map
#        --config C:\Projects\SVNrepo\dibh-prod-esEMex\iar\stf4_app.icf
#        --semihosting --entry __iar_program_start --no_vfe --text_out locale)
#
###############################################################################

*******************************************************************************
*** RUNTIME MODEL ATTRIBUTES
***

CppFlavor                     = *
__CPP_Exceptions              = Disabled
__CPP_Language                = C++14
__Heap_Handler                = Basic
__SystemLibrary               = DLib
__dlib_dynamic_initialization = normal
__dlib_version                = 6


*******************************************************************************
*** HEAP SELECTION
***

The basic heap was selected because no calls to memory allocation
functions were found in the application outside of system library
functions, and there are calls to deallocation functions in the
application.


*******************************************************************************
*** PLACEMENT SUMMARY
***

"A0":  place at 0x080ffffc { ro section .checksum };
"A1":  place at 0x08040000 { ro section .intvec };
define block SDATA with size = 256, alignment = 8 { };
"A2":  place at start of [from 0x10000000 to 0x1000ffff] { block SDATA };
define block RAMVEC with size = 1088, alignment = 8 { };
"A3":  place at start of [from 0x20000000 to 0x2001ffff] { block RAMVEC };
define block CSTACK with size = 4K, alignment = 8 { };
"A4":  place at end of [from 0x10000000 to 0x1000ffff] { block CSTACK };
"P1":  place in [from 0x08040000 to 0x080fffff] { ro };
define block HEAP with size = 0M, alignment = 8 { };
"P2":  place in [from 0x20000000 to 0x2001ffff] { rw, block HEAP };
initialize by copy { rw };
keep { block SDATA, ro section .checksum };

No sections matched the following patterns:

  section .sram  in "P3"


  Section                Kind        Address     Size  Object
  -------                ----        -------     ----  ------
"A1":                                            0x40
  .intvec                const    0x08040000     0x40  iar_stf4_cstartup.o [1]
                                - 0x08040040     0x40

"P1":                                         0x512ff
  .text                  ro code  0x08040040   0xf75c  mod_Inputs.o [1]
  .text                  ro code  0x0804f79c   0x28e8  mod_Library.o [1]
  .text                  ro code  0x08052084    0x1ac  SendMsgNow.o [1]
  .text                  ro code  0x08052230   0x3214  MX_Gtwy_Control.o [1]
  .text                  ro code  0x08055444    0x184  hw_can_tx.o [1]
  .text                  ro code  0x080555c8   0x2358  ap_eeprom.o [1]
  .text                  ro code  0x08057920     0x3c  SendMsgNow.o [1]
  .text                  ro code  0x0805795c      0xe  SendMsgNow.o [1]
  .text                  ro code  0x0805796a     0x7a  lz77_init_single.o [6]
  .text                  ro code  0x080579e4    0x17c  hw_can_txq.o [1]
  .text                  ro code  0x08057b60   0x3320  ap_can.o [1]
  .text                  ro code  0x0805ae80   0xe57c  mod_System.o [1]
  .text                  ro code  0x080693fc   0x6d40  mod_Outputs.o [1]
  .text                  ro code  0x0807013c   0x4c08  mod_Panel.o [1]
  .text                  ro code  0x08074d44     0x66  ABImemset.o [6]
  .text                  ro code  0x08074daa      0x8  J1939_TP_tx.o [1]
  .text                  ro code  0x08074db2     0x1a  xsnprout.o [3]
  .text                  ro code  0x08074dcc    0x19a  hw_can.o [1]
  .text                  ro code  0x08074f66      0x6  hw_can_tx.o [1]
  .text                  ro code  0x08074f6c     0x14  hw_can_tx.o [1]
  .text                  ro code  0x08074f80     0x14  J1939_TP_tx.o [1]
  .text                  ro code  0x08074f94    0x43c  stf4_bsp_mcu.o [1]
  .text                  ro code  0x080753d0     0x10  J1939_TP_tx.o [1]
  .text                  ro code  0x080753e0    0x440  hw_nvm.o [1]
  .text                  ro code  0x08075820    0x298  ap_bsp.o [1]
  .text                  ro code  0x08075ab8     0x14  J1939_TP_tx.o [1]
  .text                  ro code  0x08075acc     0x10  J1939_TP_tx.o [1]
  .text                  ro code  0x08075adc     0x76  ABImemcpy_unaligned.o [6]
  .rodata                const    0x08075b52      0x2  ap_bservice.o [1]
  .text                  ro code  0x08075b54    0x55c  ap_bservice.o [1]
  .text                  ro code  0x080760b0     0x24  ap_deluxeG55.o [1]
  .text                  ro code  0x080760d4      0xc  J1939_TP_tx.o [1]
  .text                  ro code  0x080760e0     0xf2  hw_can_rx.o [1]
  .rodata                const    0x080761d2      0x2  ap_bservice.o [1]
  .text                  ro code  0x080761d4    0x658  hw_dio.o [1]
  .text                  ro code  0x0807682c     0x3c  ap_can.o [1]
  .text                  ro code  0x08076868    0xd50  ap_subs.o [1]
  .text                  ro code  0x080775b8   0x1cfc  ap_bservice_CAN04.o [1]
  .text                  ro code  0x080792b4     0x26  ap_deluxeG55.o [1]
  .rodata                const    0x080792da      0x2  ap_bservice.o [1]
  .text                  ro code  0x080792dc    0x3a0  J1939_TP_tx.o [1]
  .text                  ro code  0x0807967c     0x18  J1939_TP_tx.o [1]
  .text                  ro code  0x08079694     0x22  J1939_TP_tx.o [1]
  .text                  ro code  0x080796b6     0x12  J1939_TP_tx.o [1]
  .text                  ro code  0x080796c8    0x4ba  stf4_bsp_can.o [1]
  .text                  ro code  0x08079b82     0x22  hw_can.o [1]
  .text                  ro code  0x08079ba4     0x16  hw_can.o [1]
  .text                  ro code  0x08079bba      0xc  hw_can.o [1]
  .text                  ro code  0x08079bc6     0x22  hw_can.o [1]
  .text                  ro code  0x08079be8      0x4  J1939_TP_tx.o [1]
  .text                  ro code  0x08079bec    0x7b8  stm32f4xx_rcc.o [1]
  .text                  ro code  0x0807a3a4     0xac  stf4_vectors.o [1]
  .text                  ro code  0x0807a450    0x15a  stf4_timer.o [1]
  .rodata                const    0x0807a5aa      0x2  ap_hwt.o [1]
  .text                  ro code  0x0807a5ac    0x71c  stf4_iic.o [1]
  .text                  ro code  0x0807acc8     0x10  stm32f4xx_iwdg.o [1]
  .text                  ro code  0x0807acd8    0x630  stm32f4xx_gpio.o [1]
  .text                  ro code  0x0807b308     0x56  iar_stf4_cstartup.o [1]
  .rodata                const    0x0807b35e      0x2  ap_hwt.o [1]
  .text                  ro code  0x0807b360    0x80c  stf4_bsp_nvm.o [1]
  .text                  ro code  0x0807bb6c    0x1ec  hw_adc.o [1]
  .text                  ro code  0x0807bd58    0x184  stf4_bsp_clock.o [1]
  .text                  ro code  0x0807bedc    0x310  stf4_bsp_com.o [1]
  .text                  ro code  0x0807c1ec    0x20a  stf4_bsp_rtc.o [1]
  .rodata                const    0x0807c3f6      0x2  ap_hwt.o [1]
  .text                  ro code  0x0807c3f8     0xc8  stf4_bsp_rom.o [1]
  .text                  ro code  0x0807c4c0     0x54  stf4_bsp_ecuid.o [1]
  .text                  ro code  0x0807c514    0x1a8  stf4_bsp_sdata.o [1]
  .text                  ro code  0x0807c6bc    0x93c  stf4_bsp_adc.o [1]
  .text                  ro code  0x0807cff8     0xd4  stf4_bsp_din.o [1]
  .text                  ro code  0x0807d0cc    0x2a8  stf4_bsp_dout.o [1]
  .text                  ro code  0x0807d374    0x518  stf4_bsp_fin.o [1]
  .text                  ro code  0x0807d88c    0x416  stf4_bsp_pwm.o [1]
  .rodata                const    0x0807dca2      0x2  ap_hwt.o [1]
  .text                  ro code  0x0807dca4    0x4a8  ap_cdata.o [1]
  .text                  ro code  0x0807e14c     0x44  snprintf.o [3]
  .text                  ro code  0x0807e190     0x3c  vsnprint.o [3]
  .text                  ro code  0x0807e1cc    0x160  ap_bservice_dv.o [1]
  .text                  ro code  0x0807e32c      0x4  ap_dv.o [1]
  .text                  ro code  0x0807e330      0x4  ap_hwt.o [1]
  .text                  ro code  0x0807e334      0x6  ap_bservice.o [1]
  .text                  ro code  0x0807e33a      0x6  ap_bservice.o [1]
  .text                  ro code  0x0807e340     0x10  ap_bservice.o [1]
  .text                  ro code  0x0807e350     0xde  hw_mcu.o [1]
  .rodata                const    0x0807e42e      0x2  ap_hwt.o [1]
  .text                  ro code  0x0807e430    0x128  ap_bservice_prog.o [1]
  .text                  ro code  0x0807e558    0x1bc  hw_io.o [1]
  .text                  ro code  0x0807e714     0x1e  hw_clock.o [1]
  .text                  ro code  0x0807e732     0x16  J1939_TP_tx.o [1]
  .text                  ro code  0x0807e748     0x12  J1939_TP_tx.o [1]
  .text                  ro code  0x0807e75a     0x30  J1939_TP_tx.o [1]
  .text                  ro code  0x0807e78a      0x8  J1939_TP_tx.o [1]
  .text                  ro code  0x0807e792     0x1e  J1939_TP_tx.o [1]
  .text                  ro code  0x0807e7b0     0x12  J1939_TP_tx.o [1]
  .rodata                const    0x0807e7c2      0x2  ap_hwt.o [1]
  .text                  ro code  0x0807e7c4    0x818  stm32f4xx_can.o [1]
  .text                  ro code  0x0807efdc    0x10a  stf4_fifo.o [1]
  .text                  ro code  0x0807f0e6     0x10  hw_can.o [1]
  .text                  ro code  0x0807f0f6     0x18  hw_can.o [1]
  .rodata                const    0x0807f10e      0x2  ap_hwt.o [1]
  .text                  ro code  0x0807f110    0x4f4  stm32f4xx_i2c.o [1]
  .text                  ro code  0x0807f604    0x1ac  system_stm32f4xx.o [1]
  .text                  ro code  0x0807f7b0      0xc  cstartup_M.o [6]
  .text                  ro code  0x0807f7bc    0x720  stm32f4xx_usart.o [1]
  .text                  ro code  0x0807fedc     0x60  stm32f4xx_pwr.o [1]
  .text                  ro code  0x0807ff3c    0x51c  stm32f4xx_rtc.o [1]
  .text                  ro code  0x08080458    0x62c  stm32f4xx_dma.o [1]
  .text                  ro code  0x08080a84    0x780  stm32f4xx_adc.o [1]
  .text                  ro code  0x08081204    0x22e  I64DivMod.o [6]
  .rodata                const    0x08081432      0x2  ap_hwt.o [1]
  .text                  ro code  0x08081434   0x1166  stm32f4xx_tim.o [1]
  .rodata                const    0x0808259a      0x2  ap_hwt.o [1]
  .text                  ro code  0x0808259c    0xe22  xprintffull_nomb.o [3]
  .text                  ro code  0x080833be     0x1e  ap_bservice_dv.o [1]
  .text                  ro code  0x080833dc     0x1e  ap_bservice_dv.o [1]
  .text                  ro code  0x080833fa     0x1c  ap_bservice_dv.o [1]
  .text                  ro code  0x08083416     0x1e  ap_bservice_dv.o [1]
  .text                  ro code  0x08083434     0x1e  ap_bservice_dv.o [1]
  .text                  ro code  0x08083452     0x1c  ap_bservice_dv.o [1]
  .text                  ro code  0x0808346e      0x4  ap_bservice_dv.o [1]
  .rodata                const    0x08083472      0x2  ap_hwt.o [1]
  .text                  ro code  0x08083474     0xb0  rand.o [3]
  .text                  ro code  0x08083524     0x32  hw_fin.o [1]
  .rodata                const    0x08083556      0x2  ap_hwt.o [1]
  .text                  ro code  0x08083558     0x8c  hw_pwm.o [1]
  .text                  ro code  0x080835e4      0xe  hw_gauge.o [1]
  .rodata                const    0x080835f2      0x2  ap_hwt.o [1]
  .text                  ro code  0x080835f4     0x28  nvm_ecuid.o [1]
  .text                  ro code  0x0808361c     0x1c  J1939_TP_tx.o [1]
  .text                  ro code  0x08083638     0x22  fpinit_M.o [5]
  .rodata                const    0x0808365a      0x2  ap_hwt.o [1]
  .text                  ro code  0x0808365c     0x1e  cmain.o [6]
  .rodata                const    0x0808367a      0x2  ap_hwt.o [1]
  .text                  ro code  0x0808367c      0x2  I64DivZer.o [6]
  .rodata                const    0x0808367e      0x2  ap_version.o [1]
  .text                  ro code  0x08083680     0x16  strchr.o [6]
  .rodata                const    0x08083696      0x2  hw_can.o [1]
  .text                  ro code  0x08083698     0x40  xfail_s.o [3]
  .text                  ro code  0x080836d8     0x36  strlen.o [6]
  .rodata                const    0x0808370e      0x1  ap_bsp.o [1]
  .rodata                const    0x0808370f      0x1  ap_version.o [1]
  .text                  ro code  0x08083710     0x58  memchr.o [6]
  .text                  ro code  0x08083768    0x1a2  DblMul.o [5]
  .rodata                const    0x0808390a      0x1  ap_version.o [1]
  .rodata                const    0x0808390b      0x1  ap_version.o [1]
  .text                  ro code  0x0808390c     0x70  frexp.o [5]
  .text                  ro code  0x0808397c     0x2e  DblCmpLe.o [5]
  .rodata                const    0x080839aa      0x1  ap_version.o [1]
  .rodata                const    0x080839ab      0x1  unwind_debug.o [7]
  .text                  ro code  0x080839ac     0x2e  DblCmpGe.o [5]
  .text                  ro code  0x080839dc    0x13a  ldexp.o [5]
  .text                  ro code  0x08083b18     0x3a  DblToS32.o [5]
  .text                  ro code  0x08083b54     0x22  S32ToDbl.o [5]
  .text                  ro code  0x08083b78     0xe2  DblSub.o [5]
  .text                  ro code  0x08083c5c    0x246  DblDiv.o [5]
  .text                  ro code  0x08083ea4     0x28  DblToU32.o [5]
  .text                  ro code  0x08083ecc     0x1a  U32ToDbl.o [5]
  .text                  ro code  0x08083ee6      0x4  low_level_init.o [3]
  .text                  ro code  0x08083eec     0x28  data_init.o [6]
  .text                  ro code  0x08083f14     0x18  main.o [1]
  .text                  ro code  0x08083f2c      0x4  exit.o [3]
  .text                  ro code  0x08083f30      0x6  abort.o [3]
  .text                  ro code  0x08083f38    0x168  DblAdd.o [5]
  .text                  ro code  0x080840a0    0x120  ap.o [1]
  .text                  ro code  0x080841c0      0xa  cexit.o [6]
  .text                  ro code  0x080841cc     0x14  exit.o [7]
  .text                  ro code  0x080841e0    0x204  ap_schd.o [1]
  .text                  ro code  0x080843e4   0x3b18  ap_deluxeG5.o [1]
  .text                  ro code  0x08087efc    0x55e  J1939_TP_rx.o [1]
  .text                  ro code  0x0808845a     0x10  ap_engine.o [1]
  .text                  ro code  0x0808846c   0x17ac  ap_main.o [1]
  .text                  ro code  0x08089c18    0x296  ap_gateway.o [1]
  .text                  ro code  0x08089eb0    0xb50  ap_dv.o [1]
  .text                  ro code  0x0808aa00    0x8a4  ap_bservice_CANOpen.o [1]
  .text                  ro code  0x0808b2a4    0x488  ap_bservice_CANStd.o [1]
  .text                  ro code  0x0808b72c    0xe5c  ap_engine.o [1]
  .text                  ro code  0x0808c588    0xdb4  ap_deluxeG55.o [1]
  .text                  ro code  0x0808d33c    0x4b4  ap_keylessstart.o [1]
  .text                  ro code  0x0808d7f0    0xa10  ap_keylessentry.o [1]
  .text                  ro code  0x0808e200      0x4  ap_dv.o [1]
  .text                  ro code  0x0808e204      0x4  ap_dv.o [1]
  .text                  ro code  0x0808e208      0x4  ap_hwt.o [1]
  .text                  ro code  0x0808e20c      0x4  ap_dv.o [1]
  .text                  ro code  0x0808e210    0x3a8  cancipher.o [1]
  .text                  ro code  0x0808e5b8     0x10  ap_keylessentry.o [1]
  .text                  ro code  0x0808e5c8     0x22  I64Shl.o [6]
  .text                  ro code  0x0808e5ec     0x54  passwordverifier.o [1]
  .text                  ro code  0x0808e640    0x53a  ap_hwt.o [1]
  .rodata                const    0x0808eb7c    0x460  stf4_bsp_mcu.o [1]
  .rodata                const    0x0808efdc    0x400  ap_dv.o [1]
  .rodata                const    0x0808f3dc    0x3d8  MX_Gtwy_Control_data.o [1]
  .rodata                const    0x0808f7b4    0x360  ap_dv.o [1]
  .rodata                const    0x0808fb14    0x210  stf4_bsp_adc.o [1]
  .rodata                const    0x0808fd24    0x204  stf4_bsp_dout.o [1]
  .rodata                const    0x0808ff28    0x200  ap_engine.o [1]
  .rodata                const    0x08090128    0x1f0  ap_dv.o [1]
  .rodata                const    0x08090318    0x1c4  ap_can.o [1]
  .rodata                const    0x080904dc    0x120  stf4_bsp_rom.o [1]
  .rodata                const    0x080905fc    0x118  stf4_bsp_mcu.o [1]
  .rodata                const    0x08090714    0x108  stf4_bsp_din.o [1]
  .rodata                const    0x0809081c    0x100  ap_eeprom_bsp.o [1]
  .rodata                const    0x0809091c     0xa0  stf4_bsp_com.o [1]
  .rodata                const    0x080909bc     0x90  stf4_bsp_fin.o [1]
  .rodata                const    0x08090a4c     0x88  stf4_iic.o [1]
  .rodata                const    0x08090ad4     0x54  stf4_bsp_adc.o [1]
  .rodata                const    0x08090b28     0x50  hw_nvm.o [1]
  .rodata                const    0x08090b78     0x48  hw_io.o [1]
  .rodata                const    0x08090bc0     0x40  ap_bservice.o [1]
  .rodata                const    0x08090c00     0x40  ap_hwt.o [1]
  .text                  ro code  0x08090c40     0x40  zero_init3.o [6]
  .rodata                const    0x08090c80     0x34  ap_version.o [1]
  .rodata                const    0x08090cb4     0x30  ap_tasks.o [1]
  .rodata                const    0x08090ce4     0x30  stf4_bsp_nvm.o [1]
  .rodata                const    0x08090d14     0x30  stf4_bsp_nvm.o [1]
  .rodata                const    0x08090d44     0x2c  ap_bsp.o [1]
  .rodata                const    0x08090d70     0x2c  ap_bsp.o [1]
  .rodata                const    0x08090d9c     0x28  stf4_bsp_nvm.o [1]
  .rodata                const    0x08090dc4     0x24  ap.o [1]
  .rodata                const    0x08090de8     0x24  ap_bservice_CAN04.o [1]
  .rodata                const    0x08090e0c     0x24  ap_bsp.o [1]
  .rodata                const    0x08090e30     0x24  stf4_bsp_din.o [1]
  .rodata                const    0x08090e54     0x24  stf4_bsp_nvm.o [1]
  .rodata                const    0x08090e78     0x24  stf4_bsp_nvm.o [1]
  .rodata                const    0x08090e9c     0x24  stf4_bsp_nvm.o [1]
  .iar.init_table        const    0x08090ec0     0x24  - Linker created -
  .rodata                const    0x08090ee4     0x20  ap_bsp.o [1]
  .rodata                const    0x08090f04     0x20  ap_bsp.o [1]
  .rodata                const    0x08090f24     0x20  stf4_bsp_adc.o [1]
  .rodata                const    0x08090f44     0x20  stf4_bsp_pwm.o [1]
  .text                  ro code  0x08090f64     0x20  cmain_call_ctors.o [6]
  .text                  ro code  0x08090f84     0x18  cppinit.o [3]
  .rodata                const    0x08090f9c     0x1c  stf4_bsp_dout.o [1]
  .rodata                const    0x08090fb8     0x1c  stf4_bsp_mcu.o [1]
  .rodata                const    0x08090fd4     0x18  ap_eeprom.o [1]
  .rodata                const    0x08090fec     0x18  stf4_bsp_mcu.o [1]
  .rodata                const    0x08091004     0x18  stf4_bsp_nvm.o [1]
  .rodata                const    0x0809101c     0x18  stf4_bsp_sdata.o [1]
  .rodata                const    0x08091034     0x18  stf4_timer.o [1]
  .rodata                const    0x0809104c     0x14  ap_bsp.o [1]
  .rodata                const    0x08091060     0x14  ap_bsp.o [1]
  .rodata                const    0x08091074     0x14  ap_main.o [1]
  .rodata                const    0x08091088     0x14  stf4_bsp_nvm.o [1]
  .rodata                const    0x0809109c     0x14  stf4_bsp_sdata.o [1]
  .rodata                const    0x080910b0     0x14  stm32f4xx_gpio.o [1]
  .rodata                const    0x080910c4     0x14  stm32f4xx_usart.o [1]
  .rodata                const    0x080910d8     0x10  ap_bsp.o [1]
  .rodata                const    0x080910e8     0x10  ap_deluxeG55.o [1]
  .rodata                const    0x080910f8     0x10  ap_eeprom.o [1]
  .rodata                const    0x08091108     0x10  cancipher.o [1]
  .rodata                const    0x08091118     0x10  stf4_bsp_fin.o [1]
  .rodata                const    0x08091128     0x10  stf4_bsp_mcu.o [1]
  .rodata                const    0x08091138     0x10  stf4_bsp_nvm.o [1]
  .rodata                const    0x08091148     0x10  stf4_bsp_sdata.o [1]
  .rodata                const    0x08091158     0x10  stm32f4xx_adc.o [1]
  .rodata                const    0x08091168     0x10  stm32f4xx_can.o [1]
  .rodata                const    0x08091178     0x10  stm32f4xx_dma.o [1]
  .rodata                const    0x08091188     0x10  stm32f4xx_i2c.o [1]
  .rodata                const    0x08091198     0x10  stm32f4xx_pwr.o [1]
  .rodata                const    0x080911a8     0x10  stm32f4xx_rcc.o [1]
  .rodata                const    0x080911b8     0x10  stm32f4xx_rtc.o [1]
  .rodata                const    0x080911c8     0x10  stm32f4xx_tim.o [1]
  .rodata                const    0x080911d8      0xc  ap_bsp.o [1]
  .rodata                const    0x080911e4      0xc  ap_bsp.o [1]
  .rodata                const    0x080911f0      0xc  ap_main.o [1]
  .rodata                const    0x080911fc      0xc  hw_pwm.o [1]
  .rodata                const    0x08091208      0xc  stf4_bsp_sdata.o [1]
  .rodata                const    0x08091214      0xc  stf4_bsp_sdata.o [1]
  .rodata                const    0x08091220      0x8  stf4_bsp_can.o [1]
  .rodata                const    0x08091228      0x8  stf4_bsp_nvm.o [1]
  .rodata                const    0x08091230      0x4  ap_eeprom.o [1]
  .rodata                const    0x08091234      0x4  ap_eeprom.o [1]
  .rodata                const    0x08091238      0x4  MX_Gtwy_Control.o [1]
  .rodata                const    0x0809123c      0x4  stf4_bsp_ecuid.o [1]
  .rodata                const    0x08091240      0x4  stf4_bsp_pwm.o [1]
  .rodata                const    0x08091244      0x4  stf4_bsp_pwm.o [1]
  SHT$$PREINIT_ARRAY              0x08091248      0x0  <Block>
  SHT$$INIT_ARRAY                 0x08091248      0x4  <Block>
    .init_array          const    0x08091248      0x4  cancipher.o [1]
  __iar_tls$$INIT_ARRAY           0x0809124c      0x0  <Block>
  .rodata                const    0x0809124c      0x0  zero_init3.o [6]
  .rodata                const    0x0809124c      0x0  lz77_init_single.o [6]
  Initializer bytes      const    0x0809124c     0xf3  <for P2-1>
                                - 0x0809133f  0x512ff

"A0":                                             0x4
  .checksum              const    0x080ffffc      0x4  iar_stf4_cstartup.o [1]
                                - 0x08100000      0x4

"A2":                                           0x100
  SDATA                           0x10000000    0x100  <Block>
    SDATA                uninit   0x10000000    0x100  <Block tail>
                                - 0x10000100    0x100

"A4":                                          0x1000
  CSTACK                          0x1000f000   0x1000  <Block>
    CSTACK               uninit   0x1000f000   0x1000  <Block tail>
                                - 0x10010000   0x1000

"A3":                                           0x440
  RAMVEC                          0x20000000    0x440  <Block>
    RAMVEC               uninit   0x20000000    0x440  <Block tail>
                                - 0x20000440    0x440

"P2", part 1 of 2:                              0x1aa
  P2-1                            0x20000440    0x1aa  <Init block>
    .data                inited   0x20000440      0x4  ap_bservice.o [1]
    .data                inited   0x20000444      0x4  ap_dv.o [1]
    .data                inited   0x20000448      0x4  stf4_bsp_clock.o [1]
    .data                inited   0x2000044c      0x4  stf4_bsp_clock.o [1]
    .data                inited   0x20000450     0x20  stf4_bsp_nvm.o [1]
    .data                inited   0x20000470    0x154  stf4_bsp_pwm.o [1]
    .data                inited   0x200005c4     0x10  stm32f4xx_rcc.o [1]
    .data                inited   0x200005d4      0x8  rand.o [3]
    .data                inited   0x200005dc      0x2  ap_bservice_CAN04.o [1]
    .data                inited   0x200005de      0x2  ap_deluxeG55.o [1]
    .data                inited   0x200005e0      0x1  ap_bservice_CAN04.o [1]
    .data                inited   0x200005e1      0x1  ap_deluxeG55.o [1]
    .data                inited   0x200005e2      0x1  ap_deluxeG55.o [1]
    .data                inited   0x200005e3      0x1  ap_keylessentry.o [1]
    .data                inited   0x200005e4      0x1  ap_keylessentry.o [1]
    .data                inited   0x200005e5      0x1  ap_main.o [1]
    .data                inited   0x200005e6      0x1  hw_mcu.o [1]
    .data                inited   0x200005e7      0x1  hw_mcu.o [1]
    .data                inited   0x200005e8      0x1  hw_mcu.o [1]
    .data                inited   0x200005e9      0x1  hw_mcu.o [1]
                                - 0x200005ea    0x1aa

"P2", part 2 of 2:                             0x7110
  .bss                   zero     0x200005ec   0x2000  stf4_bsp_nvm.o [1]
  .bss                   zero     0x200025ec    0xa10  ap_eeprom.o [1]
  .bss                   zero     0x20002ffc    0x3fc  MX_Gtwy_Control.o [1]
  .bss                   zero     0x200033f8    0x3a8  stf4_bsp_adc.o [1]
  .bss                   zero     0x200037a0    0x300  stf4_bsp_can.o [1]
  .bss                   zero     0x20003aa0    0x300  stf4_bsp_can.o [1]
  .bss                   zero     0x20003da0    0x300  stf4_bsp_can.o [1]
  .bss                   zero     0x200040a0    0x300  stf4_bsp_can.o [1]
  .bss                   zero     0x200043a0    0x260  MX_Gtwy_Control.o [1]
  .bss                   zero     0x20004600    0x240  hw_can.o [1]
  .bss                   zero     0x20004840    0x200  stf4_bsp_com.o [1]
  .bss                   zero     0x20004a40    0x1f4  ap_gateway.o [1]
  .bss                   zero     0x20004c34    0x174  ap_deluxeG5.o [1]
  .bss                   zero     0x20004da8    0x174  ap_engine.o [1]
  .bss                   zero     0x20004f1c    0x100  ap_bsp.o [1]
  .bss                   zero     0x2000501c    0x100  stf4_bsp_com.o [1]
  .bss                   zero     0x2000511c    0x100  stf4_bsp_com.o [1]
  .bss                   zero     0x2000521c    0x100  stf4_bsp_com.o [1]
  .bss                   zero     0x2000531c    0x100  stf4_bsp_fin.o [1]
  .bss                   zero     0x2000541c    0x100  stf4_bsp_nvm.o [1]
  .bss                   zero     0x2000551c     0xa0  ap.o [1]
  .bss                   zero     0x200055bc     0xa0  ap_bservice_CAN04.o [1]
  .bss                   zero     0x2000565c     0xa0  ap_eeprom.o [1]
  .bss                   zero     0x200056fc     0x84  MX_Gtwy_Control.o [1]
  .bss                   zero     0x20005780     0x84  rand.o [3]
  .bss                   zero     0x20005804     0x78  ap.o [1]
  .bss                   zero     0x2000587c     0x64  ap_can.o [1]
  .bss                   zero     0x200058e0     0x64  ap_can.o [1]
  .bss                   zero     0x20005944     0x64  ap_can.o [1]
  .bss                   zero     0x200059a8     0x64  ap_deluxeG5.o [1]
  .bss                   zero     0x20005a0c     0x64  ap_dv.o [1]
  .bss                   zero     0x20005a70     0x60  ap_bservice.o [1]
  .bss                   zero     0x20005ad0     0x60  ap_gateway.o [1]
  .bss                   zero     0x20005b30     0x60  stf4_bsp_can.o [1]
  .bss                   zero     0x20005b90     0x60  stf4_bsp_com.o [1]
  .bss                   zero     0x20005bf0     0x50  ap_bservice_CAN04.o [1]
  .bss                   zero     0x20005c40     0x44  stf4_bsp_pwm.o [1]
  .bss                   zero     0x20005c84     0x44  stf4_bsp_pwm.o [1]
  .bss                   zero     0x20005cc8     0x40  ap.o [1]
  .bss                   zero     0x20005d08     0x40  stf4_bsp_nvm.o [1]
  .bss                   zero     0x20005d48     0x30  ap.o [1]
  .bss                   zero     0x20005d78     0x30  ap.o [1]
  .bss                   zero     0x20005da8     0x30  ap_bservice_CAN04.o [1]
  .bss                   zero     0x20005dd8     0x30  ap_bservice_CANOpen.o [1]
  .bss                   zero     0x20005e08     0x30  ap_bservice_CANOpen.o [1]
  .bss                   zero     0x20005e38     0x30  ap_bservice_CANOpen.o [1]
  .bss                   zero     0x20005e68     0x30  ap_bservice_CANStd.o [1]
  .bss                   zero     0x20005e98     0x30  ap_bservice_CANStd.o [1]
  .bss                   zero     0x20005ec8     0x30  ap_bservice_CANStd.o [1]
  .bss                   zero     0x20005ef8     0x30  ap_bservice_CANStd.o [1]
  .bss                   zero     0x20005f28     0x30  ap_bservice_CANStd.o [1]
  .bss                   zero     0x20005f58     0x30  ap_bservice_CANStd.o [1]
  .bss                   zero     0x20005f88     0x30  ap_bservice_CANStd.o [1]
  .bss                   zero     0x20005fb8     0x30  ap_bservice_CANStd.o [1]
  .bss                   zero     0x20005fe8     0x30  ap_bservice_CANStd.o [1]
  .bss                   zero     0x20006018     0x30  ap_can.o [1]
  .bss                   zero     0x20006048     0x30  ap_can.o [1]
  .bss                   zero     0x20006078     0x30  ap_can.o [1]
  .bss                   zero     0x200060a8     0x30  ap_can.o [1]
  .bss                   zero     0x200060d8     0x30  ap_can.o [1]
  .bss                   zero     0x20006108     0x30  ap_can.o [1]
  .bss                   zero     0x20006138     0x30  ap_can.o [1]
  .bss                   zero     0x20006168     0x30  ap_can.o [1]
  .bss                   zero     0x20006198     0x30  ap_can.o [1]
  .bss                   zero     0x200061c8     0x30  ap_can.o [1]
  .bss                   zero     0x200061f8     0x30  ap_can.o [1]
  .bss                   zero     0x20006228     0x30  ap_can.o [1]
  .bss                   zero     0x20006258     0x30  ap_can.o [1]
  .bss                   zero     0x20006288     0x30  ap_can.o [1]
  .bss                   zero     0x200062b8     0x30  ap_deluxeG5.o [1]
  .bss                   zero     0x200062e8     0x30  ap_deluxeG5.o [1]
  .bss                   zero     0x20006318     0x30  ap_deluxeG5.o [1]
  .bss                   zero     0x20006348     0x30  ap_deluxeG5.o [1]
  .bss                   zero     0x20006378     0x30  ap_deluxeG5.o [1]
  .bss                   zero     0x200063a8     0x30  ap_deluxeG5.o [1]
  .bss                   zero     0x200063d8     0x30  ap_deluxeG5.o [1]
  .bss                   zero     0x20006408     0x30  ap_deluxeG5.o [1]
  .bss                   zero     0x20006438     0x30  ap_deluxeG55.o [1]
  .bss                   zero     0x20006468     0x30  ap_deluxeG55.o [1]
  .bss                   zero     0x20006498     0x30  ap_deluxeG55.o [1]
  .bss                   zero     0x200064c8     0x30  ap_deluxeG55.o [1]
  .bss                   zero     0x200064f8     0x30  ap_engine.o [1]
  .bss                   zero     0x20006528     0x30  ap_engine.o [1]
  .bss                   zero     0x20006558     0x30  ap_engine.o [1]
  .bss                   zero     0x20006588     0x30  ap_engine.o [1]
  .bss                   zero     0x200065b8     0x30  ap_engine.o [1]
  .bss                   zero     0x200065e8     0x30  ap_engine.o [1]
  .bss                   zero     0x20006618     0x30  ap_engine.o [1]
  .bss                   zero     0x20006648     0x30  ap_engine.o [1]
  .bss                   zero     0x20006678     0x30  ap_engine.o [1]
  .bss                   zero     0x200066a8     0x30  ap_keylessentry.o [1]
  .bss                   zero     0x200066d8     0x30  ap_keylessentry.o [1]
  .bss                   zero     0x20006708     0x30  ap_keylessstart.o [1]
  .bss                   zero     0x20006738     0x28  ap.o [1]
  .bss                   zero     0x20006760     0x28  ap_can.o [1]
  .bss                   zero     0x20006788     0x28  ap_can.o [1]
  .bss                   zero     0x200067b0     0x28  ap_can.o [1]
  .bss                   zero     0x200067d8     0x28  ap_can.o [1]
  .bss                   zero     0x20006800     0x28  ap_can.o [1]
  .bss                   zero     0x20006828     0x28  ap_can.o [1]
  .bss                   zero     0x20006850     0x28  ap_can.o [1]
  .bss                   zero     0x20006878     0x28  ap_can.o [1]
  .bss                   zero     0x200068a0     0x28  ap_can.o [1]
  .bss                   zero     0x200068c8     0x28  ap_can.o [1]
  .bss                   zero     0x200068f0     0x28  ap_can.o [1]
  .bss                   zero     0x20006918     0x28  ap_can.o [1]
  .bss                   zero     0x20006940     0x28  ap_can.o [1]
  .bss                   zero     0x20006968     0x28  ap_can.o [1]
  .bss                   zero     0x20006990     0x28  ap_can.o [1]
  .bss                   zero     0x200069b8     0x28  ap_can.o [1]
  .bss                   zero     0x200069e0     0x28  ap_can.o [1]
  .bss                   zero     0x20006a08     0x28  ap_can.o [1]
  .bss                   zero     0x20006a30     0x28  ap_can.o [1]
  .bss                   zero     0x20006a58     0x28  ap_can.o [1]
  .bss                   zero     0x20006a80     0x28  ap_can.o [1]
  .bss                   zero     0x20006aa8     0x28  ap_can.o [1]
  .bss                   zero     0x20006ad0     0x28  ap_can.o [1]
  .bss                   zero     0x20006af8     0x28  ap_can.o [1]
  .bss                   zero     0x20006b20     0x28  ap_can.o [1]
  .bss                   zero     0x20006b48     0x28  ap_can.o [1]
  .bss                   zero     0x20006b70     0x28  ap_can.o [1]
  .bss                   zero     0x20006b98     0x28  ap_deluxeG5.o [1]
  .bss                   zero     0x20006bc0     0x28  ap_deluxeG5.o [1]
  .bss                   zero     0x20006be8     0x28  ap_deluxeG5.o [1]
  .bss                   zero     0x20006c10     0x28  ap_deluxeG5.o [1]
  .bss                   zero     0x20006c38     0x28  ap_deluxeG5.o [1]
  .bss                   zero     0x20006c60     0x28  ap_deluxeG55.o [1]
  .bss                   zero     0x20006c88     0x28  ap_deluxeG55.o [1]
  .bss                   zero     0x20006cb0     0x28  ap_deluxeG55.o [1]
  .bss                   zero     0x20006cd8     0x28  ap_eeprom.o [1]
  .bss                   zero     0x20006d00     0x28  ap_engine.o [1]
  .bss                   zero     0x20006d28     0x28  ap_engine.o [1]
  .bss                   zero     0x20006d50     0x28  ap_engine.o [1]
  .bss                   zero     0x20006d78     0x28  ap_engine.o [1]
  .bss                   zero     0x20006da0     0x28  ap_engine.o [1]
  .bss                   zero     0x20006dc8     0x28  ap_keylessentry.o [1]
  .bss                   zero     0x20006df0     0x28  ap_keylessstart.o [1]
  .bss                   zero     0x20006e18     0x20  ap_bservice.o [1]
  .bss                   zero     0x20006e38     0x20  ap_deluxeG5.o [1]
  .bss                   zero     0x20006e58     0x20  ap_dv.o [1]
  .bss                   zero     0x20006e78     0x20  ap_dv.o [1]
  .bss                   zero     0x20006e98     0x20  ap_dv.o [1]
  .bss                   zero     0x20006eb8     0x20  ap_hwt.o [1]
  .bss                   zero     0x20006ed8     0x20  ap_hwt.o [1]
  .bss                   zero     0x20006ef8     0x20  ap_hwt.o [1]
  .bss                   zero     0x20006f18     0x20  global.o [1]
  .bss                   zero     0x20006f38     0x20  stf4_bsp_nvm.o [1]
  .bss                   zero     0x20006f58     0x20  stf4_bsp_nvm.o [1]
  .bss                   zero     0x20006f78     0x20  stf4_bsp_nvm.o [1]
  .bss                   zero     0x20006f98     0x18  ap_eeprom.o [1]
  .bss                   zero     0x20006fb0     0x18  hw_can.o [1]
  .bss                   zero     0x20006fc8     0x18  stf4_iic.o [1]
  .bss                   zero     0x20006fe0     0x14  ap.o [1]
  .bss                   zero     0x20006ff4     0x14  ap_bservice_CANOpen.o [1]
  .bss                   zero     0x20007008     0x14  ap_can.o [1]
  .bss                   zero     0x2000701c     0x14  stf4_bsp_can.o [1]
  .bss                   zero     0x20007030     0x14  stf4_bsp_can.o [1]
  .bss                   zero     0x20007044     0x14  stf4_bsp_can.o [1]
  .bss                   zero     0x20007058     0x14  stf4_bsp_can.o [1]
  .bss                   zero     0x2000706c     0x14  stf4_bsp_din.o [1]
  .bss                   zero     0x20007080     0x10  ap_bservice_CAN04.o [1]
  .bss                   zero     0x20007090     0x10  ap_deluxeG5.o [1]
  .bss                   zero     0x200070a0     0x10  cancipher.o [1]
  .bss                   zero     0x200070b0     0x10  hw_can.o [1]
  .bss                   zero     0x200070c0     0x10  hw_can.o [1]
  .bss                   zero     0x200070d0     0x10  hw_can.o [1]
  .bss                   zero     0x200070e0     0x10  stf4_bsp_can.o [1]
  .bss                   zero     0x200070f0     0x10  stf4_bsp_can.o [1]
  .bss                   zero     0x20007100     0x10  stf4_bsp_can.o [1]
  .bss                   zero     0x20007110     0x10  stf4_bsp_can.o [1]
  .bss                   zero     0x20007120     0x10  stf4_bsp_dout.o [1]
  .bss                   zero     0x20007130      0xc  ap_bservice_CAN04.o [1]
  .bss                   zero     0x2000713c      0xc  ap_bservice_CAN04.o [1]
  .bss                   zero     0x20007148      0xc  ap_bservice_CANOpen.o [1]
  .bss                   zero     0x20007154      0xc  ap_bservice_CANOpen.o [1]
  .bss                   zero     0x20007160      0xc  ap_bservice_CANStd.o [1]
  .bss                   zero     0x2000716c      0xc  ap_bservice_CANStd.o [1]
  .bss                   zero     0x20007178      0xc  ap_can.o [1]
  .bss                   zero     0x20007184      0xc  ap_can.o [1]
  .bss                   zero     0x20007190      0xc  ap_deluxeG5.o [1]
  .bss                   zero     0x2000719c      0xc  ap_keylessentry.o [1]
  .bss                   zero     0x200071a8      0xc  stf4_bsp_ecuid.o [1]
  .bss                   zero     0x200071b4      0x8  ap_bservice_CANOpen.o [1]
  .bss                   zero     0x200071bc      0x8  ap_bservice_CANStd.o [1]
  .bss                   zero     0x200071c4      0x8  ap_bservice_CANStd.o [1]
  .bss                   zero     0x200071cc      0x8  ap_bservice_CANStd.o [1]
  .bss                   zero     0x200071d4      0x8  ap_bservice_CANStd.o [1]
  .bss                   zero     0x200071dc      0x8  ap_bservice_CANStd.o [1]
  .bss                   zero     0x200071e4      0x8  ap_bservice_CANStd.o [1]
  .bss                   zero     0x200071ec      0x8  ap_bservice_CANStd.o [1]
  .bss                   zero     0x200071f4      0x8  ap_bservice_CANStd.o [1]
  .bss                   zero     0x200071fc      0x8  ap_can.o [1]
  .bss                   zero     0x20007204      0x8  ap_can.o [1]
  .bss                   zero     0x2000720c      0x8  ap_deluxeG5.o [1]
  .bss                   zero     0x20007214      0x8  global.o [1]
  .bss                   zero     0x2000721c      0x8  global.o [1]
  .bss                   zero     0x20007224      0x8  global.o [1]
  .bss                   zero     0x2000722c      0x8  global.o [1]
  .bss                   zero     0x20007234      0x8  global.o [1]
  .bss                   zero     0x2000723c      0x8  global.o [1]
  .bss                   zero     0x20007244      0x8  global.o [1]
  .bss                   zero     0x2000724c      0x8  global.o [1]
  .bss                   zero     0x20007254      0x8  global.o [1]
  .bss                   zero     0x2000725c      0x8  hw_can.o [1]
  .bss                   zero     0x20007264      0x8  hw_dio.o [1]
  .bss                   zero     0x20007270      0x8  MX_Gtwy_Control.o [1]
  .bss                   zero     0x20007278      0x8  nvm_ecuid.o [1]
  .bss                   zero     0x20007280      0x4  ap_bservice_CAN04.o [1]
  .bss                   zero     0x20007284      0x4  ap_bservice_CANOpen.o [1]
  .bss                   zero     0x20007288      0x4  ap_bservice_CANOpen.o [1]
  .bss                   zero     0x2000728c      0x4  ap_bservice_dv.o [1]
  .bss                   zero     0x20007290      0x4  ap_bsp.o [1]
  .bss                   zero     0x20007294      0x4  ap_bsp.o [1]
  .bss                   zero     0x20007298      0x4  ap_cdata.o [1]
  .bss                   zero     0x2000729c      0x4  ap_cdata.o [1]
  .bss                   zero     0x200072a0      0x4  ap_cdata.o [1]
  .bss                   zero     0x200072a4      0x4  ap_cdata.o [1]
  .bss                   zero     0x200072a8      0x4  ap_cdata.o [1]
  .bss                   zero     0x200072ac      0x4  ap_cdata.o [1]
  .bss                   zero     0x200072b0      0x4  ap_cdata.o [1]
  .bss                   zero     0x200072b4      0x4  ap_cdata.o [1]
  .bss                   zero     0x200072b8      0x4  ap_cdata.o [1]
  .bss                   zero     0x200072bc      0x4  ap_cdata.o [1]
  .bss                   zero     0x200072c0      0x4  ap_cdata.o [1]
  .bss                   zero     0x200072c4      0x4  ap_cdata.o [1]
  .bss                   zero     0x200072c8      0x4  ap_cdata.o [1]
  .bss                   zero     0x200072cc      0x4  ap_cdata.o [1]
  .bss                   zero     0x200072d0      0x4  ap_cdata.o [1]
  .bss                   zero     0x200072d4      0x4  ap_cdata.o [1]
  .bss                   zero     0x200072d8      0x4  ap_cdata.o [1]
  .bss                   zero     0x200072dc      0x4  ap_cdata.o [1]
  .bss                   zero     0x200072e0      0x4  ap_cdata.o [1]
  .bss                   zero     0x200072e4      0x4  ap_cdata.o [1]
  .bss                   zero     0x200072e8      0x4  ap_cdata.o [1]
  .bss                   zero     0x200072ec      0x4  ap_cdata.o [1]
  .bss                   zero     0x200072f0      0x4  ap_cdata.o [1]
  .bss                   zero     0x200072f4      0x4  ap_cdata.o [1]
  .bss                   zero     0x200072f8      0x4  ap_cdata.o [1]
  .bss                   zero     0x200072fc      0x4  ap_cdata.o [1]
  .bss                   zero     0x20007300      0x4  ap_cdata.o [1]
  .bss                   zero     0x20007304      0x4  ap_cdata.o [1]
  .bss                   zero     0x20007308      0x4  ap_cdata.o [1]
  .bss                   zero     0x2000730c      0x4  ap_cdata.o [1]
  .bss                   zero     0x20007310      0x4  ap_cdata.o [1]
  .bss                   zero     0x20007314      0x4  ap_cdata.o [1]
  .bss                   zero     0x20007318      0x4  ap_cdata.o [1]
  .bss                   zero     0x2000731c      0x4  ap_cdata.o [1]
  .bss                   zero     0x20007320      0x4  ap_cdata.o [1]
  .bss                   zero     0x20007324      0x4  ap_cdata.o [1]
  .bss                   zero     0x20007328      0x4  ap_cdata.o [1]
  .bss                   zero     0x2000732c      0x4  ap_cdata.o [1]
  .bss                   zero     0x20007330      0x4  ap_cdata.o [1]
  .bss                   zero     0x20007334      0x4  ap_cdata.o [1]
  .bss                   zero     0x20007338      0x4  ap_cdata.o [1]
  .bss                   zero     0x2000733c      0x4  ap_cdata.o [1]
  .bss                   zero     0x20007340      0x4  ap_cdata.o [1]
  .bss                   zero     0x20007344      0x4  ap_cdata.o [1]
  .bss                   zero     0x20007348      0x4  ap_cdata.o [1]
  .bss                   zero     0x2000734c      0x4  ap_cdata.o [1]
  .bss                   zero     0x20007350      0x4  ap_cdata.o [1]
  .bss                   zero     0x20007354      0x4  ap_cdata.o [1]
  .bss                   zero     0x20007358      0x4  ap_cdata.o [1]
  .bss                   zero     0x2000735c      0x4  ap_cdata.o [1]
  .bss                   zero     0x20007360      0x4  ap_cdata.o [1]
  .bss                   zero     0x20007364      0x4  ap_cdata.o [1]
  .bss                   zero     0x20007368      0x4  ap_cdata.o [1]
  .bss                   zero     0x2000736c      0x4  ap_cdata.o [1]
  .bss                   zero     0x20007370      0x4  ap_cdata.o [1]
  .bss                   zero     0x20007374      0x4  ap_cdata.o [1]
  .bss                   zero     0x20007378      0x4  ap_cdata.o [1]
  .bss                   zero     0x2000737c      0x4  ap_cdata.o [1]
  .bss                   zero     0x20007380      0x4  ap_cdata.o [1]
  .bss                   zero     0x20007384      0x4  ap_cdata.o [1]
  .bss                   zero     0x20007388      0x4  ap_cdata.o [1]
  .bss                   zero     0x2000738c      0x4  ap_cdata.o [1]
  .bss                   zero     0x20007390      0x4  ap_cdata.o [1]
  .bss                   zero     0x20007394      0x4  ap_cdata.o [1]
  .bss                   zero     0x20007398      0x4  ap_cdata.o [1]
  .bss                   zero     0x2000739c      0x4  ap_cdata.o [1]
  .bss                   zero     0x200073a0      0x4  ap_cdata.o [1]
  .bss                   zero     0x200073a4      0x4  ap_cdata.o [1]
  .bss                   zero     0x200073a8      0x4  ap_cdata.o [1]
  .bss                   zero     0x200073ac      0x4  ap_deluxeG55.o [1]
  .bss                   zero     0x200073b0      0x4  ap_deluxeG55.o [1]
  .bss                   zero     0x200073b4      0x4  ap_eeprom.o [1]
  .bss                   zero     0x200073b8      0x4  ap_eeprom.o [1]
  .bss                   zero     0x200073bc      0x4  ap_gateway.o [1]
  .bss                   zero     0x200073c0      0x4  ap_keylessentry.o [1]
  .bss                   zero     0x200073c4      0x4  ap_subs.o [1]
  .bss                   zero     0x200073c8      0x4  ap_subs.o [1]
  .bss                   zero     0x200073cc      0x4  global.o [1]
  .bss                   zero     0x200073d0      0x4  global.o [1]
  .bss                   zero     0x200073d4      0x4  global.o [1]
  .bss                   zero     0x200073d8      0x4  global.o [1]
  .bss                   zero     0x200073dc      0x4  global.o [1]
  .bss                   zero     0x200073e0      0x4  global.o [1]
  .bss                   zero     0x200073e4      0x4  global.o [1]
  .bss                   zero     0x200073e8      0x4  hw_can_txq.o [1]
  .bss                   zero     0x200073ec      0x4  hw_can_txq.o [1]
  .bss                   zero     0x200073f0      0x4  hw_dio.o [1]
  .bss                   zero     0x200073f4      0x4  hw_fin.o [1]
  .bss                   zero     0x200073f8      0x4  hw_mcu.o [1]
  .bss                   zero     0x200073fc      0x4  stf4_bsp_clock.o [1]
  .bss                   zero     0x20007400      0x4  stf4_bsp_clock.o [1]
  .bss                   zero     0x20007404      0x4  stf4_bsp_clock.o [1]
  .bss                   zero     0x20007408      0x4  stf4_bsp_clock.o [1]
  .bss                   zero     0x2000740c      0x4  stf4_bsp_mcu.o [1]
  .bss                   zero     0x20007410      0x4  stf4_bsp_mcu.o [1]
  .bss                   zero     0x20007414      0x4  stf4_bsp_mcu.o [1]
  .bss                   zero     0x20007418      0x4  stf4_bsp_mcu.o [1]
  .bss                   zero     0x2000741c      0x4  stf4_bsp_mcu.o [1]
  .bss                   zero     0x20007420      0x4  stf4_bsp_mcu.o [1]
  .bss                   zero     0x20007424      0x4  stf4_bsp_mcu.o [1]
  .bss                   zero     0x20007428      0x4  stf4_bsp_mcu.o [1]
  .bss                   zero     0x2000742c      0x4  stf4_bsp_mcu.o [1]
  .bss                   zero     0x20007430      0x4  stf4_bsp_mcu.o [1]
  .bss                   zero     0x20007434      0x4  stf4_bsp_rtc.o [1]
  .bss                   zero     0x20007438      0x4  stf4_bsp_rtc.o [1]
  .bss                   zero     0x2000743c      0x4  stf4_bsp_sdata.o [1]
  .bss                   zero     0x20007440      0x4  stf4_bsp_sdata.o [1]
  .bss                   zero     0x20007444      0x4  stf4_vectors.o [1]
  .bss                   zero     0x20007448      0x4  stf4_vectors.o [1]
  .bss                   zero     0x2000744c      0x4  xfail_s.o [3]
  .bss                   zero     0x20007450      0x2  ap_bservice_CAN04.o [1]
  .bss                   zero     0x20007452      0x2  ap_bservice_CAN04.o [1]
  .bss                   zero     0x20007454      0x2  ap_bservice_CAN04.o [1]
  .bss                   zero     0x20007456      0x2  ap_bservice_CANOpen.o [1]
  .bss                   zero     0x20007458      0x2  ap_bservice_CANOpen.o [1]
  .bss                   zero     0x2000745a      0x2  ap_bservice_CANOpen.o [1]
  .bss                   zero     0x2000745c      0x2  ap_bservice_CANOpen.o [1]
  .bss                   zero     0x2000745e      0x2  ap_bservice_CANOpen.o [1]
  .bss                   zero     0x20007460      0x2  ap_bservice_CANOpen.o [1]
  .bss                   zero     0x20007462      0x2  ap_bservice_CANStd.o [1]
  .bss                   zero     0x20007464      0x2  ap_bservice_CANStd.o [1]
  .bss                   zero     0x20007466      0x2  ap_bservice_prog.o [1]
  .bss                   zero     0x20007468      0x2  ap_can.o [1]
  .bss                   zero     0x2000746a      0x2  ap_deluxeG5.o [1]
  .bss                   zero     0x2000746c      0x2  ap_deluxeG55.o [1]
  .bss                   zero     0x2000746e      0x2  ap_deluxeG55.o [1]
  .bss                   zero     0x20007470      0x2  ap_dv.o [1]
  .bss                   zero     0x20007472      0x2  ap_dv.o [1]
  .bss                   zero     0x20007474      0x2  ap_dv.o [1]
  .bss                   zero     0x20007476      0x2  ap_dv.o [1]
  .bss                   zero     0x20007478      0x2  ap_dv.o [1]
  .bss                   zero     0x2000747a      0x2  ap_dv.o [1]
  .bss                   zero     0x2000747c      0x2  ap_eeprom.o [1]
  .bss                   zero     0x2000747e      0x2  ap_eeprom.o [1]
  .bss                   zero     0x20007480      0x2  ap_eeprom.o [1]
  .bss                   zero     0x20007482      0x2  ap_eeprom.o [1]
  .bss                   zero     0x20007484      0x2  ap_engine.o [1]
  .bss                   zero     0x20007486      0x2  ap_hwt.o [1]
  .bss                   zero     0x20007488      0x2  ap_hwt.o [1]
  .bss                   zero     0x2000748a      0x2  ap_hwt.o [1]
  .bss                   zero     0x2000748c      0x2  ap_hwt.o [1]
  .bss                   zero     0x2000748e      0x2  ap_hwt.o [1]
  .bss                   zero     0x20007490      0x2  ap_keylessentry.o [1]
  .bss                   zero     0x20007492      0x2  ap_main.o [1]
  .bss                   zero     0x20007494      0x2  ap_main.o [1]
  .bss                   zero     0x20007496      0x2  ap_main.o [1]
  .bss                   zero     0x20007498      0x2  ap_main.o [1]
  .bss                   zero     0x2000749a      0x2  ap_main.o [1]
  .bss                   zero     0x2000749c      0x2  ap_main.o [1]
  .bss                   zero     0x2000749e      0x2  ap_main.o [1]
  .bss                   zero     0x200074a0      0x2  ap_main.o [1]
  .bss                   zero     0x200074a2      0x2  ap_main.o [1]
  .bss                   zero     0x200074a4      0x2  ap_subs.o [1]
  .bss                   zero     0x200074a6      0x2  ap_subs.o [1]
  .bss                   zero     0x200074a8      0x2  ap_subs.o [1]
  .bss                   zero     0x200074aa      0x2  global.o [1]
  .bss                   zero     0x200074ac      0x2  global.o [1]
  .bss                   zero     0x200074ae      0x2  global.o [1]
  .bss                   zero     0x200074b0      0x2  global.o [1]
  .bss                   zero     0x200074b2      0x2  global.o [1]
  .bss                   zero     0x200074b4      0x2  global.o [1]
  .bss                   zero     0x200074b6      0x2  global.o [1]
  .bss                   zero     0x200074b8      0x2  global.o [1]
  .bss                   zero     0x200074ba      0x2  global.o [1]
  .bss                   zero     0x200074bc      0x2  global.o [1]
  .bss                   zero     0x200074be      0x2  global.o [1]
  .bss                   zero     0x200074c0      0x2  global.o [1]
  .bss                   zero     0x200074c2      0x2  global.o [1]
  .bss                   zero     0x200074c4      0x2  global.o [1]
  .bss                   zero     0x200074c6      0x2  global.o [1]
  .bss                   zero     0x200074c8      0x2  global.o [1]
  .bss                   zero     0x200074ca      0x2  global.o [1]
  .bss                   zero     0x200074cc      0x2  global.o [1]
  .bss                   zero     0x200074ce      0x2  global.o [1]
  .bss                   zero     0x200074d0      0x2  global.o [1]
  .bss                   zero     0x200074d2      0x2  global.o [1]
  .bss                   zero     0x200074d4      0x2  global.o [1]
  .bss                   zero     0x200074d6      0x2  global.o [1]
  .bss                   zero     0x200074d8      0x2  global.o [1]
  .bss                   zero     0x200074da      0x2  global.o [1]
  .bss                   zero     0x200074dc      0x2  global.o [1]
  .bss                   zero     0x200074de      0x2  global.o [1]
  .bss                   zero     0x200074e0      0x2  global.o [1]
  .bss                   zero     0x200074e2      0x2  global.o [1]
  .bss                   zero     0x200074e4      0x2  global.o [1]
  .bss                   zero     0x200074e6      0x2  global.o [1]
  .bss                   zero     0x200074e8      0x2  global.o [1]
  .bss                   zero     0x200074ea      0x2  global.o [1]
  .bss                   zero     0x200074ec      0x2  global.o [1]
  .bss                   zero     0x200074ee      0x2  global.o [1]
  .bss                   zero     0x200074f0      0x2  global.o [1]
  .bss                   zero     0x200074f2      0x2  global.o [1]
  .bss                   zero     0x200074f4      0x2  global.o [1]
  .bss                   zero     0x200074f6      0x2  global.o [1]
  .bss                   zero     0x200074f8      0x2  global.o [1]
  .bss                   zero     0x200074fa      0x2  global.o [1]
  .bss                   zero     0x200074fc      0x2  global.o [1]
  .bss                   zero     0x200074fe      0x2  global.o [1]
  .bss                   zero     0x20007500      0x2  global.o [1]
  .bss                   zero     0x20007502      0x2  global.o [1]
  .bss                   zero     0x20007504      0x2  global.o [1]
  .bss                   zero     0x20007506      0x2  global.o [1]
  .bss                   zero     0x20007508      0x2  global.o [1]
  .bss                   zero     0x2000750a      0x2  global.o [1]
  .bss                   zero     0x2000750c      0x2  global.o [1]
  .bss                   zero     0x2000750e      0x2  global.o [1]
  .bss                   zero     0x20007510      0x2  global.o [1]
  .bss                   zero     0x20007512      0x2  global.o [1]
  .bss                   zero     0x20007514      0x2  global.o [1]
  .bss                   zero     0x20007516      0x2  global.o [1]
  .bss                   zero     0x20007518      0x2  global.o [1]
  .bss                   zero     0x2000751a      0x2  hw_can_txq.o [1]
  .bss                   zero     0x2000751c      0x2  hw_io.o [1]
  .bss                   zero     0x2000751e      0x2  hw_nvm.o [1]
  .bss                   zero     0x20007520      0x2  hw_nvm.o [1]
  .bss                   zero     0x20007522      0x2  MX_Gtwy_Control.o [1]
  .bss                   zero     0x20007524      0x2  MX_Gtwy_Control.o [1]
  .bss                   zero     0x20007526      0x2  MX_Gtwy_Control.o [1]
  .bss                   zero     0x20007528      0x2  MX_Gtwy_Control.o [1]
  .bss                   zero     0x2000752a      0x2  MX_Gtwy_Control.o [1]
  .bss                   zero     0x2000752c      0x2  MX_Gtwy_Control.o [1]
  .bss                   zero     0x2000752e      0x2  MX_Gtwy_Control.o [1]
  .bss                   zero     0x20007530      0x2  MX_Gtwy_Control.o [1]
  .bss                   zero     0x20007532      0x2  MX_Gtwy_Control.o [1]
  .bss                   zero     0x20007534      0x2  MX_Gtwy_Control.o [1]
  .bss                   zero     0x20007536      0x2  MX_Gtwy_Control.o [1]
  .bss                   zero     0x20007538      0x2  MX_Gtwy_Control.o [1]
  .bss                   zero     0x2000753a      0x2  MX_Gtwy_Control.o [1]
  .bss                   zero     0x2000753c      0x2  MX_Gtwy_Control.o [1]
  .bss                   zero     0x2000753e      0x2  MX_Gtwy_Control.o [1]
  .bss                   zero     0x20007540      0x2  MX_Gtwy_Control.o [1]
  .bss                   zero     0x20007542      0x2  MX_Gtwy_Control.o [1]
  .bss                   zero     0x20007544      0x2  MX_Gtwy_Control.o [1]
  .bss                   zero     0x20007546      0x2  MX_Gtwy_Control.o [1]
  .bss                   zero     0x20007548      0x2  MX_Gtwy_Control.o [1]
  .bss                   zero     0x2000754a      0x2  MX_Gtwy_Control.o [1]
  .bss                   zero     0x2000754c      0x2  MX_Gtwy_Control.o [1]
  .bss                   zero     0x2000754e      0x2  MX_Gtwy_Control.o [1]
  .bss                   zero     0x20007550      0x2  MX_Gtwy_Control.o [1]
  .bss                   zero     0x20007552      0x2  MX_Gtwy_Control.o [1]
  .bss                   zero     0x20007554      0x2  MX_Gtwy_Control.o [1]
  .bss                   zero     0x20007556      0x2  MX_Gtwy_Control.o [1]
  .bss                   zero     0x20007558      0x2  MX_Gtwy_Control.o [1]
  .bss                   zero     0x2000755a      0x2  MX_Gtwy_Control.o [1]
  .bss                   zero     0x2000755c      0x2  MX_Gtwy_Control.o [1]
  .bss                   zero     0x2000755e      0x2  MX_Gtwy_Control.o [1]
  .bss                   zero     0x20007560      0x2  MX_Gtwy_Control.o [1]
  .bss                   zero     0x20007562      0x2  MX_Gtwy_Control.o [1]
  .bss                   zero     0x20007564      0x2  MX_Gtwy_Control.o [1]
  .bss                   zero     0x20007566      0x2  MX_Gtwy_Control.o [1]
  .bss                   zero     0x20007568      0x2  MX_Gtwy_Control.o [1]
  .bss                   zero     0x2000756a      0x2  MX_Gtwy_Control.o [1]
  .bss                   zero     0x2000756c      0x2  MX_Gtwy_Control.o [1]
  .bss                   zero     0x2000756e      0x2  MX_Gtwy_Control.o [1]
  .bss                   zero     0x20007570      0x2  MX_Gtwy_Control.o [1]
  .bss                   zero     0x20007572      0x2  MX_Gtwy_Control.o [1]
  .bss                   zero     0x20007574      0x2  MX_Gtwy_Control.o [1]
  .bss                   zero     0x20007576      0x2  MX_Gtwy_Control.o [1]
  .bss                   zero     0x20007578      0x2  MX_Gtwy_Control.o [1]
  .bss                   zero     0x2000757a      0x2  MX_Gtwy_Control.o [1]
  .bss                   zero     0x2000757c      0x2  MX_Gtwy_Control.o [1]
  .bss                   zero     0x2000757e      0x2  MX_Gtwy_Control.o [1]
  .bss                   zero     0x20007580      0x2  MX_Gtwy_Control.o [1]
  .bss                   zero     0x20007582      0x2  MX_Gtwy_Control.o [1]
  .bss                   zero     0x20007584      0x2  MX_Gtwy_Control.o [1]
  .bss                   zero     0x20007586      0x2  MX_Gtwy_Control.o [1]
  .bss                   zero     0x20007588      0x2  MX_Gtwy_Control.o [1]
  .bss                   zero     0x2000758a      0x2  MX_Gtwy_Control.o [1]
  .bss                   zero     0x2000758c      0x2  MX_Gtwy_Control.o [1]
  .bss                   zero     0x2000758e      0x2  MX_Gtwy_Control.o [1]
  .bss                   zero     0x20007590      0x2  MX_Gtwy_Control.o [1]
  .bss                   zero     0x20007592      0x2  MX_Gtwy_Control.o [1]
  .bss                   zero     0x20007594      0x2  MX_Gtwy_Control.o [1]
  .bss                   zero     0x20007596      0x2  MX_Gtwy_Control.o [1]
  .bss                   zero     0x20007598      0x2  MX_Gtwy_Control.o [1]
  .bss                   zero     0x2000759a      0x2  MX_Gtwy_Control.o [1]
  .bss                   zero     0x2000759c      0x2  MX_Gtwy_Control.o [1]
  .bss                   zero     0x2000759e      0x2  MX_Gtwy_Control.o [1]
  .bss                   zero     0x200075a0      0x2  MX_Gtwy_Control.o [1]
  .bss                   zero     0x200075a2      0x2  SendMsgNow.o [1]
  .bss                   zero     0x200075a4      0x1  ap_bservice.o [1]
  .bss                   zero     0x200075a5      0x1  ap_bservice.o [1]
  .bss                   zero     0x200075a6      0x1  ap_bservice.o [1]
  .bss                   zero     0x200075a7      0x1  ap_bservice_CAN04.o [1]
  .bss                   zero     0x200075a8      0x1  ap_bservice_CAN04.o [1]
  .bss                   zero     0x200075a9      0x1  ap_bservice_CAN04.o [1]
  .bss                   zero     0x200075aa      0x1  ap_bservice_CAN04.o [1]
  .bss                   zero     0x200075ab      0x1  ap_bservice_CAN04.o [1]
  .bss                   zero     0x200075ac      0x1  ap_bservice_CAN04.o [1]
  .bss                   zero     0x200075ad      0x1  ap_bservice_CAN04.o [1]
  .bss                   zero     0x200075ae      0x1  ap_bservice_prog.o [1]
  .bss                   zero     0x200075af      0x1  ap_can.o [1]
  .bss                   zero     0x200075b0      0x1  ap_can.o [1]
  .bss                   zero     0x200075b1      0x1  ap_can.o [1]
  .bss                   zero     0x200075b2      0x1  ap_can.o [1]
  .bss                   zero     0x200075b3      0x1  ap_can.o [1]
  .bss                   zero     0x200075b4      0x1  ap_can.o [1]
  .bss                   zero     0x200075b5      0x1  ap_can.o [1]
  .bss                   zero     0x200075b6      0x1  ap_can.o [1]
  .bss                   zero     0x200075b7      0x1  ap_can.o [1]
  .bss                   zero     0x200075b8      0x1  ap_can.o [1]
  .bss                   zero     0x200075b9      0x1  ap_can.o [1]
  .bss                   zero     0x200075ba      0x1  ap_can.o [1]
  .bss                   zero     0x200075bb      0x1  ap_can.o [1]
  .bss                   zero     0x200075bc      0x1  ap_deluxeG5.o [1]
  .bss                   zero     0x200075bd      0x1  ap_deluxeG5.o [1]
  .bss                   zero     0x200075be      0x1  ap_deluxeG5.o [1]
  .bss                   zero     0x200075bf      0x1  ap_deluxeG5.o [1]
  .bss                   zero     0x200075c0      0x1  ap_deluxeG5.o [1]
  .bss                   zero     0x200075c1      0x1  ap_deluxeG5.o [1]
  .bss                   zero     0x200075c2      0x1  ap_deluxeG5.o [1]
  .bss                   zero     0x200075c3      0x1  ap_deluxeG5.o [1]
  .bss                   zero     0x200075c4      0x1  ap_deluxeG5.o [1]
  .bss                   zero     0x200075c5      0x1  ap_deluxeG5.o [1]
  .bss                   zero     0x200075c6      0x1  ap_deluxeG5.o [1]
  .bss                   zero     0x200075c7      0x1  ap_deluxeG5.o [1]
  .bss                   zero     0x200075c8      0x1  ap_deluxeG5.o [1]
  .bss                   zero     0x200075c9      0x1  ap_deluxeG5.o [1]
  .bss                   zero     0x200075ca      0x1  ap_deluxeG5.o [1]
  .bss                   zero     0x200075cb      0x1  ap_deluxeG5.o [1]
  .bss                   zero     0x200075cc      0x1  ap_deluxeG5.o [1]
  .bss                   zero     0x200075cd      0x1  ap_deluxeG55.o [1]
  .bss                   zero     0x200075ce      0x1  ap_deluxeG55.o [1]
  .bss                   zero     0x200075cf      0x1  ap_deluxeG55.o [1]
  .bss                   zero     0x200075d0      0x1  ap_deluxeG55.o [1]
  .bss                   zero     0x200075d1      0x1  ap_deluxeG55.o [1]
  .bss                   zero     0x200075d2      0x1  ap_deluxeG55.o [1]
  .bss                   zero     0x200075d3      0x1  ap_deluxeG55.o [1]
  .bss                   zero     0x200075d4      0x1  ap_deluxeG55.o [1]
  .bss                   zero     0x200075d5      0x1  ap_deluxeG55.o [1]
  .bss                   zero     0x200075d6      0x1  ap_deluxeG55.o [1]
  .bss                   zero     0x200075d7      0x1  ap_dv.o [1]
  .bss                   zero     0x200075d8      0x1  ap_dv.o [1]
  .bss                   zero     0x200075d9      0x1  ap_dv.o [1]
  .bss                   zero     0x200075da      0x1  ap_dv.o [1]
  .bss                   zero     0x200075db      0x1  ap_dv.o [1]
  .bss                   zero     0x200075dc      0x1  ap_dv.o [1]
  .bss                   zero     0x200075dd      0x1  ap_dv.o [1]
  .bss                   zero     0x200075de      0x1  ap_eeprom.o [1]
  .bss                   zero     0x200075df      0x1  ap_eeprom.o [1]
  .bss                   zero     0x200075e0      0x1  ap_eeprom.o [1]
  .bss                   zero     0x200075e1      0x1  ap_eeprom.o [1]
  .bss                   zero     0x200075e2      0x1  ap_eeprom.o [1]
  .bss                   zero     0x200075e3      0x1  ap_eeprom.o [1]
  .bss                   zero     0x200075e4      0x1  ap_eeprom.o [1]
  .bss                   zero     0x200075e5      0x1  ap_engine.o [1]
  .bss                   zero     0x200075e6      0x1  ap_keylessentry.o [1]
  .bss                   zero     0x200075e7      0x1  ap_keylessentry.o [1]
  .bss                   zero     0x200075e8      0x1  ap_keylessentry.o [1]
  .bss                   zero     0x200075e9      0x1  ap_keylessentry.o [1]
  .bss                   zero     0x200075ea      0x1  ap_keylessentry.o [1]
  .bss                   zero     0x200075eb      0x1  ap_keylessentry.o [1]
  .bss                   zero     0x200075ec      0x1  ap_keylessstart.o [1]
  .bss                   zero     0x200075ed      0x1  ap_main.o [1]
  .bss                   zero     0x200075ee      0x1  ap_main.o [1]
  .bss                   zero     0x200075ef      0x1  ap_main.o [1]
  .bss                   zero     0x200075f0      0x1  ap_main.o [1]
  .bss                   zero     0x200075f1      0x1  ap_main.o [1]
  .bss                   zero     0x200075f2      0x1  ap_main.o [1]
  .bss                   zero     0x200075f3      0x1  ap_main.o [1]
  .bss                   zero     0x200075f4      0x1  ap_subs.o [1]
  .bss                   zero     0x200075f5      0x1  ap_subs.o [1]
  .bss                   zero     0x200075f6      0x1  ap_subs.o [1]
  .bss                   zero     0x200075f7      0x1  ap_subs.o [1]
  .bss                   zero     0x200075f8      0x1  ap_subs.o [1]
  .bss                   zero     0x200075f9      0x1  ap_subs.o [1]
  .bss                   zero     0x200075fa      0x1  ap_subs.o [1]
  .bss                   zero     0x200075fb      0x1  ap_subs.o [1]
  .bss                   zero     0x200075fc      0x1  global.o [1]
  .bss                   zero     0x200075fd      0x1  global.o [1]
  .bss                   zero     0x200075fe      0x1  global.o [1]
  .bss                   zero     0x200075ff      0x1  global.o [1]
  .bss                   zero     0x20007600      0x1  global.o [1]
  .bss                   zero     0x20007601      0x1  global.o [1]
  .bss                   zero     0x20007602      0x1  global.o [1]
  .bss                   zero     0x20007603      0x1  global.o [1]
  .bss                   zero     0x20007604      0x1  global.o [1]
  .bss                   zero     0x20007605      0x1  global.o [1]
  .bss                   zero     0x20007606      0x1  global.o [1]
  .bss                   zero     0x20007607      0x1  global.o [1]
  .bss                   zero     0x20007608      0x1  global.o [1]
  .bss                   zero     0x20007609      0x1  global.o [1]
  .bss                   zero     0x2000760a      0x1  global.o [1]
  .bss                   zero     0x2000760b      0x1  global.o [1]
  .bss                   zero     0x2000760c      0x1  global.o [1]
  .bss                   zero     0x2000760d      0x1  global.o [1]
  .bss                   zero     0x2000760e      0x1  global.o [1]
  .bss                   zero     0x2000760f      0x1  global.o [1]
  .bss                   zero     0x20007610      0x1  global.o [1]
  .bss                   zero     0x20007611      0x1  global.o [1]
  .bss                   zero     0x20007612      0x1  global.o [1]
  .bss                   zero     0x20007613      0x1  global.o [1]
  .bss                   zero     0x20007614      0x1  global.o [1]
  .bss                   zero     0x20007615      0x1  global.o [1]
  .bss                   zero     0x20007616      0x1  global.o [1]
  .bss                   zero     0x20007617      0x1  global.o [1]
  .bss                   zero     0x20007618      0x1  global.o [1]
  .bss                   zero     0x20007619      0x1  global.o [1]
  .bss                   zero     0x2000761a      0x1  global.o [1]
  .bss                   zero     0x2000761b      0x1  global.o [1]
  .bss                   zero     0x2000761c      0x1  global.o [1]
  .bss                   zero     0x2000761d      0x1  global.o [1]
  .bss                   zero     0x2000761e      0x1  global.o [1]
  .bss                   zero     0x2000761f      0x1  global.o [1]
  .bss                   zero     0x20007620      0x1  global.o [1]
  .bss                   zero     0x20007621      0x1  global.o [1]
  .bss                   zero     0x20007622      0x1  global.o [1]
  .bss                   zero     0x20007623      0x1  global.o [1]
  .bss                   zero     0x20007624      0x1  global.o [1]
  .bss                   zero     0x20007625      0x1  global.o [1]
  .bss                   zero     0x20007626      0x1  global.o [1]
  .bss                   zero     0x20007627      0x1  global.o [1]
  .bss                   zero     0x20007628      0x1  global.o [1]
  .bss                   zero     0x20007629      0x1  global.o [1]
  .bss                   zero     0x2000762a      0x1  global.o [1]
  .bss                   zero     0x2000762b      0x1  global.o [1]
  .bss                   zero     0x2000762c      0x1  global.o [1]
  .bss                   zero     0x2000762d      0x1  global.o [1]
  .bss                   zero     0x2000762e      0x1  global.o [1]
  .bss                   zero     0x2000762f      0x1  global.o [1]
  .bss                   zero     0x20007630      0x1  global.o [1]
  .bss                   zero     0x20007631      0x1  global.o [1]
  .bss                   zero     0x20007632      0x1  global.o [1]
  .bss                   zero     0x20007633      0x1  global.o [1]
  .bss                   zero     0x20007634      0x1  global.o [1]
  .bss                   zero     0x20007635      0x1  global.o [1]
  .bss                   zero     0x20007636      0x1  global.o [1]
  .bss                   zero     0x20007637      0x1  global.o [1]
  .bss                   zero     0x20007638      0x1  global.o [1]
  .bss                   zero     0x20007639      0x1  global.o [1]
  .bss                   zero     0x2000763a      0x1  global.o [1]
  .bss                   zero     0x2000763b      0x1  global.o [1]
  .bss                   zero     0x2000763c      0x1  global.o [1]
  .bss                   zero     0x2000763d      0x1  global.o [1]
  .bss                   zero     0x2000763e      0x1  global.o [1]
  .bss                   zero     0x2000763f      0x1  global.o [1]
  .bss                   zero     0x20007640      0x1  global.o [1]
  .bss                   zero     0x20007641      0x1  global.o [1]
  .bss                   zero     0x20007642      0x1  global.o [1]
[...]
scale                   0x08082c4b    0x46  Code  Lc  xprintffull_nomb.o [3]
schd                    0x20006fe0    0x14  Data  Lc  ap.o [1]
schdStats               0x20006738    0x28  Data  Lc  ap.o [1]
scrn_DeluxePwdFail      0x20007651     0x1  Data  Gb  global.o [1]
sdata                   0x2000743c     0x4  Data  Lc  stf4_bsp_sdata.o [1]
sdataSize               0x20007440     0x4  Data  Lc  stf4_bsp_sdata.o [1]
sec_hand                0x2000744c     0x4  Data  Lc  xfail_s.o [3]
sendChallenge()::msg_type
                        0x200005e2     0x1  Data  Lc  ap_deluxeG55.o [1]
sendControlMsg()        0x0808b49d    0x40  Code  Gb  ap_bservice_CANStd.o [1]
sendControlRead         0x0807aaa1    0x5c  Code  Lc  stf4_iic.o [1]
sendControlWrite        0x0807a91b    0x3a  Code  Lc  stf4_iic.o [1]
sendFirstJobClockCmd    0x200075f7     0x1  Data  Gb  ap_subs.o [1]
sendMsg(hw_can_msg_t *)
                        0x0808b237     0xe  Code  Gb  ap_bservice_CANOpen.o [1]
sendNTMMsg(unsigned char, unsigned char)
                        0x0808af4d    0x56  Code  Gb  ap_bservice_CANOpen.o [1]
sendNTMSyncMsg()        0x0808afa3    0x1a  Code  Gb  ap_bservice_CANOpen.o [1]
sendSecondStart         0x0807aa69    0x38  Code  Lc  stf4_iic.o [1]
sendTPDO1Msg(unsigned char)
                        0x0808ad83   0x10a  Code  Gb  ap_bservice_CANOpen.o [1]
sendTPDO2Msg(unsigned char)
                        0x0808ae8d    0xc0  Code  Gb  ap_bservice_CANOpen.o [1]
send_DeluxeG5_StartUpData()
                        0x080844f9   0xb06  Code  Gb  ap_deluxeG5.o [1]
send_DeluxeG5_StartUpData()::flag_TPSent
                        0x200075c6     0x1  Data  Lc  ap_deluxeG5.o [1]
send_DeluxeG5_StartUpData()::wait_Count
                        0x2000746a     0x2  Data  Lc  ap_deluxeG5.o [1]
serviceType             0x20007478     0x2  Data  Gb  ap_dv.o [1]
setMuxSelects           0x0807cdeb    0x5a  Code  Lc  stf4_bsp_adc.o [1]
setWriteFlags           0x0807b885    0x6c  Code  Lc  stf4_bsp_nvm.o [1]
set_ServiceClock        0x200075ee     0x1  Data  Lc  ap_main.o [1]
severityInformation     0x08090de8    0x24  Data  Lc  ap_bservice_CAN04.o [1]
size                    0x200075a7     0x1  Data  Lc  ap_bservice_CAN04.o [1]
snprintf                0x0807e14d    0x44  Code  Gb  snprintf.o [3]
srand                   0x0808350b     0xa  Code  Gb  rand.o [3]
start_FuelConsumption   0x200073d4     0x4  Data  Gb  global.o [1]
start_time              0x20007450     0x2  Data  Lc  ap_bservice_CAN04.o [1]
start_timeLCD           0x20007452     0x2  Data  Gb  ap_bservice_CAN04.o [1]
state_ACD_CAN           0x20007640     0x1  Data  Gb  global.o [1]
state_AirFilter         0x200076cf     0x1  Data  Gb  MX_Gtwy_Control.o [1]
state_Alternator        0x200076b3     0x1  Data  Gb  MX_Gtwy_Control.o [1]
state_AutoIdleEnable    0x2000767b     0x1  Data  Gb  MX_Gtwy_Control.o [1]
state_AuxBase           0x200076b0     0x1  Data  Gb  MX_Gtwy_Control.o [1]
state_AuxEnable         0x20007673     0x1  Data  Gb  MX_Gtwy_Control.o [1]
state_AuxPot            0x200076cc     0x1  Data  Gb  MX_Gtwy_Control.o [1]
state_AuxRelease        0x20007678     0x1  Data  Gb  MX_Gtwy_Control.o [1]
state_AuxRod            0x200076b1     0x1  Data  Gb  MX_Gtwy_Control.o [1]
state_Buzzer            0x200075a8     0x1  Data  Gb  ap_bservice_CAN04.o [1]
state_CANThrottleCalDiag
                        0x20007672     0x1  Data  Gb  MX_Gtwy_Control.o [1]
state_CommDeluxeG55     0x20007670     0x1  Data  Gb  MX_Gtwy_Control.o [1]
state_CommECU           0x2000765a     0x1  Data  Gb  MX_Gtwy_Control.o [1]
state_CommJogShuttle    0x2000766f     0x1  Data  Gb  MX_Gtwy_Control.o [1]
state_CommKeylessEntry  0x20007671     0x1  Data  Gb  MX_Gtwy_Control.o [1]
state_CommSecondary     0x2000766c     0x1  Data  Gb  MX_Gtwy_Control.o [1]
state_CommStdPanel      0x2000766e     0x1  Data  Gb  MX_Gtwy_Control.o [1]
state_CommThrottle      0x2000766d     0x1  Data  Gb  MX_Gtwy_Control.o [1]
state_Console           0x200076ca     0x1  Data  Gb  MX_Gtwy_Control.o [1]
state_ConsoleTest       0x2000764d     0x1  Data  Gb  global.o [1]
state_ConstantData      0x2000764b     0x1  Data  Gb  global.o [1]
state_DeluxeG5          0x20007639     0x1  Data  Gb  global.o [1]
state_DeluxeG55         0x20007648     0x1  Data  Gb  global.o [1]
state_DepthBeep         0x2000762b     0x1  Data  Gb  global.o [1]
state_Detent            0x20007674     0x1  Data  Gb  MX_Gtwy_Control.o [1]
state_DetentEnable      0x20007676     0x1  Data  Gb  MX_Gtwy_Control.o [1]
state_Diverter          0x200076af     0x1  Data  Gb  MX_Gtwy_Control.o [1]
state_DumpValve         0x200076ae     0x1  Data  Gb  MX_Gtwy_Control.o [1]
state_ECT               0x200076c9     0x1  Data  Gb  MX_Gtwy_Control.o [1]
state_ECUHold           0x200076aa     0x1  Data  Gb  MX_Gtwy_Control.o [1]
state_EOP               0x200076c6     0x1  Data  Gb  MX_Gtwy_Control.o [1]
state_EOT               0x200076c2     0x1  Data  Gb  MX_Gtwy_Control.o [1]
state_EcoMode           0x200076c5     0x1  Data  Gb  MX_Gtwy_Control.o [1]
state_Engine            0x20007663     0x1  Data  Gb  MX_Gtwy_Control.o [1]
state_EngineSpeed       0x200076c4     0x1  Data  Gb  MX_Gtwy_Control.o [1]
state_EngineSpeedDerate
                        0x2000766a     0x1  Data  Gb  MX_Gtwy_Control.o [1]
state_EngineStart       0x200076c1     0x1  Data  Gb  MX_Gtwy_Control.o [1]
state_FuelLevel         0x200076c0     0x1  Data  Gb  MX_Gtwy_Control.o [1]
state_FuelPriOutput     0x200076ac     0x1  Data  Gb  MX_Gtwy_Control.o [1]
state_FuelPriRelay      0x200076ad     0x1  Data  Gb  MX_Gtwy_Control.o [1]
state_FuelSec           0x200076a9     0x1  Data  Gb  MX_Gtwy_Control.o [1]
state_FuelTemp          0x200076bf     0x1  Data  Gb  MX_Gtwy_Control.o [1]
state_GlowPlugOutput    0x200076a5     0x1  Data  Gb  MX_Gtwy_Control.o [1]
state_GlowPlugRelay     0x200076a6     0x1  Data  Gb  MX_Gtwy_Control.o [1]
state_HCFilter1         0x200076be     0x1  Data  Gb  MX_Gtwy_Control.o [1]
state_HOT               0x200076bd     0x1  Data  Gb  MX_Gtwy_Control.o [1]
state_HPMatch           0x2000766b     0x1  Data  Gb  MX_Gtwy_Control.o [1]
state_HVACOutput        0x200076ab     0x1  Data  Gb  MX_Gtwy_Control.o [1]
state_HydBypass         0x200076a4     0x1  Data  Gb  MX_Gtwy_Control.o [1]
state_HydEnable         0x200076a3     0x1  Data  Gb  MX_Gtwy_Control.o [1]
state_HydExchange       0x200076a2     0x1  Data  Gb  MX_Gtwy_Control.o [1]
state_Idle              0x2000767a     0x1  Data  Gb  MX_Gtwy_Control.o [1]
state_InfoButton        0x2000768c     0x1  Data  Gb  MX_Gtwy_Control.o [1]
state_InfoPrimary       0x2000768b     0x1  Data  Gb  MX_Gtwy_Control.o [1]
state_InfoSecondary     0x2000768d     0x1  Data  Gb  MX_Gtwy_Control.o [1]
state_Inverter          0x20007655     0x1  Data  Gb  global.o [1]
state_KSLock            0x2000765e     0x1  Data  Gb  MX_Gtwy_Control.o [1]
state_KSPassword        0x2000765f     0x1  Data  Gb  MX_Gtwy_Control.o [1]
state_Key               0x200076bc     0x1  Data  Gb  MX_Gtwy_Control.o [1]
state_KeylessEntryLock  0x20007654     0x1  Data  Gb  global.o [1]
state_KeylessEntryPassword
                        0x20007653     0x1  Data  Gb  global.o [1]
state_KeylessEntryPowerHold
                        0x20007662     0x1  Data  Gb  MX_Gtwy_Control.o [1]
state_KeylessPanel      0x2000763e     0x1  Data  Gb  global.o [1]
state_LeftButton        0x2000768f     0x1  Data  Gb  MX_Gtwy_Control.o [1]
state_LeftPot           0x200076c8     0x1  Data  Gb  MX_Gtwy_Control.o [1]
state_LightsOutput      0x200076a0     0x1  Data  Gb  MX_Gtwy_Control.o [1]
state_LightsRelay       0x200076a1     0x1  Data  Gb  MX_Gtwy_Control.o [1]
state_LoadMoment        0x2000765b     0x1  Data  Gb  MX_Gtwy_Control.o [1]
state_LoadSense         0x200076ba     0x1  Data  Gb  MX_Gtwy_Control.o [1]
state_MachineLock       0x2000765d     0x1  Data  Gb  MX_Gtwy_Control.o [1]
state_OffsetBase        0x2000769e     0x1  Data  Gb  MX_Gtwy_Control.o [1]
state_OffsetPot         0x200076b8     0x1  Data  Gb  MX_Gtwy_Control.o [1]
state_OffsetRod         0x2000769f     0x1  Data  Gb  MX_Gtwy_Control.o [1]
state_PBValveOutput     0x2000769c     0x1  Data  Gb  MX_Gtwy_Control.o [1]
state_PBValveRelay      0x2000769d     0x1  Data  Gb  MX_Gtwy_Control.o [1]
state_PanelButtons      0x200076cb     0x1  Data  Gb  MX_Gtwy_Control.o [1]
state_Phone             0x200075cd     0x1  Data  Lc  ap_deluxeG55.o [1]
state_RightButton       0x2000768e     0x1  Data  Gb  MX_Gtwy_Control.o [1]
state_RightPot          0x200076c7     0x1  Data  Gb  MX_Gtwy_Control.o [1]
state_ST_CAN            0x2000762f     0x1  Data  Gb  global.o [1]
state_SensorSupply1     0x200076b7     0x1  Data  Gb  MX_Gtwy_Control.o [1]
state_SensorSupply2     0x200076b6     0x1  Data  Gb  MX_Gtwy_Control.o [1]
state_ServiceClock      0x2000764e     0x1  Data  Gb  global.o [1]
state_StarterOutput     0x2000769a     0x1  Data  Gb  MX_Gtwy_Control.o [1]
state_StarterRelay      0x2000769b     0x1  Data  Gb  MX_Gtwy_Control.o [1]
state_SwitchedPwrOutput
                        0x20007698     0x1  Data  Gb  MX_Gtwy_Control.o [1]
state_SwitchedPwrRelay  0x20007699     0x1  Data  Gb  MX_Gtwy_Control.o [1]
state_System            0x2000764f     0x1  Data  Gb  global.o [1]
state_TC                0x2000765c     0x1  Data  Gb  MX_Gtwy_Control.o [1]
state_ThrottlePrimary   0x200076b4     0x1  Data  Gb  MX_Gtwy_Control.o [1]
state_TurboPrime        0x20007664     0x1  Data  Gb  MX_Gtwy_Control.o [1]
state_TwoSpeed          0x20007696     0x1  Data  Gb  MX_Gtwy_Control.o [1]
state_TwoSpeedIcon      0x20007697     0x1  Data  Gb  MX_Gtwy_Control.o [1]
state_VBattery          0x200076b2     0x1  Data  Gb  MX_Gtwy_Control.o [1]
state_ecuECT            0x20007633     0x1  Data  Gb  global.o [1]
state_ecuEOP            0x20007634     0x1  Data  Gb  global.o [1]
status_LED_t::SetFlashRate(unsigned short)
                        0x0807e351     0x2  Code  Gb  hw_mcu.o [1]
status_SrvcClockDisplay
                        0x200075fa     0x1  Data  Gb  ap_subs.o [1]
stf4_iic_getOp          0x0807a71f    0x24  Code  Gb  stf4_iic.o [1]
stf4_iic_getOpTime      0x0807a743    0x20  Code  Gb  stf4_iic.o [1]
stf4_iic_getStatus      0x0807a70f    0x10  Code  Gb  stf4_iic.o [1]
stf4_iic_init           0x0807a5c5    0x5c  Code  Gb  stf4_iic.o [1]
stf4_iic_initHandle     0x0807a621    0x28  Code  Gb  stf4_iic.o [1]
stf4_iic_reset          0x0807a763    0x36  Code  Gb  stf4_iic.o [1]
stf4_iic_startOp        0x0807a649    0xc6  Code  Gb  stf4_iic.o [1]
stf4_timer_clockCmd     0x0807a581    0x2a  Code  Gb  stf4_timer.o [1]
stf4_timer_getClockFreq
                        0x0807a45b    0x3a  Code  Gb  stf4_timer.o [1]
stf4_timer_getFreq      0x0807a495    0x24  Code  Gb  stf4_timer.o [1]
stf4_timer_getPeriod    0x0807a4b9     0x4  Code  Gb  stf4_timer.o [1]
stf4_timer_init         0x0807a451     0xa  Code  Gb  stf4_timer.o [1]
stf4_timer_isAPB2Timer  0x0807a537    0x2c  Code  Gb  stf4_timer.o [1]
stf4_timer_setFreq16    0x0807a4bd    0x7a  Code  Gb  stf4_timer.o [1]
strchr                  0x08083681          Code  Gb  strchr.o [6]
strlen                  0x080836d9          Code  Gb  strlen.o [6]
sw_ed_number            0x0808367e     0x2  Data  Gb  ap_version.o [1]
sw_title                0x08090c80    0x34  Data  Gb  ap_version.o [1]
sw_type                 0x0808390a     0x1  Data  Gb  ap_version.o [1]
sw_version_major        0x0808390b     0x1  Data  Gb  ap_version.o [1]
sw_version_minor        0x080839aa     0x1  Data  Gb  ap_version.o [1]
systemBusy              0x200076fa     0x1  Data  Gb  stf4_bsp_mcu.o [1]
targetSpeed             0x20007528     0x2  Data  Gb  MX_Gtwy_Control.o [1]
taskWatchdogFlags       0x20007428     0x4  Data  Lc  stf4_bsp_mcu.o [1]
taskWatchdogMask        0x20007424     0x4  Data  Lc  stf4_bsp_mcu.o [1]
test2                   0x200075a2     0x2  Data  Gb  SendMsgNow.o [1]
testOut                 0x20007270     0x8  Data  Gb  MX_Gtwy_Control.o [1]
time_StarterAutomated   0x20007532     0x2  Data  Gb  MX_Gtwy_Control.o [1]
timerCompare            0x20005c40    0x44  Data  Lc  stf4_bsp_pwm.o [1]
timer_FuelResolution    0x200076a7     0x1  Data  Gb  MX_Gtwy_Control.o [1]
timer_irqHandler        0x0807ced9    0xe2  Code  Lc  stf4_bsp_adc.o [1]
torque_Derate           0x2000752c     0x2  Data  Gb  MX_Gtwy_Control.o [1]
ts_base_address         0x08075b52     0x2  Data  Gb  ap_bservice.o [1]
txBufferDataPort0       0x200037a0   0x300  Data  Lc  stf4_bsp_can.o [1]
txBufferDataPort1       0x20003da0   0x300  Data  Lc  stf4_bsp_can.o [1]
tx_AuxHydStatus         0x20006cb0    0x28  Data  Gb  ap_deluxeG55.o [1]
tx_DeluxeMainStatus     0x20006c60    0x28  Data  Gb  ap_deluxeG55.o [1]
tx_JobClock             0x20006bc0    0x28  Data  Gb  ap_deluxeG5.o [1]
tx_MainStatus           0x20006b98    0x28  Data  Gb  ap_deluxeG5.o [1]
tx_ServiceData          0x20006c10    0x28  Data  Gb  ap_deluxeG5.o [1]
tx_UserInfo             0x20006be8    0x28  Data  Gb  ap_deluxeG5.o [1]
tx_VitalData            0x20006c38    0x28  Data  Gb  ap_deluxeG5.o [1]
tx_VitalDataG55         0x20006c88    0x28  Data  Gb  ap_deluxeG55.o [1]
uartISR                 0x0807c157    0x5a  Code  Lc  stf4_bsp_com.o [1]
uart_config             0x0809091c    0xa0  Data  Lc  stf4_bsp_com.o [1]
updateCounts            0x0807bdb7    0x58  Code  Lc  stf4_bsp_clock.o [1]
updateCounts::lastTimerCounts
                        0x20000448     0x4  Data  Lc  stf4_bsp_clock.o [1]
updateCounts::usTimer   0x20007408     0x4  Data  Lc  stf4_bsp_clock.o [1]
updateErrorList()       0x08078605   0x412  Code  Gb  ap_bservice_CAN04.o [1]
updateErrorList()::i    0x200075ad     0x1  Data  Lc  ap_bservice_CAN04.o [1]
update_AuxControlMode_TX(hw_can_msg_t *)
                        0x08059bf5    0x82  Code  Gb  ap_can.o [1]
update_CAN01sTX(hw_can_msg_t *)
                        0x08057b61    0x76  Code  Gb  ap_can.o [1]
update_CAN02sTX(hw_can_msg_t *)
                        0x08057c19    0x8a  Code  Gb  ap_can.o [1]
update_CAN03sTX(hw_can_msg_t *)
                        0x08058585    0xc8  Code  Gb  ap_can.o [1]
update_CAN05sTX(hw_can_msg_t *)
                        0x08057ce5    0x52  Code  Gb  ap_can.o [1]
update_CAN06sTX(hw_can_msg_t *)
                        0x08057d79    0x24  Code  Gb  ap_can.o [1]
update_CAN20sTX(hw_can_msg_t *)
                        0x08057eed    0x28  Code  Gb  ap_can.o [1]
update_CAN21sTX(hw_can_msg_t *)
                        0x08057f5f    0x44  Code  Gb  ap_can.o [1]
update_CCVS_TX(hw_can_msg_t *)
                        0x0808b8dd    0x3a  Code  Gb  ap_engine.o [1]
update_DD_CAN0_TX(hw_can_msg_t *)
                        0x08058407    0x16  Code  Gb  ap_can.o [1]
update_DD_CAN4_TX(hw_can_msg_t *)
                        0x0808b885    0x16  Code  Gb  ap_engine.o [1]
update_EEC1_TX(hw_can_msg_t *)
                        0x08058155    0x52  Code  Gb  ap_can.o [1]
update_EEC2_J1939_CAN0_TX(hw_can_msg_t *)
                        0x08058387    0x3e  Code  Gb  ap_can.o [1]
update_EEC2_J1939_CAN4_TX(hw_can_msg_t *)
                        0x0808b72d    0x3e  Code  Gb  ap_engine.o [1]
update_EFL_P1_TX(hw_can_msg_t *)
                        0x080582d3    0x72  Code  Gb  ap_can.o [1]
update_ET1_TX(hw_can_msg_t *)
                        0x08058257    0x3a  Code  Gb  ap_can.o [1]
update_HWJ1939AcknowledgeMsg_tx(hw_can_msg_t *)
                        0x0805a593    0x76  Code  Gb  ap_can.o [1]
update_HWJ1939BICSControl_tx(hw_can_msg_t *)
                        0x08059e77    0x90  Code  Gb  ap_can.o [1]
update_HWJ1939EngineHoursTX(hw_can_msg_t *)
                        0x08058771    0x56  Code  Gb  ap_can.o [1]
update_HWJ1939MachineConfigMsg_tx(hw_can_msg_t *)
                        0x0805a661    0x6e  Code  Gb  ap_can.o [1]
update_JobClock_tx(hw_can_msg_t *)
                        0x0808585f   0x110  Code  Gb  ap_deluxeG5.o [1]
update_KeylessEntryTX(hw_can_msg_t *)
                        0x0808d867    0x6e  Code  Gb  ap_keylessentry.o [1]
update_KeypadTX(hw_can_msg_t *)
                        0x0808d49d    0xa6  Code  Gb  ap_keylessstart.o [1]
update_MainStatus_tx(hw_can_msg_t *)
                        0x0808525d   0x1fe  Code  Gb  ap_deluxeG5.o [1]
update_PanelButtonsTX(hw_can_msg_t *)
                        0x08058b45   0x138  Code  Gb  ap_can.o [1]
update_PanelGaugeTX(hw_can_msg_t *)
                        0x08058ce9    0xc2  Code  Gb  ap_can.o [1]
update_PanelLCDIconsTX(hw_can_msg_t *)
                        0x0805978d   0x1d4  Code  Gb  ap_can.o [1]
update_PanelLCDTX(hw_can_msg_t *)
                        0x08058eed   0x82c  Code  Gb  ap_can.o [1]
update_PanelLCDTX(hw_can_msg_t *)::flag_Aux
                        0x200075bb     0x1  Data  Lc  ap_can.o [1]
update_PanelLCDTX(hw_can_msg_t *)::flag_Reset
                        0x200075ba     0x1  Data  Lc  ap_can.o [1]
update_PanelTellTalesTX(hw_can_msg_t *)
                        0x080588d1   0x1fc  Code  Gb  ap_can.o [1]
update_PrimaryControls_TX(hw_can_msg_t *)
                        0x08059a87    0x7e  Code  Gb  ap_can.o [1]
update_SMVCU_CAN4_TX(hw_can_msg_t *)
                        0x0808b7ad    0x96  Code  Gb  ap_engine.o [1]
update_SMVCU_CAN4_TX(hw_can_msg_t *)::counter
                        0x200075e5     0x1  Data  Lc  ap_engine.o [1]
update_ServiceData(unsigned char)
                        0x080843e5   0x114  Code  Gb  ap_deluxeG5.o [1]
update_ServiceData_tx(hw_can_msg_t *)
                        0x0808623d    0xc0  Code  Gb  ap_deluxeG5.o [1]
update_TFAC_TX(hw_can_msg_t *)
                        0x080599b5    0x82  Code  Gb  ap_can.o [1]
update_UserID           0x200075c3     0x1  Data  Gb  ap_deluxeG5.o [1]
update_UserInfo_tx(hw_can_msg_t *)
                        0x080859c9   0x14c  Code  Gb  ap_deluxeG5.o [1]
update_UserInfo_tx(hw_can_msg_t *)::index
                        0x200075c7     0x1  Data  Lc  ap_deluxeG5.o [1]
update_VEP_TX(hw_can_msg_t *)
                        0x080581e9    0x2c  Code  Gb  ap_can.o [1]
update_VitalDataG55_tx(hw_can_msg_t *)
                        0x0808c6e5   0x3b2  Code  Gb  ap_deluxeG55.o [1]
update_VitalDataG55_tx(hw_can_msg_t *)::count_Vital
                        0x200075d0     0x1  Data  Lc  ap_deluxeG55.o [1]
update_VitalData_tx(hw_can_msg_t *)
                        0x08085ba1   0x394  Code  Gb  ap_deluxeG5.o [1]
usCounter               0x20007400     0x4  Data  Lc  stf4_bsp_clock.o [1]
user_KeylessEntry       0x20007611     0x1  Data  Gb  global.o [1]
vectors_initRamVectors  0x0807a3a5    0x60  Code  Gb  stf4_vectors.o [1]
vectors_setRamVector    0x0807a405    0x2a  Code  Gb  stf4_vectors.o [1]
vectors_switchToRam     0x0807a42f    0x16  Code  Gb  stf4_vectors.o [1]
vitalDisplay            0x20007090    0x10  Data  Gb  ap_deluxeG5.o [1]
vitalDisplayG55         0x080910e8    0x10  Data  Lc  ap_deluxeG55.o [1]
volts_LoadMoment        0x200076bb     0x1  Data  Gb  MX_Gtwy_Control.o [1]
volts_LoadSense         0x200076b9     0x1  Data  Gb  MX_Gtwy_Control.o [1]
vsnprintf               0x0807e191    0x3c  Code  Gb  vsnprint.o [3]
warningError            0x200071cc     0x8  Data  Lc  ap_bservice_CANStd.o [1]
warningErrorMsg         0x20005ec8    0x30  Data  Gb  ap_bservice_CANStd.o [1]
warningError_rx_callback(hw_can_msg_t *)
                        0x0808b4fd     0xe  Code  Gb  ap_bservice_CANStd.o [1]
wcPinEnable             0x20007120    0x10  Data  Lc  stf4_bsp_dout.o [1]
wcPorts                 0x08090f9c    0x1c  Data  Lc  stf4_bsp_dout.o [1]
writeAddress            0x0807a955    0x8c  Code  Lc  stf4_iic.o [1]
writeByte               0x0807a9e1    0x88  Code  Lc  stf4_iic.o [1]


[1] = C:\Projects\SVNrepo\dibh-prod-esEMex\iar\mex_gateway_Debug\Obj
[2] = command line
[3] = dl7M_tln.a
[4] = dlpp7M_tl_nc.a
[5] = m7M_tls.a
[6] = rt7M_tl.a
[7] = shb_l.a

  322 438 bytes of readonly  code memory
   10 173 bytes of readonly  data memory
   34 810 bytes of readwrite data memory

Errors: none
Warnings: none
