
PROGRAM "C:\work\Vansco\VGC\ED1163 SLE_bb\Software\bin\ED1163.abs"

*********************************************************************************************
TARGET SECTION
---------------------------------------------------------------------------------------------
Processor   : Motorola HC12
Memory Model: SMALL
File Format : ELF\Dwarf 2.0
Linker      : SmartLinker V-5.0.22 Build 4047, Feb 17 2004

*********************************************************************************************
FILE SECTION
---------------------------------------------------------------------------------------------
STRING.C.o (ansisi.lib)                 Model: SMALL,         Lang: ANSI-C
rtshc12.c.o (ansisi.lib)                Model: SMALL,         Lang: ANSI-C
hw_can.c.o                              Model: SMALL,         Lang: C++
hw_mscan.c.o                            Model: SMALL,         Lang: C++
hw_mcu.c.o                              Model: SMALL,         Lang: C++
Start12.c.o                             Model: SMALL,         Lang: C++
hw_io.c.o                               Model: SMALL,         Lang: C++
hw_reset.c.o                            Model: SMALL,         Lang: C++
hw_timer.c.o                            Model: SMALL,         Lang: C++
mc9s12dg128.c.o                         Model: SMALL,         Lang: C++
main.C.o                                Model: SMALL,         Lang: C++
bb_vectors.c.o                          Model: SMALL,         Lang: C++
hw_vectors.c.o                          Model: SMALL,         Lang: C++
af_main.c.o                             Model: SMALL,         Lang: C++
ap_bootblock.c.o                        Model: SMALL,         Lang: C++
hw_can_tx.c.o                           Model: SMALL,         Lang: C++
hw_can_rx.c.o                           Model: SMALL,         Lang: C++
ap_bservice.c.o                         Model: SMALL,         Lang: C++
ap_bservice_dv.c.o                      Model: SMALL,         Lang: C++
ap_bservice_prog.c.o                    Model: SMALL,         Lang: C++
ap_tasks.c.o                            Model: SMALL,         Lang: C++
NVMSectorErase.c.o                      Model: SMALL,         Lang: C++
flash.c.o                               Model: SMALL,         Lang: C++
RangeCheck.c.o                          Model: SMALL,         Lang: C++
NVMInit.c.o                             Model: SMALL,         Lang: C++
NVMMassErase.c.o                        Model: SMALL,         Lang: C++
NVMProgram.c.o                          Model: SMALL,         Lang: C++
hw_nvm.c.o                              Model: SMALL,         Lang: C++
ap_version.c.o                          Model: SMALL,         Lang: C++
nvm_ecuid.c.o                           Model: SMALL,         Lang: C++
ap_hwt.c.o                              Model: SMALL,         Lang: C++
hw_clock.c.o                            Model: SMALL,         Lang: C++
hw_eeprom.c.o                           Model: SMALL,         Lang: C++
hw_can_txq.c.o                          Model: SMALL,         Lang: C++

*********************************************************************************************
STARTUP SECTION
---------------------------------------------------------------------------------------------
Entry point: 0xC050 (_Startup)
_startupData is allocated at 0xC062 and uses 23 Bytes
extern struct _tagStartup {
  unsigned flags          0
  _PFunc   main           0xD321    (main)
  long     stackOffset    0x28F1
  unsigned nofZeroOut     1
  _Range   pZeroOut       0x2000     1778
  _Copy    *toCopyDownBeg 0xEABE
  int      nofLibInits    0
  _LibInit *libInits      0xC07D
  int      nofInitBodies  0
  _Cpp     *initBodies    0xC07F
  int      nofFiniBodies  0
  _Cpp     *finiBodies    0xC07F
} _startupData;

*********************************************************************************************
SECTION-ALLOCATION SECTION
Section Name                    Size  Type     From       To       Segment
---------------------------------------------------------------------------------------------
.init                             98     R     0xC000     0xC061   ROM_C000
.startData                        29     R     0xC062     0xC07E   ROM_C000
.rodata                         3465     R     0xC07F     0xCE07   ROM_C000
NON_BANKED                       243     R     0xCE08     0xCEFA   ROM_C000
.text                           6934     R     0xCEFB     0xEA10   ROM_C000
.copy                             16     R     0xEABE     0xEACD   ROM_C000
.data                             10   R/W     0x2000     0x2009   RAM
.abs_section_3ffb                  1   N/I     0x3FFB     0x3FFB   .absSeg0
.abs_section_3ffc                  2   N/I     0x3FFC     0x3FFD   .absSeg1
.abs_section_3ffe                  1   N/I     0x3FFE     0x3FFE   .absSeg2
.abs_section_3fff                  1   N/I     0x3FFF     0x3FFF   .absSeg3
.abs_section_3f                    1   N/I       0x3F       0x3F   .absSeg4
.abs_section_8d                    1   N/I       0x8D       0x8D   .absSeg5
.abs_section_86                    1   N/I       0x86       0x86   .absSeg6
.abs_section_8b                    1   N/I       0x8B       0x8B   .absSeg7
.abs_section_12d                   1   N/I      0x12D      0x12D   .absSeg8
.abs_section_126                   1   N/I      0x126      0x126   .absSeg9
.abs_section_12b                   1   N/I      0x12B      0x12B   .absSeg10
.abs_section_ff06                  1   N/I     0xFF06     0xFF06   .absSeg11
.abs_section_ff07                  1   N/I     0xFF07     0xFF07   .absSeg12
.abs_section_ff01                  1   N/I     0xFF01     0xFF01   .absSeg13
.abs_section_2b                    1   N/I       0x2B       0x2B   .absSeg14
.abs_section_2c                    1   N/I       0x2C       0x2C   .absSeg15
.abs_section_2a                    1   N/I       0x2A       0x2A   .absSeg16
.abs_section_2e                    1   N/I       0x2E       0x2E   .absSeg17
.abs_section_2f                    1   N/I       0x2F       0x2F   .absSeg18
.abs_section_2d                    1   N/I       0x2D       0x2D   .absSeg19
.abs_section_28                    1   N/I       0x28       0x28   .absSeg20
.abs_section_29                    1   N/I       0x29       0x29   .absSeg21
.abs_section_142                   1   N/I      0x142      0x142   .absSeg22
.abs_section_143                   1   N/I      0x143      0x143   .absSeg23
.abs_section_140                   1   N/I      0x140      0x140   .absSeg24
.abs_section_141                   1   N/I      0x141      0x141   .absSeg25
.abs_section_14b                   1   N/I      0x14B      0x14B   .absSeg26
.abs_section_150                   1   N/I      0x150      0x150   .absSeg27
.abs_section_151                   1   N/I      0x151      0x151   .absSeg28
.abs_section_152                   1   N/I      0x152      0x152   .absSeg29
.abs_section_153                   1   N/I      0x153      0x153   .absSeg30
.abs_section_158                   1   N/I      0x158      0x158   .absSeg31
.abs_section_159                   1   N/I      0x159      0x159   .absSeg32
.abs_section_15a                   1   N/I      0x15A      0x15A   .absSeg33
.abs_section_15b                   1   N/I      0x15B      0x15B   .absSeg34
.abs_section_154                   1   N/I      0x154      0x154   .absSeg35
.abs_section_155                   1   N/I      0x155      0x155   .absSeg36
.abs_section_156                   1   N/I      0x156      0x156   .absSeg37
.abs_section_157                   1   N/I      0x157      0x157   .absSeg38
.abs_section_15c                   1   N/I      0x15C      0x15C   .absSeg39
.abs_section_15d                   1   N/I      0x15D      0x15D   .absSeg40
.abs_section_15e                   1   N/I      0x15E      0x15E   .absSeg41
.abs_section_15f                   1   N/I      0x15F      0x15F   .absSeg42
.abs_section_144                   1   N/I      0x144      0x144   .absSeg43
.abs_section_145                   1   N/I      0x145      0x145   .absSeg44
.abs_section_16c                   1   N/I      0x16C      0x16C   .absSeg45
.abs_section_164                   1   N/I      0x164      0x164   .absSeg46
.abs_section_165                   1   N/I      0x165      0x165   .absSeg47
.abs_section_166                   1   N/I      0x166      0x166   .absSeg48
.abs_section_167                   1   N/I      0x167      0x167   .absSeg49
.abs_section_168                   1   N/I      0x168      0x168   .absSeg50
.abs_section_169                   1   N/I      0x169      0x169   .absSeg51
.abs_section_16a                   1   N/I      0x16A      0x16A   .absSeg52
.abs_section_16b                   1   N/I      0x16B      0x16B   .absSeg53
.abs_section_14e                   1   N/I      0x14E      0x14E   .absSeg54
.abs_section_160                   1   N/I      0x160      0x160   .absSeg55
.abs_section_161                   1   N/I      0x161      0x161   .absSeg56
.abs_section_162                   1   N/I      0x162      0x162   .absSeg57
.abs_section_163                   1   N/I      0x163      0x163   .absSeg58
.abs_section_149                   1   N/I      0x149      0x149   .absSeg59
.abs_section_148                   1   N/I      0x148      0x148   .absSeg60
.abs_section_14a                   1   N/I      0x14A      0x14A   .absSeg61
.abs_section_146                   1   N/I      0x146      0x146   .absSeg62
.abs_section_147                   1   N/I      0x147      0x147   .absSeg63
.abs_section_17c                   1   N/I      0x17C      0x17C   .absSeg64
.abs_section_174                   1   N/I      0x174      0x174   .absSeg65
.abs_section_175                   1   N/I      0x175      0x175   .absSeg66
.abs_section_176                   1   N/I      0x176      0x176   .absSeg67
.abs_section_177                   1   N/I      0x177      0x177   .absSeg68
.abs_section_178                   1   N/I      0x178      0x178   .absSeg69
.abs_section_179                   1   N/I      0x179      0x179   .absSeg70
.abs_section_17a                   1   N/I      0x17A      0x17A   .absSeg71
.abs_section_17b                   1   N/I      0x17B      0x17B   .absSeg72
.abs_section_14f                   1   N/I      0x14F      0x14F   .absSeg73
.abs_section_170                   1   N/I      0x170      0x170   .absSeg74
.abs_section_171                   1   N/I      0x171      0x171   .absSeg75
.abs_section_172                   1   N/I      0x172      0x172   .absSeg76
.abs_section_173                   1   N/I      0x173      0x173   .absSeg77
.abs_section_17f                   1   N/I      0x17F      0x17F   .absSeg78
.abs_section_282                   1   N/I      0x282      0x282   .absSeg79
.abs_section_283                   1   N/I      0x283      0x283   .absSeg80
.abs_section_280                   1   N/I      0x280      0x280   .absSeg81
.abs_section_281                   1   N/I      0x281      0x281   .absSeg82
.abs_section_28b                   1   N/I      0x28B      0x28B   .absSeg83
.abs_section_290                   1   N/I      0x290      0x290   .absSeg84
.abs_section_291                   1   N/I      0x291      0x291   .absSeg85
.abs_section_292                   1   N/I      0x292      0x292   .absSeg86
.abs_section_293                   1   N/I      0x293      0x293   .absSeg87
.abs_section_298                   1   N/I      0x298      0x298   .absSeg88
.abs_section_299                   1   N/I      0x299      0x299   .absSeg89
.abs_section_29a                   1   N/I      0x29A      0x29A   .absSeg90
.abs_section_29b                   1   N/I      0x29B      0x29B   .absSeg91
.abs_section_294                   1   N/I      0x294      0x294   .absSeg92
.abs_section_295                   1   N/I      0x295      0x295   .absSeg93
.abs_section_296                   1   N/I      0x296      0x296   .absSeg94
.abs_section_297                   1   N/I      0x297      0x297   .absSeg95
.abs_section_29c                   1   N/I      0x29C      0x29C   .absSeg96
.abs_section_29d                   1   N/I      0x29D      0x29D   .absSeg97
.abs_section_29e                   1   N/I      0x29E      0x29E   .absSeg98
.abs_section_29f                   1   N/I      0x29F      0x29F   .absSeg99
.abs_section_284                   1   N/I      0x284      0x284   .absSeg100
.abs_section_285                   1   N/I      0x285      0x285   .absSeg101
.abs_section_2ac                   1   N/I      0x2AC      0x2AC   .absSeg102
.abs_section_2a4                   1   N/I      0x2A4      0x2A4   .absSeg103
.abs_section_2a5                   1   N/I      0x2A5      0x2A5   .absSeg104
.abs_section_2a6                   1   N/I      0x2A6      0x2A6   .absSeg105
.abs_section_2a7                   1   N/I      0x2A7      0x2A7   .absSeg106
.abs_section_2a8                   1   N/I      0x2A8      0x2A8   .absSeg107
.abs_section_2a9                   1   N/I      0x2A9      0x2A9   .absSeg108
.abs_section_2aa                   1   N/I      0x2AA      0x2AA   .absSeg109
.abs_section_2ab                   1   N/I      0x2AB      0x2AB   .absSeg110
.abs_section_28e                   1   N/I      0x28E      0x28E   .absSeg111
.abs_section_2a0                   1   N/I      0x2A0      0x2A0   .absSeg112
.abs_section_2a1                   1   N/I      0x2A1      0x2A1   .absSeg113
.abs_section_2a2                   1   N/I      0x2A2      0x2A2   .absSeg114
.abs_section_2a3                   1   N/I      0x2A3      0x2A3   .absSeg115
.abs_section_289                   1   N/I      0x289      0x289   .absSeg116
.abs_section_288                   1   N/I      0x288      0x288   .absSeg117
.abs_section_28a                   1   N/I      0x28A      0x28A   .absSeg118
.abs_section_286                   1   N/I      0x286      0x286   .absSeg119
.abs_section_287                   1   N/I      0x287      0x287   .absSeg120
.abs_section_2bc                   1   N/I      0x2BC      0x2BC   .absSeg121
.abs_section_2b4                   1   N/I      0x2B4      0x2B4   .absSeg122
.abs_section_2b5                   1   N/I      0x2B5      0x2B5   .absSeg123
.abs_section_2b6                   1   N/I      0x2B6      0x2B6   .absSeg124
.abs_section_2b7                   1   N/I      0x2B7      0x2B7   .absSeg125
.abs_section_2b8                   1   N/I      0x2B8      0x2B8   .absSeg126
.abs_section_2b9                   1   N/I      0x2B9      0x2B9   .absSeg127
.abs_section_2ba                   1   N/I      0x2BA      0x2BA   .absSeg128
.abs_section_2bb                   1   N/I      0x2BB      0x2BB   .absSeg129
.abs_section_28f                   1   N/I      0x28F      0x28F   .absSeg130
.abs_section_2b0                   1   N/I      0x2B0      0x2B0   .absSeg131
.abs_section_2b1                   1   N/I      0x2B1      0x2B1   .absSeg132
.abs_section_2b2                   1   N/I      0x2B2      0x2B2   .absSeg133
.abs_section_2b3                   1   N/I      0x2B3      0x2B3   .absSeg134
.abs_section_2bf                   1   N/I      0x2BF      0x2BF   .absSeg135
.abs_section_41                    1   N/I       0x41       0x41   .absSeg136
.abs_section_39                    1   N/I       0x39       0x39   .absSeg137
.abs_section_3c                    1   N/I       0x3C       0x3C   .absSeg138
.abs_section_37                    1   N/I       0x37       0x37   .absSeg139
.abs_section_38                    1   N/I       0x38       0x38   .absSeg140
.abs_section_9                     1   N/I        0x9        0x9   .absSeg141
.abs_section_262                   1   N/I      0x262      0x262   .absSeg142
.abs_section_26a                   1   N/I      0x26A      0x26A   .absSeg143
.abs_section_33                    1   N/I       0x33       0x33   .absSeg144
.abs_section_252                   1   N/I      0x252      0x252   .absSeg145
.abs_section_25a                   1   N/I      0x25A      0x25A   .absSeg146
.abs_section_24a                   1   N/I      0x24A      0x24A   .absSeg147
.abs_section_242                   1   N/I      0x242      0x242   .absSeg148
.abs_section_69                    1   N/I       0x69       0x69   .absSeg149
.abs_section_e                     1   N/I        0xE        0xE   .absSeg150
.abs_section_110                   1   N/I      0x110      0x110   .absSeg151
.abs_section_116                   1   N/I      0x116      0x116   .absSeg152
.abs_section_113                   1   N/I      0x113      0x113   .absSeg153
.abs_section_114                   1   N/I      0x114      0x114   .absSeg154
.abs_section_115                   1   N/I      0x115      0x115   .absSeg155
.abs_section_100                   1   N/I      0x100      0x100   .absSeg156
.abs_section_106                   1   N/I      0x106      0x106   .absSeg157
.abs_section_103                   1   N/I      0x103      0x103   .absSeg158
.abs_section_104                   1   N/I      0x104      0x104   .absSeg159
.abs_section_101                   1   N/I      0x101      0x101   .absSeg160
.abs_section_105                   1   N/I      0x105      0x105   .absSeg161
.abs_section_1f                    1   N/I       0x1F       0x1F   .absSeg162
.abs_section_e0                    1   N/I       0xE0       0xE0   .absSeg163
.abs_section_e2                    1   N/I       0xE2       0xE2   .absSeg164
.abs_section_e4                    1   N/I       0xE4       0xE4   .absSeg165
.abs_section_e1                    1   N/I       0xE1       0xE1   .absSeg166
.abs_section_e3                    1   N/I       0xE3       0xE3   .absSeg167
.abs_section_6a                    1   N/I       0x6A       0x6A   .absSeg168
.abs_section_68                    1   N/I       0x68       0x68   .absSeg169
.abs_section_6b                    1   N/I       0x6B       0x6B   .absSeg170
.abs_section_12                    1   N/I       0x12       0x12   .absSeg171
.abs_section_11                    1   N/I       0x11       0x11   .absSeg172
.abs_section_10                    1   N/I       0x10       0x10   .absSeg173
.abs_section_1e                    1   N/I       0x1E       0x1E   .absSeg174
.abs_section_15                    1   N/I       0x15       0x15   .absSeg175
.abs_section_16                    1   N/I       0x16       0x16   .absSeg176
.abs_section_66                    1   N/I       0x66       0x66   .absSeg177
.abs_section_67                    1   N/I       0x67       0x67   .absSeg178
.abs_section_1c                    1   N/I       0x1C       0x1C   .absSeg179
.abs_section_1d                    1   N/I       0x1D       0x1D   .absSeg180
.abs_section_13                    1   N/I       0x13       0x13   .absSeg181
.abs_section_b                     1   N/I        0xB        0xB   .absSeg182
.abs_section_257                   1   N/I      0x257      0x257   .absSeg183
.abs_section_14                    1   N/I       0x14       0x14   .absSeg184
.abs_section_17                    1   N/I       0x17       0x17   .absSeg185
.abs_section_43                    1   N/I       0x43       0x43   .absSeg186
.abs_section_42                    1   N/I       0x42       0x42   .absSeg187
.abs_section_60                    1   N/I       0x60       0x60   .absSeg188
.abs_section_61                    1   N/I       0x61       0x61   .absSeg189
.abs_section_1a                    1   N/I       0x1A       0x1A   .absSeg190
.abs_section_1b                    1   N/I       0x1B       0x1B   .absSeg191
.abs_section_70                    1   N/I       0x70       0x70   .absSeg192
.abs_section_71                    1   N/I       0x71       0x71   .absSeg193
.abs_section_a                     1   N/I        0xA        0xA   .absSeg194
.abs_section_264                   1   N/I      0x264      0x264   .absSeg195
.abs_section_26c                   1   N/I      0x26C      0x26C   .absSeg196
.abs_section_254                   1   N/I      0x254      0x254   .absSeg197
.abs_section_25c                   1   N/I      0x25C      0x25C   .absSeg198
.abs_section_24c                   1   N/I      0x24C      0x24C   .absSeg199
.abs_section_244                   1   N/I      0x244      0x244   .absSeg200
.abs_section_266                   1   N/I      0x266      0x266   .absSeg201
.abs_section_26e                   1   N/I      0x26E      0x26E   .absSeg202
.abs_section_25e                   1   N/I      0x25E      0x25E   .absSeg203
.abs_section_267                   1   N/I      0x267      0x267   .absSeg204
.abs_section_26f                   1   N/I      0x26F      0x26F   .absSeg205
.abs_section_25f                   1   N/I      0x25F      0x25F   .absSeg206
.abs_section_3a                    1   N/I       0x3A       0x3A   .absSeg207
.abs_section_8f                    1   N/I       0x8F       0x8F   .absSeg208
.abs_section_12f                   1   N/I      0x12F      0x12F   .absSeg209
.abs_section_8                     1   N/I        0x8        0x8   .absSeg210
.abs_section_32                    1   N/I       0x32       0x32   .absSeg211
.abs_section_30                    1   N/I       0x30       0x30   .absSeg212
.abs_section_265                   1   N/I      0x265      0x265   .absSeg213
.abs_section_26d                   1   N/I      0x26D      0x26D   .absSeg214
.abs_section_255                   1   N/I      0x255      0x255   .absSeg215
.abs_section_25d                   1   N/I      0x25D      0x25D   .absSeg216
.abs_section_24d                   1   N/I      0x24D      0x24D   .absSeg217
.abs_section_245                   1   N/I      0x245      0x245   .absSeg218
.abs_section_260                   1   N/I      0x260      0x260   .absSeg219
.abs_section_261                   1   N/I      0x261      0x261   .absSeg220
.abs_section_269                   1   N/I      0x269      0x269   .absSeg221
.abs_section_251                   1   N/I      0x251      0x251   .absSeg222
.abs_section_259                   1   N/I      0x259      0x259   .absSeg223
.abs_section_249                   1   N/I      0x249      0x249   .absSeg224
.abs_section_241                   1   N/I      0x241      0x241   .absSeg225
.abs_section_268                   1   N/I      0x268      0x268   .absSeg226
.abs_section_250                   1   N/I      0x250      0x250   .absSeg227
.abs_section_258                   1   N/I      0x258      0x258   .absSeg228
.abs_section_248                   1   N/I      0x248      0x248   .absSeg229
.abs_section_240                   1   N/I      0x240      0x240   .absSeg230
.abs_section_c                     1   N/I        0xC        0xC   .absSeg231
.abs_section_a4                    1   N/I       0xA4       0xA4   .absSeg232
.abs_section_a2                    1   N/I       0xA2       0xA2   .absSeg233
.abs_section_a5                    1   N/I       0xA5       0xA5   .absSeg234
.abs_section_a0                    1   N/I       0xA0       0xA0   .absSeg235
.abs_section_a1                    1   N/I       0xA1       0xA1   .absSeg236
.abs_section_a3                    1   N/I       0xA3       0xA3   .absSeg237
.abs_section_a8                    1   N/I       0xA8       0xA8   .absSeg238
.abs_section_a9                    1   N/I       0xA9       0xA9   .absSeg239
.abs_section_c4                    1   N/I       0xC4       0xC4   .absSeg240
.abs_section_263                   1   N/I      0x263      0x263   .absSeg241
.abs_section_d                     1   N/I        0xD        0xD   .absSeg242
.abs_section_26b                   1   N/I      0x26B      0x26B   .absSeg243
.abs_section_253                   1   N/I      0x253      0x253   .absSeg244
.abs_section_25b                   1   N/I      0x25B      0x25B   .absSeg245
.abs_section_24b                   1   N/I      0x24B      0x24B   .absSeg246
.abs_section_243                   1   N/I      0x243      0x243   .absSeg247
.abs_section_35                    1   N/I       0x35       0x35   .absSeg248
.abs_section_3b                    1   N/I       0x3B       0x3B   .absSeg249
.abs_section_ca                    1   N/I       0xCA       0xCA   .absSeg250
.abs_section_cb                    1   N/I       0xCB       0xCB   .absSeg251
.abs_section_ce                    1   N/I       0xCE       0xCE   .absSeg252
.abs_section_cf                    1   N/I       0xCF       0xCF   .absSeg253
.abs_section_cc                    1   N/I       0xCC       0xCC   .absSeg254
.abs_section_cd                    1   N/I       0xCD       0xCD   .absSeg255
.abs_section_d2                    1   N/I       0xD2       0xD2   .absSeg256
.abs_section_d3                    1   N/I       0xD3       0xD3   .absSeg257
.abs_section_d6                    1   N/I       0xD6       0xD6   .absSeg258
.abs_section_d7                    1   N/I       0xD7       0xD7   .absSeg259
.abs_section_d4                    1   N/I       0xD4       0xD4   .absSeg260
.abs_section_d5                    1   N/I       0xD5       0xD5   .absSeg261
.abs_section_da                    1   N/I       0xDA       0xDA   .absSeg262
.abs_section_d8                    1   N/I       0xD8       0xD8   .absSeg263
.abs_section_d9                    1   N/I       0xD9       0xD9   .absSeg264
.abs_section_dd                    1   N/I       0xDD       0xDD   .absSeg265
.abs_section_db                    1   N/I       0xDB       0xDB   .absSeg266
.abs_section_f2                    1   N/I       0xF2       0xF2   .absSeg267
.abs_section_f0                    1   N/I       0xF0       0xF0   .absSeg268
.abs_section_f1                    1   N/I       0xF1       0xF1   .absSeg269
.abs_section_f5                    1   N/I       0xF5       0xF5   .absSeg270
.abs_section_f3                    1   N/I       0xF3       0xF3   .absSeg271
.abs_section_34                    1   N/I       0x34       0x34   .absSeg272
.abs_section_48                    1   N/I       0x48       0x48   .absSeg273
.abs_section_49                    1   N/I       0x49       0x49   .absSeg274
.abs_section_4a                    1   N/I       0x4A       0x4A   .absSeg275
.abs_section_4b                    1   N/I       0x4B       0x4B   .absSeg276
.abs_section_4e                    1   N/I       0x4E       0x4E   .absSeg277
.abs_section_4f                    1   N/I       0x4F       0x4F   .absSeg278
.abs_section_4c                    1   N/I       0x4C       0x4C   .absSeg279
.abs_section_40                    1   N/I       0x40       0x40   .absSeg280
.abs_section_46                    1   N/I       0x46       0x46   .absSeg281
.abs_section_4d                    1   N/I       0x4D       0x4D   .absSeg282
.abs_section_47                    1   N/I       0x47       0x47   .absSeg283
.abs_section_256                   1   N/I      0x256      0x256   .absSeg284
.abs_section_24e                   1   N/I      0x24E      0x24E   .absSeg285
.abs_section_82                    2   N/I       0x82       0x83   .absSeg286
.abs_section_84                    2   N/I       0x84       0x85   .absSeg287
.abs_section_90                    2   N/I       0x90       0x91   .absSeg288
.abs_section_92                    2   N/I       0x92       0x93   .absSeg289
.abs_section_94                    2   N/I       0x94       0x95   .absSeg290
.abs_section_96                    2   N/I       0x96       0x97   .absSeg291
.abs_section_98                    2   N/I       0x98       0x99   .absSeg292
.abs_section_9a                    2   N/I       0x9A       0x9B   .absSeg293
.abs_section_9c                    2   N/I       0x9C       0x9D   .absSeg294
.abs_section_9e                    2   N/I       0x9E       0x9F   .absSeg295
.abs_section_122                   2   N/I      0x122      0x123   .absSeg296
.abs_section_124                   2   N/I      0x124      0x125   .absSeg297
.abs_section_130                   2   N/I      0x130      0x131   .absSeg298
.abs_section_132                   2   N/I      0x132      0x133   .absSeg299
.abs_section_134                   2   N/I      0x134      0x135   .absSeg300
.abs_section_136                   2   N/I      0x136      0x137   .absSeg301
.abs_section_138                   2   N/I      0x138      0x139   .absSeg302
.abs_section_13a                   2   N/I      0x13A      0x13B   .absSeg303
.abs_section_13c                   2   N/I      0x13C      0x13D   .absSeg304
.abs_section_13e                   2   N/I      0x13E      0x13F   .absSeg305
.abs_section_2                     2   N/I        0x2        0x3   .absSeg306
.abs_section_76                    2   N/I       0x76       0x77   .absSeg307
.abs_section_74                    2   N/I       0x74       0x75   .absSeg308
.abs_section_72                    2   N/I       0x72       0x73   .absSeg309
.abs_section_64                    2   N/I       0x64       0x65   .absSeg310
.abs_section_62                    2   N/I       0x62       0x63   .absSeg311
.abs_section_0                     2   N/I        0x0        0x1   .absSeg312
.abs_section_ac                    2   N/I       0xAC       0xAD   .absSeg313
.abs_section_ae                    2   N/I       0xAE       0xAF   .absSeg314
.abs_section_b0                    2   N/I       0xB0       0xB1   .absSeg315
.abs_section_b2                    2   N/I       0xB2       0xB3   .absSeg316
.abs_section_bc                    2   N/I       0xBC       0xBD   .absSeg317
.abs_section_be                    2   N/I       0xBE       0xBF   .absSeg318
.abs_section_c0                    2   N/I       0xC0       0xC1   .absSeg319
.abs_section_c2                    2   N/I       0xC2       0xC3   .absSeg320
.abs_section_b4                    2   N/I       0xB4       0xB5   .absSeg321
.abs_section_b6                    2   N/I       0xB6       0xB7   .absSeg322
.abs_section_b8                    2   N/I       0xB8       0xB9   .absSeg323
.abs_section_ba                    2   N/I       0xBA       0xBB   .absSeg324
.abs_section_c8                    2   N/I       0xC8       0xC9   .absSeg325
.abs_section_d0                    2   N/I       0xD0       0xD1   .absSeg326
.abs_section_50                    2   N/I       0x50       0x51   .absSeg327
.abs_section_78                    2   N/I       0x78       0x79   .absSeg328
.abs_section_52                    2   N/I       0x52       0x53   .absSeg329
.abs_section_7a                    2   N/I       0x7A       0x7B   .absSeg330
.abs_section_54                    2   N/I       0x54       0x55   .absSeg331
.abs_section_7c                    2   N/I       0x7C       0x7D   .absSeg332
.abs_section_56                    2   N/I       0x56       0x57   .absSeg333
.abs_section_7e                    2   N/I       0x7E       0x7F   .absSeg334
.abs_section_58                    2   N/I       0x58       0x59   .absSeg335
.abs_section_5a                    2   N/I       0x5A       0x5B   .absSeg336
.abs_section_5c                    2   N/I       0x5C       0x5D   .absSeg337
.abs_section_5e                    2   N/I       0x5E       0x5F   .absSeg338
.abs_section_44                    2   N/I       0x44       0x45   .absSeg339
.abs_section_ff0e                  2     R     0xFF0E     0xFF0F   .absSeg340
.abs_section_ff80                128     R     0xFF80     0xFFFF   .absSeg341
.bss                             138   R/W     0x200A     0x2093   RAM
.common                         1630   R/W     0x2094     0x26F1   RAM
RUNTIME                          173     R     0xEA11     0xEABD   ROM_C000
.stack                           512   R/W     0x26F2     0x28F1   RAM

Summary of section sizes per section type:
READ_ONLY (R):        2B50 (dec:    11088)
READ_WRITE (R/W):      8F2 (dec:     2290)
NO_INIT (N/I):         18B (dec:      395)

*********************************************************************************************
VECTOR-ALLOCATION SECTION
    Address     InitValue   InitFunction
---------------------------------------------------------------------------------------------

*********************************************************************************************
OBJECT-ALLOCATION SECTION
     Name               Module                 Addr   hSize   dSize     Ref    Section   RLIB
---------------------------------------------------------------------------------------------
MODULE:                 -- STRING.C.o (ansisi.lib) --
- PROCEDURES:
     memcpy2                                   CEFB      14      20       1   .text       
- VARIABLES:
MODULE:                 -- rtshc12.c.o (ansisi.lib) --
- PROCEDURES:
     _BSHL                                     EA11       8       8       1   RUNTIME     
     _BSHRU                                    EA19       8       8       2   RUNTIME     
     _ISHL                                     EA21       B      11       2   RUNTIME     
     _LSHL                                     EA2C      11      17       2   RUNTIME     
     _LSHRU                                    EA3D      11      17       8   RUNTIME     
     _LCMP_P                                   EA4E      15      21       1   RUNTIME     
     _LINC                                     EA63       5       5       2   RUNTIME     
     _LDEC                                     EA68       8       8       1   RUNTIME     
     _LMUL                                     EA70      27      39       1   RUNTIME     
     _COPY                                     EA97       8       8       2   RUNTIME     
     _CASE_CHECKED                             EA9F       B      11       2   RUNTIME     
     _CASE_CHECKED_BYTE                        EAAA      14      20       3   RUNTIME     
- VARIABLES:
MODULE:                 -- hw_can.c.o --
- PROCEDURES:
     CAN0_receive_handler__FP12hw_can_msg_t       CF0F       D      13       1   .text       
     CAN0_msg_tx_success__FP12hw_can_msg_t       CF1C      27      39       1   .text       
     CAN4_receive_handler__FP12hw_can_msg_t       CF43       D      13       1   .text       
     CAN4_msg_tx_success__FP12hw_can_msg_t       CF50      27      39       1   .text       
     hw_can_initialize__Fv                     CF77      69     105       1   .text       
     hw_can_update__Fv                         CFE0      21      33       1   .text       
     CAN0_Tx_Vector__Fv                        CE08       7       7       1   NON_BANKED  
     CAN0_Rx_Vector__Fv                        CE0F       7       7       1   NON_BANKED  
     CAN0_Err_Vector__Fv                       CE16       7       7       1   NON_BANKED  
     CAN0_Wup_Vector__Fv                       CE1D       7       7       1   NON_BANKED  
     CAN4_Tx_Vector__Fv                        CE24       7       7       1   NON_BANKED  
     CAN4_Rx_Vector__Fv                        CE2B       7       7       1   NON_BANKED  
     CAN4_Err_Vector__Fv                       CE32       7       7       1   NON_BANKED  
     CAN4_Wup_Vector__Fv                       CE39       7       7       1   NON_BANKED  
- VARIABLES:
     hw_mscan                                  2094      18      24      17   .common     
     hw_can_tx_scheduler                       20AC       8       8       6   .common     
     hw_can_rx_handler                         20B4       4       4       6   .common     
     hw_can_txq                                20B8     182     386       6   .common     
MODULE:                 -- hw_mscan.c.o --
- PROCEDURES:
     set_J1939ID__9hw_can_idFUcN31             D001      4B      75       5   .text       
     null_callback__FP12hw_can_msg_t           D04C       1       1       1   .text       
     initialize__10hw_mscan_tFP15reg_thw_mscan_t       D04D      D9     217       5   .text       
     TxBufferAvailiable__10hw_mscan_tFv        D126       9       9       2   .text       
     SendFrame__10hw_mscan_tFP12hw_can_msg_t       D12F      61      97       4   .text       
     transmit_isr__10hw_mscan_tFv              D190      15      21       2   .text       
     receive_isr__10hw_mscan_tFv               D1A5      17      23       2   .text       
     error_isr__10hw_mscan_tFv                 D1BC       1       1       2   .text       
     wakeup_isr__10hw_mscan_tFv                D1BD       1       1       2   .text       
- VARIABLES:
     __sf_10hw_mscan_t_DEFAULT_CFG             C07F      14      20       1   .rodata     
MODULE:                 -- hw_mcu.c.o --
- PROCEDURES:
     hw_initialize__Fv                         D1BE      40      64       1   .text       
     update__12status_LED_tFv                  D1FE      50      80       1   .text       
     SetFlashRate__12status_LED_tFUi           D24E      20      32       1   .text       
     hw_mcu_SetPowerHold__FUc                  D26E      14      20       1   .text       
     hw_mcu_initialize__Fv                     D282      19      25       1   .text       
     hw_mcu_update__Fv                         D29B       E      14       1   .text       
- VARIABLES:
     CCR_reg                                   223A       1       1      12   .common     
     hw_mcu_heartbeatLED                       223B       5       5       3   .common     
     p_hold_state                              2240       1       1       1   .common     
MODULE:                 -- Start12.c.o --
- PROCEDURES:
     Init__Fv                                  C000      3C      60       1   .init       
     Fini__Fv                                  C03C      14      20       1   .init       
     _Startup                                  C050      12      18       1   .init       
- VARIABLES:
     _startupData                              C062      17      23      10   .startData  
MODULE:                 -- hw_io.c.o --
- PROCEDURES:
     hw_io_initialize__Fv                      D2A9       F      15       1   .text       
     hw_io_update__Fv                          D2B8      10      16       1   .text       
- VARIABLES:
     max_stack_size                            200A       2       2       1   .bss        
MODULE:                 -- hw_reset.c.o --
- PROCEDURES:
     hw_reset_force__FUcT0                     D2C8      12      18       2   .text       
     hw_reset_max_stack__Fv                    D2DA      18      24       2   .text       
     hw_PowerOn_reset__Fv                      CE40      21      33       6   NON_BANKED  
     hw_COP_reset__Fv                          CE61      82     130       3   NON_BANKED  
- VARIABLES:
     AP_VECTOR_BASE                            C093       2       2       1   .rodata     
     RAM_TOP                                   C095      10      16       5   .rodata     
     hw_can_term_state                         3FFB       1       1       2   .abs_section_3ffb
     pvector_base                              3FFC       2       2      62   .abs_section_3ffc
     bb_smode                                  3FFE       1       1       2   .abs_section_3ffe
     ap_smode                                  3FFF       1       1       2   .abs_section_3fff
     stkp                                      2241       2       2       1   .common     
- LABELS:
     __SEG_START_SSTACK                        26F2       0       0       2               
     __SEG_END_SSTACK                          28F2       0       0       2               
MODULE:                 -- hw_timer.c.o --
- PROCEDURES:
     GetState__8hw_timerFv                     D2F2      1D      29       1   .text       
     SetPeriod_mS__8hw_timerFUi                D30F       E      14       1   .text       
     __sf_8hw_timer_mS_count__Fv               D31D       4       4       2   .text       
- VARIABLES:
MODULE:                 -- mc9s12dg128.c.o --
- PROCEDURES:
- VARIABLES:
     _ARMCOP                                     3F       1       1       3   .abs_section_3f
     _ATD0DIEN                                   8D       1       1       0   .abs_section_8d
     _ATD0STAT0                                  86       1       1       0   .abs_section_86
     _ATD0STAT1                                  8B       1       1       0   .abs_section_8b
     _ATD1DIEN                                  12D       1       1       0   .abs_section_12d
     _ATD1STAT0                                 126       1       1       0   .abs_section_126
     _ATD1STAT1                                 12B       1       1       0   .abs_section_12b
     _BDMCCR                                   FF06       1       1       0   .abs_section_ff06
     _BDMINR                                   FF07       1       1       0   .abs_section_ff07
     _BDMSTS                                   FF01       1       1       0   .abs_section_ff01
     _BKP0H                                      2B       1       1       0   .abs_section_2b
     _BKP0L                                      2C       1       1       0   .abs_section_2c
     _BKP0X                                      2A       1       1       0   .abs_section_2a
     _BKP1H                                      2E       1       1       0   .abs_section_2e
     _BKP1L                                      2F       1       1       0   .abs_section_2f
     _BKP1X                                      2D       1       1       0   .abs_section_2d
     _BKPCT0                                     28       1       1       0   .abs_section_28
     _BKPCT1                                     29       1       1       0   .abs_section_29
     _CAN0BTR0                                  142       1       1       0   .abs_section_142
     _CAN0BTR1                                  143       1       1       0   .abs_section_143
     _CAN0CTL0                                  140       1       1       0   .abs_section_140
     _CAN0CTL1                                  141       1       1       0   .abs_section_141
     _CAN0IDAC                                  14B       1       1       0   .abs_section_14b
     _CAN0IDAR0                                 150       1       1       0   .abs_section_150
     _CAN0IDAR1                                 151       1       1       0   .abs_section_151
     _CAN0IDAR2                                 152       1       1       0   .abs_section_152
     _CAN0IDAR3                                 153       1       1       0   .abs_section_153
     _CAN0IDAR4                                 158       1       1       0   .abs_section_158
     _CAN0IDAR5                                 159       1       1       0   .abs_section_159
     _CAN0IDAR6                                 15A       1       1       0   .abs_section_15a
     _CAN0IDAR7                                 15B       1       1       0   .abs_section_15b
     _CAN0IDMR0                                 154       1       1       0   .abs_section_154
     _CAN0IDMR1                                 155       1       1       0   .abs_section_155
     _CAN0IDMR2                                 156       1       1       0   .abs_section_156
     _CAN0IDMR3                                 157       1       1       0   .abs_section_157
     _CAN0IDMR4                                 15C       1       1       0   .abs_section_15c
     _CAN0IDMR5                                 15D       1       1       0   .abs_section_15d
     _CAN0IDMR6                                 15E       1       1       0   .abs_section_15e
     _CAN0IDMR7                                 15F       1       1       0   .abs_section_15f
     _CAN0RFLG                                  144       1       1       0   .abs_section_144
     _CAN0RIER                                  145       1       1       0   .abs_section_145
     _CAN0RXDLR                                 16C       1       1       0   .abs_section_16c
     _CAN0RXDSR0                                164       1       1       0   .abs_section_164
     _CAN0RXDSR1                                165       1       1       0   .abs_section_165
     _CAN0RXDSR2                                166       1       1       0   .abs_section_166
     _CAN0RXDSR3                                167       1       1       0   .abs_section_167
     _CAN0RXDSR4                                168       1       1       0   .abs_section_168
     _CAN0RXDSR5                                169       1       1       0   .abs_section_169
     _CAN0RXDSR6                                16A       1       1       0   .abs_section_16a
     _CAN0RXDSR7                                16B       1       1       0   .abs_section_16b
     _CAN0RXERR                                 14E       1       1       0   .abs_section_14e
     _CAN0RXIDR0                                160       1       1       0   .abs_section_160
     _CAN0RXIDR1                                161       1       1       0   .abs_section_161
     _CAN0RXIDR2                                162       1       1       0   .abs_section_162
     _CAN0RXIDR3                                163       1       1       0   .abs_section_163
     _CAN0TAAK                                  149       1       1       0   .abs_section_149
     _CAN0TARQ                                  148       1       1       0   .abs_section_148
     _CAN0TBSEL                                 14A       1       1       0   .abs_section_14a
     _CAN0TFLG                                  146       1       1       0   .abs_section_146
     _CAN0TIER                                  147       1       1       0   .abs_section_147
     _CAN0TXDLR                                 17C       1       1       0   .abs_section_17c
     _CAN0TXDSR0                                174       1       1       0   .abs_section_174
     _CAN0TXDSR1                                175       1       1       0   .abs_section_175
     _CAN0TXDSR2                                176       1       1       0   .abs_section_176
     _CAN0TXDSR3                                177       1       1       0   .abs_section_177
     _CAN0TXDSR4                                178       1       1       0   .abs_section_178
     _CAN0TXDSR5                                179       1       1       0   .abs_section_179
     _CAN0TXDSR6                                17A       1       1       0   .abs_section_17a
     _CAN0TXDSR7                                17B       1       1       0   .abs_section_17b
     _CAN0TXERR                                 14F       1       1       0   .abs_section_14f
     _CAN0TXIDR0                                170       1       1       0   .abs_section_170
     _CAN0TXIDR1                                171       1       1       0   .abs_section_171
     _CAN0TXIDR2                                172       1       1       0   .abs_section_172
     _CAN0TXIDR3                                173       1       1       0   .abs_section_173
     _CAN0TXTBPR                                17F       1       1       0   .abs_section_17f
     _CAN4BTR0                                  282       1       1       0   .abs_section_282
     _CAN4BTR1                                  283       1       1       0   .abs_section_283
     _CAN4CTL0                                  280       1       1       0   .abs_section_280
     _CAN4CTL1                                  281       1       1       0   .abs_section_281
     _CAN4IDAC                                  28B       1       1       0   .abs_section_28b
     _CAN4IDAR0                                 290       1       1       0   .abs_section_290
     _CAN4IDAR1                                 291       1       1       0   .abs_section_291
     _CAN4IDAR2                                 292       1       1       0   .abs_section_292
     _CAN4IDAR3                                 293       1       1       0   .abs_section_293
     _CAN4IDAR4                                 298       1       1       0   .abs_section_298
     _CAN4IDAR5                                 299       1       1       0   .abs_section_299
     _CAN4IDAR6                                 29A       1       1       0   .abs_section_29a
     _CAN4IDAR7                                 29B       1       1       0   .abs_section_29b
     _CAN4IDMR0                                 294       1       1       0   .abs_section_294
     _CAN4IDMR1                                 295       1       1       0   .abs_section_295
     _CAN4IDMR2                                 296       1       1       0   .abs_section_296
     _CAN4IDMR3                                 297       1       1       0   .abs_section_297
     _CAN4IDMR4                                 29C       1       1       0   .abs_section_29c
     _CAN4IDMR5                                 29D       1       1       0   .abs_section_29d
     _CAN4IDMR6                                 29E       1       1       0   .abs_section_29e
     _CAN4IDMR7                                 29F       1       1       0   .abs_section_29f
     _CAN4RFLG                                  284       1       1       0   .abs_section_284
     _CAN4RIER                                  285       1       1       0   .abs_section_285
     _CAN4RXDLR                                 2AC       1       1       0   .abs_section_2ac
     _CAN4RXDSR0                                2A4       1       1       0   .abs_section_2a4
     _CAN4RXDSR1                                2A5       1       1       0   .abs_section_2a5
     _CAN4RXDSR2                                2A6       1       1       0   .abs_section_2a6
     _CAN4RXDSR3                                2A7       1       1       0   .abs_section_2a7
     _CAN4RXDSR4                                2A8       1       1       0   .abs_section_2a8
     _CAN4RXDSR5                                2A9       1       1       0   .abs_section_2a9
     _CAN4RXDSR6                                2AA       1       1       0   .abs_section_2aa
     _CAN4RXDSR7                                2AB       1       1       0   .abs_section_2ab
     _CAN4RXERR                                 28E       1       1       0   .abs_section_28e
     _CAN4RXIDR0                                2A0       1       1       0   .abs_section_2a0
     _CAN4RXIDR1                                2A1       1       1       0   .abs_section_2a1
     _CAN4RXIDR2                                2A2       1       1       0   .abs_section_2a2
     _CAN4RXIDR3                                2A3       1       1       0   .abs_section_2a3
     _CAN4TAAK                                  289       1       1       0   .abs_section_289
     _CAN4TARQ                                  288       1       1       0   .abs_section_288
     _CAN4TBSEL                                 28A       1       1       0   .abs_section_28a
     _CAN4TFLG                                  286       1       1       0   .abs_section_286
     _CAN4TIER                                  287       1       1       0   .abs_section_287
     _CAN4TXDLR                                 2BC       1       1       0   .abs_section_2bc
     _CAN4TXDSR0                                2B4       1       1       0   .abs_section_2b4
     _CAN4TXDSR1                                2B5       1       1       0   .abs_section_2b5
     _CAN4TXDSR2                                2B6       1       1       0   .abs_section_2b6
     _CAN4TXDSR3                                2B7       1       1       0   .abs_section_2b7
     _CAN4TXDSR4                                2B8       1       1       0   .abs_section_2b8
     _CAN4TXDSR5                                2B9       1       1       0   .abs_section_2b9
     _CAN4TXDSR6                                2BA       1       1       0   .abs_section_2ba
     _CAN4TXDSR7                                2BB       1       1       0   .abs_section_2bb
     _CAN4TXERR                                 28F       1       1       0   .abs_section_28f
     _CAN4TXIDR0                                2B0       1       1       0   .abs_section_2b0
     _CAN4TXIDR1                                2B1       1       1       0   .abs_section_2b1
     _CAN4TXIDR2                                2B2       1       1       0   .abs_section_2b2
     _CAN4TXIDR3                                2B3       1       1       0   .abs_section_2b3
     _CAN4TXTBPR                                2BF       1       1       0   .abs_section_2bf
     _CFORC                                      41       1       1       0   .abs_section_41
     _CLKSEL                                     39       1       1       2   .abs_section_39
     _COPCTL                                     3C       1       1       2   .abs_section_3c
     _CRGFLG                                     37       1       1       1   .abs_section_37
     _CRGINT                                     38       1       1       0   .abs_section_38
     _DDRE                                        9       1       1       1   .abs_section_9
     _DDRH                                      262       1       1       0   .abs_section_262
     _DDRJ                                      26A       1       1       0   .abs_section_26a
     _DDRK                                       33       1       1       1   .abs_section_33
     _DDRM                                      252       1       1       1   .abs_section_252
     _DDRP                                      25A       1       1       0   .abs_section_25a
     _DDRS                                      24A       1       1       0   .abs_section_24a
     _DDRT                                      242       1       1       0   .abs_section_242
     _DLYCT                                      69       1       1       0   .abs_section_69
     _EBICTL                                      E       1       1       0   .abs_section_e
     _ECLKDIV                                   110       1       1       1   .abs_section_110
     _ECMD                                      116       1       1       4   .abs_section_116
     _ECNFG                                     113       1       1       0   .abs_section_113
     _EPROT                                     114       1       1       0   .abs_section_114
     _ESTAT                                     115       1       1      17   .abs_section_115
     _FCLKDIV                                   100       1       1       0   .abs_section_100
     _FCMD                                      106       1       1       0   .abs_section_106
     _FCNFG                                     103       1       1       0   .abs_section_103
     _FPROT                                     104       1       1       1   .abs_section_104
     _FSEC                                      101       1       1       0   .abs_section_101
     _FSTAT                                     105       1       1       0   .abs_section_105
     _HPRIO                                      1F       1       1       0   .abs_section_1f
     _IBAD                                       E0       1       1       0   .abs_section_e0
     _IBCR                                       E2       1       1       0   .abs_section_e2
     _IBDR                                       E4       1       1       0   .abs_section_e4
     _IBFD                                       E1       1       1       0   .abs_section_e1
     _IBSR                                       E3       1       1       0   .abs_section_e3
     _ICOVW                                      6A       1       1       0   .abs_section_6a
     _ICPAR                                      68       1       1       0   .abs_section_68
     _ICSYS                                      6B       1       1       0   .abs_section_6b
     _INITEE                                     12       1       1       1   .abs_section_12
     _INITRG                                     11       1       1       0   .abs_section_11
     _INITRM                                     10       1       1       1   .abs_section_10
     _INTCR                                      1E       1       1       1   .abs_section_1e
     _ITCR                                       15       1       1       0   .abs_section_15
     _ITEST                                      16       1       1       0   .abs_section_16
     _MCCTL                                      66       1       1       0   .abs_section_66
     _MCFLG                                      67       1       1       0   .abs_section_67
     _MEMSIZ0                                    1C       1       1       5   .abs_section_1c
     _MEMSIZ1                                    1D       1       1       0   .abs_section_1d
     _MISC                                       13       1       1       0   .abs_section_13
     _MODE                                        B       1       1       0   .abs_section_b
     _MODRR                                     257       1       1       1   .abs_section_257
     _MTST0                                      14       1       1       0   .abs_section_14
     _MTST1                                      17       1       1       0   .abs_section_17
     _OC7D                                       43       1       1       0   .abs_section_43
     _OC7M                                       42       1       1       0   .abs_section_42
     _PACTL                                      60       1       1       0   .abs_section_60
     _PAFLG                                      61       1       1       0   .abs_section_61
     _PARTIDH                                    1A       1       1       0   .abs_section_1a
     _PARTIDL                                    1B       1       1       0   .abs_section_1b
     _PBCTL                                      70       1       1       0   .abs_section_70
     _PBFLG                                      71       1       1       0   .abs_section_71
     _PEAR                                        A       1       1       0   .abs_section_a
     _PERH                                      264       1       1       0   .abs_section_264
     _PERJ                                      26C       1       1       0   .abs_section_26c
     _PERM                                      254       1       1       0   .abs_section_254
     _PERP                                      25C       1       1       0   .abs_section_25c
     _PERS                                      24C       1       1       0   .abs_section_24c
     _PERT                                      244       1       1       0   .abs_section_244
     _PIEH                                      266       1       1       0   .abs_section_266
     _PIEJ                                      26E       1       1       0   .abs_section_26e
     _PIEP                                      25E       1       1       0   .abs_section_25e
     _PIFH                                      267       1       1       0   .abs_section_267
     _PIFJ                                      26F       1       1       0   .abs_section_26f
     _PIFP                                      25F       1       1       0   .abs_section_25f
     _PLLCTL                                     3A       1       1       2   .abs_section_3a
     _PORTAD0                                    8F       1       1       0   .abs_section_8f
     _PORTAD1                                   12F       1       1       0   .abs_section_12f
     _PORTE                                       8       1       1       7   .abs_section_8
     _PORTK                                      32       1       1       5   .abs_section_32
     _PPAGE                                      30       1       1       2   .abs_section_30
     _PPSH                                      265       1       1       0   .abs_section_265
     _PPSJ                                      26D       1       1       0   .abs_section_26d
     _PPSM                                      255       1       1       0   .abs_section_255
     _PPSP                                      25D       1       1       0   .abs_section_25d
     _PPSS                                      24D       1       1       0   .abs_section_24d
     _PPST                                      245       1       1       0   .abs_section_245
     _PTH                                       260       1       1       0   .abs_section_260
     _PTIH                                      261       1       1       0   .abs_section_261
     _PTIJ                                      269       1       1       0   .abs_section_269
     _PTIM                                      251       1       1       0   .abs_section_251
     _PTIP                                      259       1       1       0   .abs_section_259
     _PTIS                                      249       1       1       0   .abs_section_249
     _PTIT                                      241       1       1       0   .abs_section_241
     _PTJ                                       268       1       1       0   .abs_section_268
     _PTM                                       250       1       1       1   .abs_section_250
     _PTP                                       258       1       1       0   .abs_section_258
     _PTS                                       248       1       1       0   .abs_section_248
     _PTT                                       240       1       1       0   .abs_section_240
     _PUCR                                        C       1       1       0   .abs_section_c
     _PWMCAE                                     A4       1       1       0   .abs_section_a4
     _PWMCLK                                     A2       1       1       0   .abs_section_a2
     _PWMCTL                                     A5       1       1       0   .abs_section_a5
     _PWME                                       A0       1       1       0   .abs_section_a0
     _PWMPOL                                     A1       1       1       0   .abs_section_a1
     _PWMPRCLK                                   A3       1       1       0   .abs_section_a3
     _PWMSCLA                                    A8       1       1       0   .abs_section_a8
     _PWMSCLB                                    A9       1       1       0   .abs_section_a9
     _PWMSDN                                     C4       1       1       0   .abs_section_c4
     _RDRH                                      263       1       1       0   .abs_section_263
     _RDRIV                                       D       1       1       0   .abs_section_d
     _RDRJ                                      26B       1       1       0   .abs_section_26b
     _RDRM                                      253       1       1       0   .abs_section_253
     _RDRP                                      25B       1       1       0   .abs_section_25b
     _RDRS                                      24B       1       1       0   .abs_section_24b
     _RDRT                                      243       1       1       0   .abs_section_243
     _REFDV                                      35       1       1       1   .abs_section_35
     _RTICTL                                     3B       1       1       0   .abs_section_3b
     _SCI0CR1                                    CA       1       1       0   .abs_section_ca
     _SCI0CR2                                    CB       1       1       0   .abs_section_cb
     _SCI0DRH                                    CE       1       1       0   .abs_section_ce
     _SCI0DRL                                    CF       1       1       0   .abs_section_cf
     _SCI0SR1                                    CC       1       1       0   .abs_section_cc
     _SCI0SR2                                    CD       1       1       0   .abs_section_cd
     _SCI1CR1                                    D2       1       1       0   .abs_section_d2
     _SCI1CR2                                    D3       1       1       0   .abs_section_d3
     _SCI1DRH                                    D6       1       1       0   .abs_section_d6
     _SCI1DRL                                    D7       1       1       0   .abs_section_d7
     _SCI1SR1                                    D4       1       1       0   .abs_section_d4
     _SCI1SR2                                    D5       1       1       0   .abs_section_d5
     _SPI0BR                                     DA       1       1       0   .abs_section_da
     _SPI0CR1                                    D8       1       1       0   .abs_section_d8
     _SPI0CR2                                    D9       1       1       0   .abs_section_d9
     _SPI0DR                                     DD       1       1       0   .abs_section_dd
     _SPI0SR                                     DB       1       1       0   .abs_section_db
     _SPI1BR                                     F2       1       1       0   .abs_section_f2
     _SPI1CR1                                    F0       1       1       0   .abs_section_f0
     _SPI1CR2                                    F1       1       1       0   .abs_section_f1
     _SPI1DR                                     F5       1       1       0   .abs_section_f5
     _SPI1SR                                     F3       1       1       0   .abs_section_f3
     _SYNR                                       34       1       1       1   .abs_section_34
     _TCTL1                                      48       1       1       0   .abs_section_48
     _TCTL2                                      49       1       1       0   .abs_section_49
     _TCTL3                                      4A       1       1       0   .abs_section_4a
     _TCTL4                                      4B       1       1       0   .abs_section_4b
     _TFLG1                                      4E       1       1       0   .abs_section_4e
     _TFLG2                                      4F       1       1       1   .abs_section_4f
     _TIE                                        4C       1       1       0   .abs_section_4c
     _TIOS                                       40       1       1       0   .abs_section_40
     _TSCR1                                      46       1       1       1   .abs_section_46
     _TSCR2                                      4D       1       1       1   .abs_section_4d
     _TTOV                                       47       1       1       0   .abs_section_47
     _WOMM                                      256       1       1       0   .abs_section_256
     _WOMS                                      24E       1       1       0   .abs_section_24e
     _ATD0CTL23                                  82       2       2       0   .abs_section_82
     _ATD0CTL45                                  84       2       2       0   .abs_section_84
     _ATD0DR0                                    90       2       2       0   .abs_section_90
     _ATD0DR1                                    92       2       2       0   .abs_section_92
     _ATD0DR2                                    94       2       2       0   .abs_section_94
     _ATD0DR3                                    96       2       2       0   .abs_section_96
     _ATD0DR4                                    98       2       2       0   .abs_section_98
     _ATD0DR5                                    9A       2       2       0   .abs_section_9a
     _ATD0DR6                                    9C       2       2       0   .abs_section_9c
     _ATD0DR7                                    9E       2       2       0   .abs_section_9e
     _ATD1CTL23                                 122       2       2       0   .abs_section_122
     _ATD1CTL45                                 124       2       2       0   .abs_section_124
     _ATD1DR0                                   130       2       2       0   .abs_section_130
     _ATD1DR1                                   132       2       2       0   .abs_section_132
     _ATD1DR2                                   134       2       2       0   .abs_section_134
     _ATD1DR3                                   136       2       2       0   .abs_section_136
     _ATD1DR4                                   138       2       2       0   .abs_section_138
     _ATD1DR5                                   13A       2       2       0   .abs_section_13a
     _ATD1DR6                                   13C       2       2       0   .abs_section_13c
     _ATD1DR7                                   13E       2       2       0   .abs_section_13e
     _DDRAB                                       2       2       2       0   .abs_section_2
     _MCCNT                                      76       2       2       0   .abs_section_76
     _PA10H                                      74       2       2       0   .abs_section_74
     _PA32H                                      72       2       2       0   .abs_section_72
     _PACN10                                     64       2       2       0   .abs_section_64
     _PACN32                                     62       2       2       0   .abs_section_62
     _PORTAB                                      0       2       2       0   .abs_section_0
     _PWMCNT01                                   AC       2       2       0   .abs_section_ac
     _PWMCNT23                                   AE       2       2       0   .abs_section_ae
     _PWMCNT45                                   B0       2       2       0   .abs_section_b0
     _PWMCNT67                                   B2       2       2       0   .abs_section_b2
     _PWMDTY01                                   BC       2       2       0   .abs_section_bc
     _PWMDTY23                                   BE       2       2       0   .abs_section_be
     _PWMDTY45                                   C0       2       2       0   .abs_section_c0
     _PWMDTY67                                   C2       2       2       0   .abs_section_c2
     _PWMPER01                                   B4       2       2       0   .abs_section_b4
     _PWMPER23                                   B6       2       2       0   .abs_section_b6
     _PWMPER45                                   B8       2       2       0   .abs_section_b8
     _PWMPER67                                   BA       2       2       0   .abs_section_ba
     _SCI0BD                                     C8       2       2       0   .abs_section_c8
     _SCI1BD                                     D0       2       2       0   .abs_section_d0
     _TC0                                        50       2       2       0   .abs_section_50
     _TC0H                                       78       2       2       0   .abs_section_78
     _TC1                                        52       2       2       0   .abs_section_52
     _TC1H                                       7A       2       2       0   .abs_section_7a
     _TC2                                        54       2       2       0   .abs_section_54
     _TC2H                                       7C       2       2       0   .abs_section_7c
     _TC3                                        56       2       2       0   .abs_section_56
     _TC3H                                       7E       2       2       0   .abs_section_7e
     _TC4                                        58       2       2       0   .abs_section_58
     _TC5                                        5A       2       2       0   .abs_section_5a
     _TC6                                        5C       2       2       0   .abs_section_5c
     _TC7                                        5E       2       2       0   .abs_section_5e
     _TCNT                                       44       2       2       8   .abs_section_44
MODULE:                 -- main.C.o --
- PROCEDURES:
     main                                      D321       F      15       0   .text       
- VARIABLES:
     init_FSEC                                 FF0E       2       2       0   .abs_section_ff0e
MODULE:                 -- bb_vectors.c.o --
- PROCEDURES:
     ap_jump_63__Fv                            D330       8       8       1   .text       
     ap_jump_62__Fv                            D338       8       8       1   .text       
     ap_jump_61__Fv                            D340       8       8       1   .text       
     ap_jump_60__Fv                            D348       8       8       1   .text       
     ap_jump_59__Fv                            D350       8       8       1   .text       
     ap_jump_58__Fv                            D358       8       8       1   .text       
     ap_jump_57__Fv                            D360       8       8       1   .text       
     ap_jump_56__Fv                            D368       8       8       1   .text       
     ap_jump_55__Fv                            D370       8       8       1   .text       
     ap_jump_54__Fv                            D378       8       8       1   .text       
     ap_jump_53__Fv                            D380       8       8       1   .text       
     ap_jump_52__Fv                            D388       8       8       1   .text       
     ap_jump_51__Fv                            D390       8       8       1   .text       
     ap_jump_50__Fv                            D398       8       8       1   .text       
     ap_jump_49__Fv                            D3A0       8       8       1   .text       
     ap_jump_48__Fv                            D3A8       8       8       1   .text       
     ap_jump_47__Fv                            D3B0       8       8       1   .text       
     ap_jump_46__Fv                            D3B8       8       8       1   .text       
     ap_jump_45__Fv                            D3C0       8       8       1   .text       
     ap_jump_44__Fv                            D3C8       8       8       1   .text       
     ap_jump_43__Fv                            D3D0       8       8       1   .text       
     ap_jump_42__Fv                            D3D8       8       8       1   .text       
     ap_jump_41__Fv                            D3E0       8       8       1   .text       
     ap_jump_40__Fv                            D3E8       8       8       1   .text       
     ap_jump_39__Fv                            D3F0       8       8       1   .text       
     ap_jump_38__Fv                            D3F8       8       8       1   .text       
     ap_jump_37__Fv                            D400       8       8       1   .text       
     ap_jump_36__Fv                            D408       8       8       1   .text       
     ap_jump_35__Fv                            D410       8       8       1   .text       
     ap_jump_34__Fv                            D418       8       8       1   .text       
     ap_jump_33__Fv                            D420       8       8       1   .text       
     ap_jump_32__Fv                            D428       8       8       1   .text       
     ap_jump_31__Fv                            D430       8       8       1   .text       
     ap_jump_30__Fv                            D438       8       8       1   .text       
     ap_jump_29__Fv                            D440       8       8       1   .text       
     ap_jump_28__Fv                            D448       8       8       1   .text       
     ap_jump_27__Fv                            D450       8       8       1   .text       
     ap_jump_26__Fv                            D458       8       8       1   .text       
     ap_jump_25__Fv                            D460       8       8       1   .text       
     ap_jump_24__Fv                            D468       8       8       1   .text       
     ap_jump_23__Fv                            D470       8       8       1   .text       
     ap_jump_22__Fv                            D478       8       8       1   .text       
     ap_jump_21__Fv                            D480       8       8       1   .text       
     ap_jump_20__Fv                            D488       8       8       1   .text       
     ap_jump_19__Fv                            D490       8       8       1   .text       
     ap_jump_18__Fv                            D498       8       8       1   .text       
     ap_jump_17__Fv                            D4A0       8       8       1   .text       
     ap_jump_16__Fv                            D4A8       8       8       1   .text       
     ap_jump_15__Fv                            D4B0       8       8       1   .text       
     ap_jump_14__Fv                            D4B8       8       8       1   .text       
     ap_jump_13__Fv                            D4C0       8       8       1   .text       
     ap_jump_12__Fv                            D4C8       8       8       1   .text       
     ap_jump_11__Fv                            D4D0       8       8       1   .text       
     ap_jump_10__Fv                            D4D8       8       8       1   .text       
     ap_jump_9__Fv                             D4E0       8       8       1   .text       
     ap_jump_8__Fv                             D4E8       8       8       1   .text       
     ap_jump_7__Fv                             D4F0       8       8       1   .text       
     ap_jump_6__Fv                             D4F8       8       8       1   .text       
     ap_jump_5__Fv                             D500       8       8       1   .text       
     ap_jump_4__Fv                             D508       8       8       1   .text       
- VARIABLES:
     _vect                                     FF80      80     128       0   .abs_section_ff80
MODULE:                 -- hw_vectors.c.o --
- PROCEDURES:
     nu_isr__Fv                                CEE3       1       1      51   NON_BANKED  
- VARIABLES:
     hw_pvector_table                          C0A5      80     128       1   .rodata     
MODULE:                 -- af_main.c.o --
- PROCEDURES:
     ts_info_read__FUc                         D510      7A     122       1   .text       
     af_main__FUc                              D58A     16A     362       3   .text       
- VARIABLES:
     cycle_num                                 200C       4       4       8   .bss        
     tasks_initialized.45                      2010       1       1       4   .bss        
     run_mask.46                               2011       1       1       2   .bss        
     task_stats                                2243      38      56      18   .common     
     ts_dv_block                               227B       B      11       2   .common     
MODULE:                 -- ap_bootblock.c.o --
- PROCEDURES:
     ap_bootblock_initialize__Fv               D6F4      35      53       1   .text       
     ap_bootblock_update__Fv                   D729      36      54       1   .text       
- VARIABLES:
     bb_status                                 2012       1       1       5   .bss        
     capture_window                            2286       6       6       2   .common     
     uS_count                                  228C       2       2       1   .common     
     mS_count                                  228E       2       2       1   .common     
     S_count                                   2290       2       2       1   .common     
MODULE:                 -- hw_can_tx.c.o --
- PROCEDURES:
     Enable__12hw_can_txmsgFUc.32              D75F       8       8       1   .text       
     initialize__12hw_can_txmsgFv              D767      21      33       1   .text       
     SendNow__12hw_can_txmsgFv                 D788      47      71       2   .text       
     initialize__21hw_can_tx_scheduler_tFP10hw_mscan_t       D7CF       D      13       2   .text       
     update__21hw_can_tx_scheduler_tFv         D7DC      57      87       1   .text       
     get_next_msg__21hw_can_tx_scheduler_tFv       D833      58      88       3   .text       
     add_msg__21hw_can_tx_scheduler_tFP12hw_can_txmsg       D88B      36      54       1   .text       
- VARIABLES:
MODULE:                 -- hw_can_rx.c.o --
- PROCEDURES:
     initialize__12hw_can_rxmsgFv              D8C1       D      13       1   .text       
     initialize__19hw_can_rx_handler_tFv       D8CE       7       7       2   .text       
     update__19hw_can_rx_handler_tFv           D8D5      2B      43       1   .text       
[...]
                                write_byte__19dv_table_block_listFUiUc read_byte__19dv_table_block_listFUi 
                                write_word__19dv_table_block_listFUiT1 
                                process_bservice_prog_cmd__FPC12hw_can_msg_tP12hw_can_msg_t 
read_byte__19dv_table_block_listFUi USES GetBlock__19dv_table_block_listFUi 
read_word__19dv_table_block_listFUi USES GetBlock__19dv_table_block_listFUi 
write_byte__19dv_table_block_listFUiUc USES GetBlock__19dv_table_block_listFUi 
write_word__19dv_table_block_listFUiT1 USES GetBlock__19dv_table_block_listFUi 
process_bservice_prog_cmd__FPC12hw_can_msg_tP12hw_can_msg_t USES _CASE_CHECKED 
                                process_bservice_prog_cmd__FPC12hw_can_msg_tP12hw_can_msg_t _TCNT bservice_seed bservice_prog_mode 
                                hw_nvm_eeprom_erase__FUi hw_nvm_flash_erase__FUi fd 
                                hw_nvm_program__FUlT0Ui reset_after_delay 
flash_initialize__Fv      USES NVMInit_C NVMInit Descriptor NVMInit_status 
                                NVMSectorErase_inRAM NVMSectorErase_C NVMSectorErase NVMMassErase_C 
                                NVMMassErase NVMProgram_inRAM NVMProgram_C NVMProgram 
flash_erase_sectors__FUlUs USES CCR_reg call_back_function NVMSectorErase 
                                estatus 
flash_erase_blocks__FUs   USES CCR_reg call_back_function NVMMassErase estatus 
PROG_to_SSD_address__FUl  USES _LSHL 
flash_program__FUlT0Us    USES _LSHL _LDEC CCR_reg call_back_function 
                                Descriptor RangeCheck_C NVMProgram pstatus _PPAGE 
hw_nvm_flash_checksum__FUi USES FLASH_SECTIONS _PPAGE 
hw_nvm_flash_erase__FUi   USES FLASH_SECTIONS flash_erase_blocks__FUs 
                                PROG_to_SSD_address__FUl _LSHRU flash_erase_sectors__FUlUs 
hw_nvm_program__FUlT0Ui   USES flash_program__FUlT0Us 
hw_nvm_eeprom_erase__FUi  USES EEPROM_SECTIONS _LSHRU 
                                flash_erase_sectors__FUlUs 
hw_nvm_initialize__Fv     USES flash_initialize__Fv hw_eeprom_initialize__Fv 
hw_nvm_update__Fv         USES hw_eeprom_update__Fv 
hw_clock_initialize__Fv   USES _TSCR1 _TSCR2 
hw_clock__Fv              USES TCNT_overflows _TCNT 
hw_clock_uS__Fv           USES big_TCNT_overflows TCNT_overflows _TCNT _LSHRU 
                                _ISHL 
hw_clock_mS__Fv           USES big_TCNT_overflows TCNT_overflows _TCNT _LSHRU 
                                _ISHL 
hw_clock_S__Fv            USES big_TCNT_overflows TCNT_overflows _TCNT _LSHRU 
hw_clock_convert_uS_to_clockticks__FUl USES _LMUL _LSHRU 
hwt_eeprom_test_update__Fv USES eet_state _CASE_CHECKED 
                                hwt_eeprom_test_update__Fv _ESTAT hwt_eeprom_tcmd hwt_eeprom_tfailures 
                                hwt_eeprom_tstate eet_address EET_PATTERN _ECMD 
hw_eeprom_initialize__Fv  USES _ECLKDIV hwt_eeprom_tcmd hwt_eeprom_tfailures 
                                hwt_eeprom_tstate 
hw_eeprom_update__Fv      USES _ESTAT hw_eeprom_update__Fv wq_size wq_tail 
                                wq_e _ECMD hwt_eeprom_test_update__Fv 
__sf_12hw_can_txq_t_HWC_CAN0_txq_post_tx_calback__FP12hw_can_txmsg USES 
                                __sf_12hw_can_txq_t_HWC_CAN0_txq 
                                post_tx_callback__12hw_can_txq_tFP12hw_can_txmsg 
__sf_12hw_can_txq_t_HWC_CAN4_txq_post_tx_calback__FP12hw_can_txmsg USES 
                                __sf_12hw_can_txq_t_HWC_CAN4_txq 
                                post_tx_callback__12hw_can_txq_tFP12hw_can_txmsg 
initialize__12hw_can_txq_tFUc USES initialize__12hw_can_txmsgFv 
                                __sf_12hw_can_txq_t_HWC_CAN0_txq_post_tx_calback__FP12hw_can_txmsg __sf_12hw_can_txq_t_HWC_CAN0_txq 
                                __sf_12hw_can_txq_t_HWC_CAN4_txq_post_tx_calback__FP12hw_can_txmsg __sf_12hw_can_txq_t_HWC_CAN4_txq 
                                hw_can_tx_scheduler 
                                add_msg__21hw_can_tx_scheduler_tFP12hw_can_txmsg 
send_msg__12hw_can_txq_tFPC12hw_can_msg_t USES SendNow__12hw_can_txmsgFv _LINC 
                                _COPY 
post_tx_callback__12hw_can_txq_tFP12hw_can_txmsg USES _COPY 
                                SendNow__12hw_can_txmsgFv 
_vect                     USES ap_jump_63__Fv ap_jump_62__Fv ap_jump_61__Fv 
                                ap_jump_60__Fv ap_jump_59__Fv ap_jump_58__Fv ap_jump_57__Fv 
                                ap_jump_56__Fv ap_jump_55__Fv ap_jump_54__Fv ap_jump_53__Fv 
                                ap_jump_52__Fv ap_jump_51__Fv ap_jump_50__Fv ap_jump_49__Fv 
                                ap_jump_48__Fv ap_jump_47__Fv ap_jump_46__Fv ap_jump_45__Fv 
                                ap_jump_44__Fv ap_jump_43__Fv ap_jump_42__Fv ap_jump_41__Fv 
                                ap_jump_40__Fv ap_jump_39__Fv ap_jump_38__Fv ap_jump_37__Fv 
                                ap_jump_36__Fv ap_jump_35__Fv ap_jump_34__Fv ap_jump_33__Fv 
                                ap_jump_32__Fv ap_jump_31__Fv ap_jump_30__Fv ap_jump_29__Fv 
                                ap_jump_28__Fv ap_jump_27__Fv ap_jump_26__Fv ap_jump_25__Fv 
                                ap_jump_24__Fv ap_jump_23__Fv ap_jump_22__Fv ap_jump_21__Fv 
                                ap_jump_20__Fv ap_jump_19__Fv ap_jump_18__Fv ap_jump_17__Fv 
                                ap_jump_16__Fv ap_jump_15__Fv ap_jump_14__Fv ap_jump_13__Fv 
                                ap_jump_12__Fv ap_jump_11__Fv ap_jump_10__Fv ap_jump_9__Fv 
                                ap_jump_8__Fv ap_jump_7__Fv ap_jump_6__Fv ap_jump_5__Fv 
                                ap_jump_4__Fv hw_PowerOn_reset__Fv hw_COP_reset__Fv 

*********************************************************************************************
DEPENDENCY TREE
*********************************************************************************************
 main and _Startup Group
 | 
 +- main                
 |  | 
 |  +- hw_pvector_table    
 |  |  | 
 |  |  +- nu_isr__Fv          
 |  |  |    
 |  |  +- CAN4_Tx_Vector__Fv  
 |  |  |  | 
 |  |  |  +- transmit_isr__10hw_mscan_tFv
 |  |  |       
 |  |  +- CAN4_Rx_Vector__Fv  
 |  |  |  | 
 |  |  |  +- receive_isr__10hw_mscan_tFv
 |  |  |       
 |  |  +- CAN4_Err_Vector__Fv 
 |  |  |  | 
 |  |  |  +- error_isr__10hw_mscan_tFv
 |  |  |       
 |  |  +- CAN4_Wup_Vector__Fv 
 |  |  |  | 
 |  |  |  +- wakeup_isr__10hw_mscan_tFv
 |  |  |       
 |  |  +- CAN0_Tx_Vector__Fv  
 |  |  |  | 
 |  |  |  +- transmit_isr__10hw_mscan_tFv (see above)
 |  |  |     
 |  |  +- CAN0_Rx_Vector__Fv  
 |  |  |  | 
 |  |  |  +- receive_isr__10hw_mscan_tFv (see above)
 |  |  |     
 |  |  +- CAN0_Err_Vector__Fv 
 |  |  |  | 
 |  |  |  +- error_isr__10hw_mscan_tFv (see above)
 |  |  |     
 |  |  +- CAN0_Wup_Vector__Fv 
 |  |  |  | 
 |  |  |  +- wakeup_isr__10hw_mscan_tFv (see above)
 |  |  |     
 |  |  +- hw_clock_TCNT_overflow__Fv
 |  |  |    
 |  |  +- hw_PowerOn_reset__Fv
 |  |  |  | 
 |  |  |  +- hw_COP_reset__Fv    
 |  |  |     | 
 |  |  |     +- _Startup            
 |  |  |        | 
 |  |  |        +- Init__Fv            
 |  |  |        |    
 |  |  |        +- Fini__Fv            
 |  |  |             
 |  |  +- hw_COP_reset__Fv     (see above)
 |  |     
 |  +- hw_initialize__Fv   
 |  |  | 
 |  |  +- hw_clock_initialize__Fv
 |  |       
 |  +- af_main__FUc        
 |     | 
 |     +- _BSHL               
 |     |    
 |     +- initialize__14dv_table_blockFUc
 |     |    
 |     +- ts_info_read__FUc   
 |     |  | 
 |     |  +- _CASE_CHECKED_BYTE  
 |     |  |    
 |     |  +- hw_reset_max_stack__Fv
 |     |       
 |     +- add_block__19dv_table_block_listFP14dv_table_block
 |     |    
 |     +- hw_clock_convert_uS_to_clockticks__FUl
 |     |  | 
 |     |  +- _LMUL               
 |     |  |    
 |     |  +- _LSHRU              
 |     |       
 |     +- hw_clock__Fv        
 |     |    
 |     +- _LCMP_P             
 |     |    
 |     +- _LINC               
 |     |    
 |     +- hw_clock_uS__Fv     
 |     |  | 
 |     |  +- _LSHRU               (see above)
 |     |  |  
 |     |  +- _ISHL               
 |     |       
 |     +- ap_tasks            
 |        | 
 |        +- hw_io_initialize__Fv
 |        |  | 
 |        |  +- hw_mcu_initialize__Fv
 |        |  |    
 |        |  +- hw_can_initialize__Fv
 |        |  |  | 
 |        |  |  +- initialize__10hw_mscan_tFP15reg_thw_mscan_t
 |        |  |  |  | 
 |        |  |  |  +- null_callback__FP12hw_can_msg_t
 |        |  |  |       
 |        |  |  +- initialize__21hw_can_tx_scheduler_tFP10hw_mscan_t
 |        |  |  |    
 |        |  |  +- initialize__19hw_can_rx_handler_tFv
 |        |  |  |    
 |        |  |  +- initialize__12hw_can_txq_tFUc
 |        |  |  |  | 
 |        |  |  |  +- initialize__12hw_can_txmsgFv
 |        |  |  |  |    
 |        |  |  |  +- __sf_12hw_can_txq_t_HWC_CAN0_txq_post_tx_calback__FP12hw_can_txmsg
 |        |  |  |  |  | 
 |        |  |  |  |  +- post_tx_callback__12hw_can_txq_tFP12hw_can_txmsg
 |        |  |  |  |     | 
 |        |  |  |  |     +- _COPY               
 |        |  |  |  |     |    
 |        |  |  |  |     +- SendNow__12hw_can_txmsgFv
 |        |  |  |  |        | 
 |        |  |  |  |        +- TxBufferAvailiable__10hw_mscan_tFv
 |        |  |  |  |        |    
 |        |  |  |  |        +- SendFrame__10hw_mscan_tFP12hw_can_msg_t
 |        |  |  |  |        |    
 |        |  |  |  |        +- Enable__12hw_can_txmsgFUc.32
 |        |  |  |  |             
 |        |  |  |  +- __sf_12hw_can_txq_t_HWC_CAN4_txq_post_tx_calback__FP12hw_can_txmsg
 |        |  |  |  |  | 
 |        |  |  |  |  +- post_tx_callback__12hw_can_txq_tFP12hw_can_txmsg (see above)
 |        |  |  |  |     
 |        |  |  |  +- add_msg__21hw_can_tx_scheduler_tFP12hw_can_txmsg
 |        |  |  |       
 |        |  |  +- CAN0_receive_handler__FP12hw_can_msg_t
 |        |  |  |  | 
 |        |  |  |  +- process_msg__19hw_can_rx_handler_tFP12hw_can_msg_t
 |        |  |  |     | 
 |        |  |  |     +- memcpy2             
 |        |  |  |          
 |        |  |  +- CAN0_msg_tx_success__FP12hw_can_msg_t
 |        |  |  |  | 
 |        |  |  |  +- get_next_msg__21hw_can_tx_scheduler_tFv
 |        |  |  |  |    
 |        |  |  |  +- SendFrame__10hw_mscan_tFP12hw_can_msg_t (see above)
 |        |  |  |     
 |        |  |  +- CAN4_receive_handler__FP12hw_can_msg_t
 |        |  |  |  | 
 |        |  |  |  +- process_msg__19hw_can_rx_handler_tFP12hw_can_msg_t (see above)
 |        |  |  |     
 |        |  |  +- CAN4_msg_tx_success__FP12hw_can_msg_t
 |        |  |     | 
 |        |  |     +- get_next_msg__21hw_can_tx_scheduler_tFv (see above)
 |        |  |     |  
 |        |  |     +- SendFrame__10hw_mscan_tFP12hw_can_msg_t (see above)
 |        |  |        
 |        |  +- hw_nvm_initialize__Fv
 |        |  |  | 
 |        |  |  +- flash_initialize__Fv
 |        |  |  |    
 |        |  |  +- hw_eeprom_initialize__Fv
 |        |  |       
 |        |  +- initialize__11nvm_ecuid_tFv
 |        |       
 |        +- hw_io_update__Fv    
 |        |  | 
 |        |  +- hw_can_update__Fv   
 |        |  |  | 
 |        |  |  +- update__21hw_can_tx_scheduler_tFv
 |        |  |  |  | 
 |        |  |  |  +- TxBufferAvailiable__10hw_mscan_tFv (see above)
 |        |  |  |  |  
 |        |  |  |  +- get_next_msg__21hw_can_tx_scheduler_tFv (see above)
 |        |  |  |  |  
 |        |  |  |  +- SendFrame__10hw_mscan_tFP12hw_can_msg_t (see above)
 |        |  |  |     
 |        |  |  +- update__19hw_can_rx_handler_tFv
 |        |  |       
 |        |  +- hw_nvm_update__Fv   
 |        |  |  | 
 |        |  |  +- hw_eeprom_update__Fv
 |        |  |     | 
 |        |  |     +- hwt_eeprom_test_update__Fv
 |        |  |        | 
 |        |  |        +- _CASE_CHECKED       
 |        |  |             
 |        |  +- hw_mcu_update__Fv   
 |        |  |  | 
 |        |  |  +- update__12status_LED_tFv
 |        |  |       
 |        |  +- hw_reset_max_stack__Fv (see above)
 |        |     
 |        +- ap_bservice_initialize__Fv
 |        |  | 
 |        |  +- set_J1939ID__9hw_can_idFUcN31
 |        |  |  | 
 |        |  |  +- _BSHRU              
 |        |  |       
 |        |  +- send_msg__12hw_can_txq_tFPC12hw_can_msg_t
 |        |  |  | 
 |        |  |  +- SendNow__12hw_can_txmsgFv (see above)
 |        |  |  |  
 |        |  |  +- _LINC                (see above)
 |        |  |  |  
 |        |  |  +- _COPY                (see above)
 |        |  |     
 |        |  +- unpack_bservice_request_1__FP12hw_can_msg_t
 |        |  |  | 
 |        |  |  +- unpack_bservice_request__FP12hw_can_msg_tUc
 |        |  |     | 
 |        |  |     +- get_J1939_PS__9hw_can_idFv.17
 |        |  |     |    
 |        |  |     +- process_bservice_cmd__FPC12hw_can_msg_tP12hw_can_msg_t
 |        |  |     |  | 
 |        |  |     |  +- set_J1939ID__9hw_can_idFUcN31 (see above)
 |        |  |     |  |  
 |        |  |     |  +- _CASE_CHECKED_BYTE   (see above)
 |        |  |     |  |  
 |        |  |     |  +- read_word__19dv_table_block_listFUi
 |        |  |     |  |  | 
 |        |  |     |  |  +- GetBlock__19dv_table_block_listFUi
 |        |  |     |  |       
 |        |  |     |  +- write_byte__19dv_table_block_listFUiUc
 |        |  |     |  |  | 
 |        |  |     |  |  +- GetBlock__19dv_table_block_listFUi (see above)
 |        |  |     |  |     
 |        |  |     |  +- read_byte__19dv_table_block_listFUi
 |        |  |     |  |  | 
 |        |  |     |  |  +- GetBlock__19dv_table_block_listFUi (see above)
 |        |  |     |  |     
 |        |  |     |  +- write_word__19dv_table_block_listFUiT1
 |        |  |     |  |  | 
 |        |  |     |  |  +- GetBlock__19dv_table_block_listFUi (see above)
 |        |  |     |  |     
 |        |  |     |  +- process_bservice_prog_cmd__FPC12hw_can_msg_tP12hw_can_msg_t
 |        |  |     |     | 
 |        |  |     |     +- _CASE_CHECKED        (see above)
 |        |  |     |     |  
 |        |  |     |     +- hw_nvm_eeprom_erase__FUi
 |        |  |     |     |  | 
 |        |  |     |     |  +- _LSHRU               (see above)
 |        |  |     |     |  |  
 |        |  |     |     |  +- flash_erase_sectors__FUlUs
 |        |  |     |     |       
 |        |  |     |     +- hw_nvm_flash_erase__FUi
 |        |  |     |     |  | 
 |        |  |     |     |  +- flash_erase_blocks__FUs
 |        |  |     |     |  |    
 |        |  |     |     |  +- PROG_to_SSD_address__FUl
 |        |  |     |     |  |  | 
 |        |  |     |     |  |  +- _LSHL               
 |        |  |     |     |  |       
 |        |  |     |     |  +- _LSHRU               (see above)
 |        |  |     |     |  |  
 |        |  |     |     |  +- flash_erase_sectors__FUlUs (see above)
 |        |  |     |     |     
 |        |  |     |     +- hw_nvm_program__FUlT0Ui
 |        |  |     |        | 
 |        |  |     |        +- flash_program__FUlT0Us
 |        |  |     |           | 
 |        |  |     |           +- _LSHL                (see above)
 |        |  |     |           |  
 |        |  |     |           +- _LDEC               
 |        |  |     |                
 |        |  |     +- send_msg__12hw_can_txq_tFPC12hw_can_msg_t (see above)
 |        |  |        
 |        |  +- unpack_bservice_request_0__FP12hw_can_msg_t
 |        |  |  | 
 |        |  |  +- unpack_bservice_request__FP12hw_can_msg_tUc (see above)
 |        |  |     
 |        |  +- initialize__12hw_can_rxmsgFv
 |        |  |    
 |        |  +- add_msg__19hw_can_rx_handler_tFP12hw_can_rxmsg
 |        |  |    
 |        |  +- initialize__14dv_table_blockFUc (see above)
 |        |  |  
 |        |  +- bservice_dv_read_byte__FUc
 |        |  |    
 |        |  +- bservice_dv_read_word__FUc
 |        |  |    
 |        |  +- add_block__19dv_table_block_listFP14dv_table_block (see above)
 |        |  |  
 |        |  +- CAN01_tx_msg_update__Fv
 |        |     | 
 |        |     +- set_J1939ID__9hw_can_idFUcN31 (see above)
 |        |     |  
 |        |     +- bservice_dv_read_byte__FUc (see above)
 |        |     |  
 |        |     +- send_msg__12hw_can_txq_tFPC12hw_can_msg_t (see above)
 |        |        
 |        +- ap_bservice_update__Fv
 |        |  | 
 |        |  +- hw_reset_force__FUcT0
 |        |  |    
 |        |  +- CAN01_tx_msg_update__Fv (see above)
 |        |     
 |        +- ap_bootblock_initialize__Fv
 |        |  | 
 |        |  +- SetPeriod_mS__8hw_timerFUi
 |        |  |  | 
 |        |  |  +- __sf_8hw_timer_mS_count__Fv
 |        |  |     | 
 |        |  |     +- hw_clock_mS__Fv     
 |        |  |        | 
 |        |  |        +- _LSHRU               (see above)
 |        |  |        |  
 |        |  |        +- _ISHL                (see above)
 |        |  |           
 |        |  +- SetFlashRate__12status_LED_tFUi
 |        |  |    
 |        |  +- hw_mcu_SetPowerHold__FUc
 |        |  |    
 |        |  +- hw_nvm_flash_checksum__FUi
 |        |       
 |        +- ap_bootblock_update__Fv
 |           | 
 |           +- hw_clock_uS__Fv      (see above)
 |           |  
 |           +- hw_clock_mS__Fv      (see above)
 |           |  
 |           +- hw_clock_S__Fv      
 |           |  | 
 |           |  +- _LSHRU               (see above)
 |           |     
 |           +- GetState__8hw_timerFv
 |           |  | 
 |           |  +- __sf_8hw_timer_mS_count__Fv (see above)
 |           |     
 |           +- hw_reset_force__FUcT0 (see above)
 |              
 +- _Startup             (see above)
    
 _vect               
 | 
 +- ap_jump_63__Fv      
 |    
 +- ap_jump_62__Fv      
 |    
 +- ap_jump_61__Fv      
 |    
 +- ap_jump_60__Fv      
 |    
 +- ap_jump_59__Fv      
 |    
 +- ap_jump_58__Fv      
 |    
 +- ap_jump_57__Fv      
 |    
 +- ap_jump_56__Fv      
 |    
 +- ap_jump_55__Fv      
 |    
 +- ap_jump_54__Fv      
 |    
 +- ap_jump_53__Fv      
 |    
 +- ap_jump_52__Fv      
 |    
 +- ap_jump_51__Fv      
 |    
 +- ap_jump_50__Fv      
 |    
 +- ap_jump_49__Fv      
 |    
 +- ap_jump_48__Fv      
 |    
 +- ap_jump_47__Fv      
 |    
 +- ap_jump_46__Fv      
 |    
 +- ap_jump_45__Fv      
 |    
 +- ap_jump_44__Fv      
 |    
 +- ap_jump_43__Fv      
 |    
 +- ap_jump_42__Fv      
 |    
 +- ap_jump_41__Fv      
 |    
 +- ap_jump_40__Fv      
 |    
 +- ap_jump_39__Fv      
 |    
 +- ap_jump_38__Fv      
 |    
 +- ap_jump_37__Fv      
 |    
 +- ap_jump_36__Fv      
 |    
 +- ap_jump_35__Fv      
 |    
 +- ap_jump_34__Fv      
 |    
 +- ap_jump_33__Fv      
 |    
 +- ap_jump_32__Fv      
 |    
 +- ap_jump_31__Fv      
 |    
 +- ap_jump_30__Fv      
 |    
 +- ap_jump_29__Fv      
 |    
 +- ap_jump_28__Fv      
 |    
 +- ap_jump_27__Fv      
 |    
 +- ap_jump_26__Fv      
 |    
 +- ap_jump_25__Fv      
 |    
 +- ap_jump_24__Fv      
 |    
 +- ap_jump_23__Fv      
 |    
 +- ap_jump_22__Fv      
 |    
 +- ap_jump_21__Fv      
 |    
 +- ap_jump_20__Fv      
 |    
 +- ap_jump_19__Fv      
 |    
 +- ap_jump_18__Fv      
 |    
 +- ap_jump_17__Fv      
 |    
 +- ap_jump_16__Fv      
 |    
 +- ap_jump_15__Fv      
 |    
 +- ap_jump_14__Fv      
 |    
 +- ap_jump_13__Fv      
 |    
 +- ap_jump_12__Fv      
 |    
 +- ap_jump_11__Fv      
 |    
 +- ap_jump_10__Fv      
 |    
 +- ap_jump_9__Fv       
 |    
 +- ap_jump_8__Fv       
 |    
 +- ap_jump_7__Fv       
 |    
 +- ap_jump_6__Fv       
 |    
 +- ap_jump_5__Fv       
 |    
 +- ap_jump_4__Fv       
 |    
 +- hw_PowerOn_reset__Fv (see above)
 |  
 +- hw_COP_reset__Fv     (see above)
    
*********************************************************************************************
STATISTIC SECTION
---------------------------------------------------------------------------------------------

ExeFile:
--------
Number of blocks to be downloaded: 9
Total size of all blocks to be downloaded: 11088

