###############################################################################
#
# IAR ELF Linker V8.22.1.15669/W32 for ARM                14/Sep/2018  08:55:40
# Copyright 2007-2018 IAR Systems AB.
#
#    Output file  =  
#        C:\Projects\SVNrepo\dibh-prod-esEMex\iar\mex_gateway_Release\Exe\mex_gateway_Release.out
#    Map file     =  
#        C:\Projects\SVNrepo\dibh-prod-esEMex\iar\mex_gateway_Release\List\mex_gateway_Release.map
#    Command line =  
#        -f C:\Users\mmaffeo\AppData\Local\Temp\EW4344.tmp
#        (C:\Projects\SVNrepo\dibh-prod-esEMex\iar\mex_gateway_Release\Obj\ap.o
#        C:\Projects\SVNrepo\dibh-prod-esEMex\iar\mex_gateway_Release\Obj\ap_bservice.o
#        C:\Projects\SVNrepo\dibh-prod-esEMex\iar\mex_gateway_Release\Obj\ap_bservice_CAN04.o
#        C:\Projects\SVNrepo\dibh-prod-esEMex\iar\mex_gateway_Release\Obj\ap_bservice_CANOpen.o
#        C:\Projects\SVNrepo\dibh-prod-esEMex\iar\mex_gateway_Release\Obj\ap_bservice_CANStd.o
#        C:\Projects\SVNrepo\dibh-prod-esEMex\iar\mex_gateway_Release\Obj\ap_bservice_dv.o
#        C:\Projects\SVNrepo\dibh-prod-esEMex\iar\mex_gateway_Release\Obj\ap_bservice_prog.o
#        C:\Projects\SVNrepo\dibh-prod-esEMex\iar\mex_gateway_Release\Obj\ap_bsp.o
#        C:\Projects\SVNrepo\dibh-prod-esEMex\iar\mex_gateway_Release\Obj\ap_can.o
#        C:\Projects\SVNrepo\dibh-prod-esEMex\iar\mex_gateway_Release\Obj\ap_cdata.o
#        C:\Projects\SVNrepo\dibh-prod-esEMex\iar\mex_gateway_Release\Obj\ap_deluxeG5.o
#        C:\Projects\SVNrepo\dibh-prod-esEMex\iar\mex_gateway_Release\Obj\ap_deluxeG55.o
#        C:\Projects\SVNrepo\dibh-prod-esEMex\iar\mex_gateway_Release\Obj\ap_dv.o
#        C:\Projects\SVNrepo\dibh-prod-esEMex\iar\mex_gateway_Release\Obj\ap_eeprom.o
#        C:\Projects\SVNrepo\dibh-prod-esEMex\iar\mex_gateway_Release\Obj\ap_eeprom_bsp.o
#        C:\Projects\SVNrepo\dibh-prod-esEMex\iar\mex_gateway_Release\Obj\ap_engine.o
#        C:\Projects\SVNrepo\dibh-prod-esEMex\iar\mex_gateway_Release\Obj\ap_gateway.o
#        C:\Projects\SVNrepo\dibh-prod-esEMex\iar\mex_gateway_Release\Obj\ap_hwt.o
#        C:\Projects\SVNrepo\dibh-prod-esEMex\iar\mex_gateway_Release\Obj\ap_keylessentry.o
#        C:\Projects\SVNrepo\dibh-prod-esEMex\iar\mex_gateway_Release\Obj\ap_keylessstart.o
#        C:\Projects\SVNrepo\dibh-prod-esEMex\iar\mex_gateway_Release\Obj\ap_main.o
#        C:\Projects\SVNrepo\dibh-prod-esEMex\iar\mex_gateway_Release\Obj\ap_schd.o
#        C:\Projects\SVNrepo\dibh-prod-esEMex\iar\mex_gateway_Release\Obj\ap_subs.o
#        C:\Projects\SVNrepo\dibh-prod-esEMex\iar\mex_gateway_Release\Obj\ap_tasks.o
#        C:\Projects\SVNrepo\dibh-prod-esEMex\iar\mex_gateway_Release\Obj\ap_version.o
#        C:\Projects\SVNrepo\dibh-prod-esEMex\iar\mex_gateway_Release\Obj\cancipher.o
#        C:\Projects\SVNrepo\dibh-prod-esEMex\iar\mex_gateway_Release\Obj\global.o
#        C:\Projects\SVNrepo\dibh-prod-esEMex\iar\mex_gateway_Release\Obj\hw_adc.o
#        C:\Projects\SVNrepo\dibh-prod-esEMex\iar\mex_gateway_Release\Obj\hw_can.o
#        C:\Projects\SVNrepo\dibh-prod-esEMex\iar\mex_gateway_Release\Obj\hw_can_rx.o
#        C:\Projects\SVNrepo\dibh-prod-esEMex\iar\mex_gateway_Release\Obj\hw_can_tx.o
#        C:\Projects\SVNrepo\dibh-prod-esEMex\iar\mex_gateway_Release\Obj\hw_can_txq.o
#        C:\Projects\SVNrepo\dibh-prod-esEMex\iar\mex_gateway_Release\Obj\hw_clock.o
#        C:\Projects\SVNrepo\dibh-prod-esEMex\iar\mex_gateway_Release\Obj\hw_dio.o
#        C:\Projects\SVNrepo\dibh-prod-esEMex\iar\mex_gateway_Release\Obj\hw_fin.o
#        C:\Projects\SVNrepo\dibh-prod-esEMex\iar\mex_gateway_Release\Obj\hw_gauge.o
#        C:\Projects\SVNrepo\dibh-prod-esEMex\iar\mex_gateway_Release\Obj\hw_io.o
#        C:\Projects\SVNrepo\dibh-prod-esEMex\iar\mex_gateway_Release\Obj\hw_mcu.o
#        C:\Projects\SVNrepo\dibh-prod-esEMex\iar\mex_gateway_Release\Obj\hw_nvm.o
#        C:\Projects\SVNrepo\dibh-prod-esEMex\iar\mex_gateway_Release\Obj\hw_pwm.o
#        C:\Projects\SVNrepo\dibh-prod-esEMex\iar\mex_gateway_Release\Obj\hw_timer.o
#        C:\Projects\SVNrepo\dibh-prod-esEMex\iar\mex_gateway_Release\Obj\iar_stf4_cstartup.o
#        C:\Projects\SVNrepo\dibh-prod-esEMex\iar\mex_gateway_Release\Obj\J1939_msg.o
#        C:\Projects\SVNrepo\dibh-prod-esEMex\iar\mex_gateway_Release\Obj\J1939_TP.o
#        C:\Projects\SVNrepo\dibh-prod-esEMex\iar\mex_gateway_Release\Obj\J1939_TP_rx.o
#        C:\Projects\SVNrepo\dibh-prod-esEMex\iar\mex_gateway_Release\Obj\J1939_TP_tx.o
#        C:\Projects\SVNrepo\dibh-prod-esEMex\iar\mex_gateway_Release\Obj\main.o
#        C:\Projects\SVNrepo\dibh-prod-esEMex\iar\mex_gateway_Release\Obj\mod_Inputs.o
#        C:\Projects\SVNrepo\dibh-prod-esEMex\iar\mex_gateway_Release\Obj\mod_Library.o
#        C:\Projects\SVNrepo\dibh-prod-esEMex\iar\mex_gateway_Release\Obj\mod_Outputs.o
#        C:\Projects\SVNrepo\dibh-prod-esEMex\iar\mex_gateway_Release\Obj\mod_Panel.o
#        C:\Projects\SVNrepo\dibh-prod-esEMex\iar\mex_gateway_Release\Obj\mod_System.o
#        C:\Projects\SVNrepo\dibh-prod-esEMex\iar\mex_gateway_Release\Obj\MX_Gtwy_Control.o
#        C:\Projects\SVNrepo\dibh-prod-esEMex\iar\mex_gateway_Release\Obj\MX_Gtwy_Control_data.o
#        C:\Projects\SVNrepo\dibh-prod-esEMex\iar\mex_gateway_Release\Obj\nvm_ecuid.o
#        C:\Projects\SVNrepo\dibh-prod-esEMex\iar\mex_gateway_Release\Obj\passwordverifier.o
#        C:\Projects\SVNrepo\dibh-prod-esEMex\iar\mex_gateway_Release\Obj\SendMsgNow.o
#        C:\Projects\SVNrepo\dibh-prod-esEMex\iar\mex_gateway_Release\Obj\stf4_bsp_adc.o
#        C:\Projects\SVNrepo\dibh-prod-esEMex\iar\mex_gateway_Release\Obj\stf4_bsp_can.o
#        C:\Projects\SVNrepo\dibh-prod-esEMex\iar\mex_gateway_Release\Obj\stf4_bsp_clock.o
#        C:\Projects\SVNrepo\dibh-prod-esEMex\iar\mex_gateway_Release\Obj\stf4_bsp_com.o
#        C:\Projects\SVNrepo\dibh-prod-esEMex\iar\mex_gateway_Release\Obj\stf4_bsp_din.o
#        C:\Projects\SVNrepo\dibh-prod-esEMex\iar\mex_gateway_Release\Obj\stf4_bsp_dout.o
#        C:\Projects\SVNrepo\dibh-prod-esEMex\iar\mex_gateway_Release\Obj\stf4_bsp_ecuid.o
#        C:\Projects\SVNrepo\dibh-prod-esEMex\iar\mex_gateway_Release\Obj\stf4_bsp_fin.o
#        C:\Projects\SVNrepo\dibh-prod-esEMex\iar\mex_gateway_Release\Obj\stf4_bsp_mcu.o
#        C:\Projects\SVNrepo\dibh-prod-esEMex\iar\mex_gateway_Release\Obj\stf4_bsp_nvm.o
#        C:\Projects\SVNrepo\dibh-prod-esEMex\iar\mex_gateway_Release\Obj\stf4_bsp_pwm.o
#        C:\Projects\SVNrepo\dibh-prod-esEMex\iar\mex_gateway_Release\Obj\stf4_bsp_rom.o
#        C:\Projects\SVNrepo\dibh-prod-esEMex\iar\mex_gateway_Release\Obj\stf4_bsp_rtc.o
#        C:\Projects\SVNrepo\dibh-prod-esEMex\iar\mex_gateway_Release\Obj\stf4_bsp_sdata.o
#        C:\Projects\SVNrepo\dibh-prod-esEMex\iar\mex_gateway_Release\Obj\stf4_fifo.o
#        C:\Projects\SVNrepo\dibh-prod-esEMex\iar\mex_gateway_Release\Obj\stf4_iic.o
#        C:\Projects\SVNrepo\dibh-prod-esEMex\iar\mex_gateway_Release\Obj\stf4_timer.o
#        C:\Projects\SVNrepo\dibh-prod-esEMex\iar\mex_gateway_Release\Obj\stf4_vectors.o
#        C:\Projects\SVNrepo\dibh-prod-esEMex\iar\mex_gateway_Release\Obj\stm32f4xx_adc.o
#        C:\Projects\SVNrepo\dibh-prod-esEMex\iar\mex_gateway_Release\Obj\stm32f4xx_can.o
#        C:\Projects\SVNrepo\dibh-prod-esEMex\iar\mex_gateway_Release\Obj\stm32f4xx_dma.o
#        C:\Projects\SVNrepo\dibh-prod-esEMex\iar\mex_gateway_Release\Obj\stm32f4xx_gpio.o
#        C:\Projects\SVNrepo\dibh-prod-esEMex\iar\mex_gateway_Release\Obj\stm32f4xx_i2c.o
#        C:\Projects\SVNrepo\dibh-prod-esEMex\iar\mex_gateway_Release\Obj\stm32f4xx_iwdg.o
#        C:\Projects\SVNrepo\dibh-prod-esEMex\iar\mex_gateway_Release\Obj\stm32f4xx_pwr.o
#        C:\Projects\SVNrepo\dibh-prod-esEMex\iar\mex_gateway_Release\Obj\stm32f4xx_rcc.o
#        C:\Projects\SVNrepo\dibh-prod-esEMex\iar\mex_gateway_Release\Obj\stm32f4xx_rtc.o
#        C:\Projects\SVNrepo\dibh-prod-esEMex\iar\mex_gateway_Release\Obj\stm32f4xx_tim.o
#        C:\Projects\SVNrepo\dibh-prod-esEMex\iar\mex_gateway_Release\Obj\stm32f4xx_usart.o
#        C:\Projects\SVNrepo\dibh-prod-esEMex\iar\mex_gateway_Release\Obj\system_stm32f4xx.o
#        -o
#        C:\Projects\SVNrepo\dibh-prod-esEMex\iar\mex_gateway_Release\Exe\mex_gateway_Release.out
#        --map
#        C:\Projects\SVNrepo\dibh-prod-esEMex\iar\mex_gateway_Release\List\mex_gateway_Release.map
#        --config C:\Projects\SVNrepo\dibh-prod-esEMex\iar\stf4_app.icf
#        --semihosting --entry __iar_program_start --inline --vfe --text_out
#        locale)
#
###############################################################################

*******************************************************************************
*** RUNTIME MODEL ATTRIBUTES
***

CppFlavor                     = *
__CPP_Exceptions              = Disabled
__CPP_Language                = C++14
__Heap_Handler                = Basic
__SystemLibrary               = DLib
__dlib_dynamic_initialization = normal
__dlib_version                = 6


*******************************************************************************
*** HEAP SELECTION
***

The basic heap was selected because no calls to memory allocation
functions were found in the application outside of system library
functions, and there are calls to deallocation functions in the
application.


*******************************************************************************
*** PLACEMENT SUMMARY
***

"A0":  place at 0x080ffffc { ro section .checksum };
"A1":  place at 0x08040000 { ro section .intvec };
define block SDATA with size = 256, alignment = 8 { };
"A2":  place at start of [from 0x10000000 to 0x1000ffff] { block SDATA };
define block RAMVEC with size = 1088, alignment = 8 { };
"A3":  place at start of [from 0x20000000 to 0x2001ffff] { block RAMVEC };
define block CSTACK with size = 4K, alignment = 8 { };
"A4":  place at end of [from 0x10000000 to 0x1000ffff] { block CSTACK };
"P1":  place in [from 0x08040000 to 0x080fffff] { ro };
define block HEAP with size = 0M, alignment = 8 { };
"P2":  place in [from 0x20000000 to 0x2001ffff] { rw, block HEAP };
initialize by copy { rw };
keep { block SDATA, ro section .checksum };

No sections matched the following patterns:

  section .sram  in "P3"


  Section                Kind        Address     Size  Object
  -------                ----        -------     ----  ------
"A1":                                            0x40
  .intvec                const    0x08040000     0x40  iar_stf4_cstartup.o [1]
                                - 0x08040040     0x40

"P1":                                         0x2be7c
  .text                  ro code  0x08040040   0x80dc  mod_System.o [1]
  .text                  ro code  0x0804811c    0x128  SendMsgNow.o [1]
  .text                  ro code  0x08048244   0x18c0  MX_Gtwy_Control.o [1]
  .text                  ro code  0x08049b04      0x6  ABImemclr.o [6]
  .text                  ro code  0x08049b0a     0x7a  lz77_init_single.o [6]
  .text                  ro code  0x08049b84     0x76  ABImemcpy_unaligned.o [6]
  .rodata                const    0x08049bfa      0x6  ap_bservice.o [1]
  .text                  ro code  0x08049c00      0x6  ABImemclr4.o [6]
  .text                  ro code  0x08049c06    0x12a  hw_can_tx.o [1]
  .text                  ro code  0x08049d30   0x14a8  ap_eeprom.o [1]
  .text                  ro code  0x0804b1d8     0x30  SendMsgNow.o [1]
  .text                  ro code  0x0804b208      0xa  SendMsgNow.o [1]
  .rodata                const    0x0804b212      0x1  unwind_debug.o [7]
  .text                  ro code  0x0804b214    0x124  hw_can_txq.o [1]
  .text                  ro code  0x0804b338   0x2124  ap_can.o [1]
  .text                  ro code  0x0804d45c   0x76d0  mod_Inputs.o [1]
  .text                  ro code  0x08054b2c   0x3f74  mod_Outputs.o [1]
  .text                  ro code  0x08058aa0   0x1720  mod_Library.o [1]
  .text                  ro code  0x0805a1c0   0x2920  mod_Panel.o [1]
  .text                  ro code  0x0805cae0     0x66  ABImemset.o [6]
  .text                  ro code  0x0805cb48     0x3a  ABImemset48.o [6]
  .text                  ro code  0x0805cb84    0x176  hw_can.o [1]
  .text                  ro code  0x0805ccfc    0x818  stf4_bsp_mcu.o [1]
  .text                  ro code  0x0805d514    0x2f8  hw_nvm.o [1]
  .text                  ro code  0x0805d80c    0x3c8  ap_bservice.o [1]
  .text                  ro code  0x0805dbd4    0x554  hw_dio.o [1]
  .text                  ro code  0x0805e128    0x8d8  ap_subs.o [1]
  .text                  ro code  0x0805ea00    0xbbc  ap_bservice_CAN04.o [1]
  .text                  ro code  0x0805f5bc     0x16  ap_deluxeG55.o [1]
  .text                  ro code  0x0805f5d4    0x32c  J1939_TP_tx.o [1]
  .text                  ro code  0x0805f900     0xc6  hw_can_rx.o [1]
  .text                  ro code  0x0805f9c8    0x438  stf4_bsp_can.o [1]
  .text                  ro code  0x0805fe00    0x1c0  stm32f4xx_rcc.o [1]
  .text                  ro code  0x0805ffc0     0xaa  stm32f4xx_gpio.o [1]
  .text                  ro code  0x0806006c     0x8c  stf4_vectors.o [1]
  .text                  ro code  0x080600f8     0x4c  iar_stf4_cstartup.o [1]
  .text                  ro code  0x08060144    0x18c  stf4_timer.o [1]
  .text                  ro code  0x080602d0    0x584  stf4_iic.o [1]
  .text                  ro code  0x08060854     0x10  stm32f4xx_iwdg.o [1]
  .text                  ro code  0x08060864    0x48c  stf4_bsp_nvm.o [1]
  .text                  ro code  0x08060cf0     0xb8  hw_adc.o [1]
  .text                  ro code  0x08060da8    0x106  ap_bservice_dv.o [1]
  .text                  ro code  0x08060eb0     0x9e  hw_mcu.o [1]
  .text                  ro code  0x08060f50     0xe4  ap_bservice_prog.o [1]
  .text                  ro code  0x08061034    0x1d8  hw_io.o [1]
  .text                  ro code  0x0806120c    0x490  stf4_bsp_dout.o [1]
  .text                  ro code  0x0806169c     0xc8  stf4_bsp_sdata.o [1]
  .text                  ro code  0x08061764    0x1cc  stf4_bsp_din.o [1]
  .text                  ro code  0x08061930     0x1e  hw_clock.o [1]
  .text                  ro code  0x0806194e     0x28  J1939_TP_tx.o [1]
  .text                  ro code  0x08061976     0x18  J1939_TP_tx.o [1]
  .text                  ro code  0x0806198e     0xc4  stf4_fifo.o [1]
  .text                  ro code  0x08061a54    0x354  stm32f4xx_can.o [1]
  .text                  ro code  0x08061da8    0x12c  system_stm32f4xx.o [1]
  .text                  ro code  0x08061ed4      0xc  cstartup_M.o [6]
  .text                  ro code  0x08061ee0    0x1be  stm32f4xx_i2c.o [1]
  .text                  ro code  0x080620a0    0x110  stf4_bsp_clock.o [1]
  .text                  ro code  0x080621b0    0x83c  stf4_bsp_adc.o [1]
  .text                  ro code  0x080629ec     0xb0  rand.o [3]
  .text                  ro code  0x08062a9c     0x2a  hw_fin.o [1]
  .text                  ro code  0x08062ac8     0x1c  nvm_ecuid.o [1]
  .text                  ro code  0x08062ae4    0x1c4  stf4_bsp_rom.o [1]
  .text                  ro code  0x08062ca8     0x22  fpinit_M.o [5]
  .text                  ro code  0x08062ccc     0x1e  cmain.o [6]
  .text                  ro code  0x08062cec     0xec  stm32f4xx_dma.o [1]
  .text                  ro code  0x08062dd8    0x190  stm32f4xx_adc.o [1]
  .text                  ro code  0x08062f68    0x350  stf4_bsp_fin.o [1]
  .text                  ro code  0x080632b8     0x28  data_init.o [6]
  .text                  ro code  0x080632e0     0x18  main.o [1]
  .text                  ro code  0x080632f8      0x4  exit.o [3]
  .text                  ro code  0x080632fc    0x360  stm32f4xx_tim.o [1]
  .text                  ro code  0x0806365c    0x22e  I64DivMod.o [6]
  .text                  ro code  0x0806388c    0x174  ap_bsp.o [1]
  .text                  ro code  0x08063a00    0x16c  ap.o [1]
  .text                  ro code  0x08063b6c      0xa  cexit.o [6]
  .text                  ro code  0x08063b78      0x2  I64DivZer.o [6]
  .text                  ro code  0x08063b7c    0x17e  stf4_bsp_rtc.o [1]
  .text                  ro code  0x08063cfc     0x34  stf4_bsp_ecuid.o [1]
  .text                  ro code  0x08063d30    0x340  stf4_bsp_pwm.o [1]
  .text                  ro code  0x08064070    0x304  ap_cdata.o [1]
  .text                  ro code  0x08064374    0x19c  ap_schd.o [1]
  .text                  ro code  0x08064510     0x14  exit.o [7]
  .text                  ro code  0x08064524     0x14  stm32f4xx_pwr.o [1]
  .text                  ro code  0x08064538    0x254  stm32f4xx_rtc.o [1]
  .text                  ro code  0x0806478c   0x1d88  ap_deluxeG5.o [1]
  .text                  ro code  0x08066514     0x16  ap_deluxeG5.o [1]
  .text                  ro code  0x0806652c    0x3c0  J1939_TP_rx.o [1]
  .text                  ro code  0x080668ec      0xe  J1939_TP_rx.o [1]
  .text                  ro code  0x080668fa      0xe  J1939_TP_rx.o [1]
  .text                  ro code  0x08066908     0x12  J1939_TP_rx.o [1]
  .text                  ro code  0x0806691a     0x20  J1939_TP_rx.o [1]
  .text                  ro code  0x0806693c   0x12ec  ap_main.o [1]
  .text                  ro code  0x08067c28     0x5c  hw_pwm.o [1]
  .text                  ro code  0x08067c84    0x1aa  ap_gateway.o [1]
  .text                  ro code  0x08067e30   0x1070  ap_dv.o [1]
  .text                  ro code  0x08068ea0    0x520  ap_bservice_CANOpen.o [1]
  .text                  ro code  0x080693c0    0xb94  ap_engine.o [1]
  .text                  ro code  0x08069f54    0x874  ap_deluxeG55.o [1]
  .text                  ro code  0x0806a7c8    0x2c4  ap_keylessstart.o [1]
  .text                  ro code  0x0806aa8c    0x5f4  ap_keylessentry.o [1]
  .text                  ro code  0x0806b080     0x2c  ap_bservice_CANStd.o [1]
  .text                  ro code  0x0806b0ac      0x6  ap_bservice_CANOpen.o [1]
  .text                  ro code  0x0806b0b2     0x12  ap_deluxeG55.o [1]
  .text                  ro code  0x0806b0c4    0x2f0  cancipher.o [1]
  .text                  ro code  0x0806b3b4     0x22  I64Shl.o [6]
  .text                  ro code  0x0806b3d8     0x60  passwordverifier.o [1]
  .text                  ro code  0x0806b438     0x10  ap_bservice_CANStd.o [1]
  .text                  ro code  0x0806b448    0x3e0  ap_hwt.o [1]
  .text                  ro code  0x0806b828      0x2  hw_gauge.o [1]
  .rodata                const    0x0806b82c    0x3d8  MX_Gtwy_Control_data.o [1]
  .text                  ro code  0x0806bc04     0x40  zero_init3.o [6]
  .rodata                const    0x0806bc44     0x3b  ap_version.o [1]
  .rodata                const    0x0806bc80     0x30  ap_tasks.o [1]
  .iar.init_table        const    0x0806bcb0     0x24  - Linker created -
  .rodata                const    0x0806bcd4     0x20  stf4_bsp_adc.o [1]
  .text                  ro code  0x0806bcf4     0x20  cmain_call_ctors.o [6]
  .text                  ro code  0x0806bd14     0x18  cppinit.o [3]
  .rodata                const    0x0806bd2c     0x1c  ap_hwt.o [1]
  .rodata                const    0x0806bd48      0x4  stf4_bsp_ecuid.o [1]
  SHT$$PREINIT_ARRAY              0x0806bd4c      0x0  <Block>
  SHT$$INIT_ARRAY                 0x0806bd4c      0x4  <Block>
    .init_array          const    0x0806bd4c      0x4  cancipher.o [1]
  __iar_tls$$INIT_ARRAY           0x0806bd50      0x0  <Block>
  .rodata                const    0x0806bd50      0x0  zero_init3.o [6]
  .rodata                const    0x0806bd50      0x0  lz77_init_single.o [6]
  Initializer bytes      const    0x0806bd50    0x16c  <for P2-1>
                                - 0x0806bebc  0x2be7c

"A0":                                             0x4
  .checksum              const    0x080ffffc      0x4  iar_stf4_cstartup.o [1]
                                - 0x08100000      0x4

"A2":                                           0x100
  SDATA                           0x10000000    0x100  <Block>
    SDATA                uninit   0x10000000    0x100  <Block tail>
                                - 0x10000100    0x100

"A4":                                          0x1000
  CSTACK                          0x1000f000   0x1000  <Block>
    CSTACK               uninit   0x1000f000   0x1000  <Block tail>
                                - 0x10010000   0x1000

"A3":                                           0x440
  RAMVEC                          0x20000000    0x440  <Block>
    RAMVEC               uninit   0x20000000    0x440  <Block tail>
                                - 0x20000440    0x440

"P2", part 1 of 2:                             0x23a0
  P2-1                            0x20000440   0x23a0  <Init block>
    .data                inited   0x20000440      0x4  ap_bservice.o [1]
    .data                inited   0x20000444     0x10  ap_bservice_CAN04.o [1]
    .data                inited   0x20000454     0x2e  ap_bservice_CAN04.o [1]
    .data                inited   0x20000484     0x18  ap_deluxeG55.o [1]
    .data                inited   0x2000049c      0x4  ap_dv.o [1]
    .data                inited   0x200004a0     0x1c  ap_keylessentry.o [1]
    .data                inited   0x200004bc      0xc  stf4_bsp_clock.o [1]
    .data                inited   0x200004c8      0xc  stf4_bsp_clock.o [1]
    .data                inited   0x200004d4   0x2180  stf4_bsp_nvm.o [1]
    .data                inited   0x20002654    0x154  stf4_bsp_pwm.o [1]
    .data                inited   0x200027a8     0x10  stm32f4xx_rcc.o [1]
    .data                inited   0x200027b8      0x8  rand.o [3]
    .data                inited   0x200027c0     0x1a  ap_main.o [1]
    .data                inited   0x200027da      0x6  hw_mcu.o [1]
                                - 0x200027e0   0x23a0

"P2", part 2 of 2:                             0x46b8
  .bss                   zero     0x200027e0    0xc60  stf4_bsp_can.o [1]
  .bss                   zero     0x20003440    0xa10  ap_eeprom.o [1]
  .bss                   zero     0x20003e50    0x6e0  MX_Gtwy_Control.o [1]
  .bss                   zero     0x20004530    0x518  ap_can.o [1]
  .bss                   zero     0x20004a48    0x3a8  stf4_bsp_adc.o [1]
  .bss                   zero     0x20004df0    0x280  hw_can.o [1]
  .bss                   zero     0x20005070    0x248  ap_engine.o [1]
  .bss                   zero     0x200052b8    0x222  ap_deluxeG5.o [1]
  .bss                   zero     0x200054da      0x6  hw_nvm.o [1]
  .bss                   zero     0x200054e0    0x1f4  ap.o [1]
  .bss                   zero     0x200056d4    0x1f4  ap_gateway.o [1]
  .bss                   zero     0x200058c8    0x174  ap_deluxeG5.o [1]
  .bss                   zero     0x20005a3c    0x174  ap_engine.o [1]
  .bss                   zero     0x20005bb0    0x110  ap_cdata.o [1]
  .bss                   zero     0x20005cc0    0x100  stf4_bsp_fin.o [1]
  .bss                   zero     0x20005dc0     0xc8  ap_eeprom.o [1]
  .bss                   zero     0x20005e88     0xc0  MX_Gtwy_Control.o [1]
  .bss                   zero     0x20005f48     0xb0  ap_deluxeG55.o [1]
  .bss                   zero     0x20005ff8     0xa0  ap_bservice_CAN04.o [1]
  .bss                   zero     0x20006098     0x84  rand.o [3]
  .bss                   zero     0x2000611c     0x80  ap_bservice.o [1]
  .bss                   zero     0x2000619c     0x80  ap_bservice_CAN04.o [1]
  .bss                   zero     0x2000621c     0x74  ap_dv.o [1]
  .bss                   zero     0x20006290     0x70  ap_can.o [1]
  .bss                   zero     0x20006300     0x70  ap_can.o [1]
  .bss                   zero     0x20006370     0x6c  ap_hwt.o [1]
  .bss                   zero     0x200063dc     0x64  ap_can.o [1]
  .bss                   zero     0x20006440     0x64  ap_deluxeG5.o [1]
  .bss                   zero     0x200064a4     0x64  ap_gateway.o [1]
  .bss                   zero     0x20006508     0x44  stf4_bsp_pwm.o [1]
  .bss                   zero     0x2000654c     0x44  stf4_bsp_pwm.o [1]
  .bss                   zero     0x20006590     0x32  ap_engine.o [1]
  .bss                   zero     0x200065c2      0x2  ap_bservice.o [1]
  .bss                   zero     0x200065c4     0x30  ap_bservice_CANOpen.o [1]
  .bss                   zero     0x200065f4     0x30  ap_bservice_CANOpen.o [1]
  .bss                   zero     0x20006624     0x30  ap_bservice_CANOpen.o [1]
  .bss                   zero     0x20006654     0x30  ap_can.o [1]
  .bss                   zero     0x20006684     0x30  ap_can.o [1]
  .bss                   zero     0x200066b4     0x30  ap_can.o [1]
  .bss                   zero     0x200066e4     0x30  ap_can.o [1]
  .bss                   zero     0x20006714     0x30  ap_can.o [1]
  .bss                   zero     0x20006744     0x30  ap_can.o [1]
  .bss                   zero     0x20006774     0x30  ap_deluxeG55.o [1]
  .bss                   zero     0x200067a4     0x30  ap_deluxeG55.o [1]
  .bss                   zero     0x200067d4     0x30  ap_eeprom.o [1]
  .bss                   zero     0x20006804     0x30  ap_keylessentry.o [1]
  .bss                   zero     0x20006834     0x30  ap_keylessentry.o [1]
  .bss                   zero     0x20006864     0x30  ap_keylessstart.o [1]
  .bss                   zero     0x20006894     0x30  MX_Gtwy_Control.o [1]
  .bss                   zero     0x200068c4     0x2c  ap_bservice_CANOpen.o [1]
  .bss                   zero     0x200068f0     0x28  ap_can.o [1]
  .bss                   zero     0x20006918     0x28  ap_can.o [1]
  .bss                   zero     0x20006940     0x28  ap_can.o [1]
  .bss                   zero     0x20006968     0x28  ap_can.o [1]
  .bss                   zero     0x20006990     0x28  ap_deluxeG5.o [1]
  .bss                   zero     0x200069b8     0x28  ap_deluxeG55.o [1]
  .bss                   zero     0x200069e0     0x28  ap_keylessentry.o [1]
  .bss                   zero     0x20006a08     0x28  ap_keylessstart.o [1]
  .bss                   zero     0x20006a30     0x24  stf4_bsp_can.o [1]
  .bss                   zero     0x20006a54     0x24  stf4_bsp_can.o [1]
  .bss                   zero     0x20006a78     0x24  stf4_bsp_can.o [1]
  .bss                   zero     0x20006a9c     0x24  stf4_bsp_can.o [1]
  .bss                   zero     0x20006ac0     0x24  stf4_bsp_mcu.o [1]
  .bss                   zero     0x20006ae4     0x20  ap_can.o [1]
  .bss                   zero     0x20006b04     0x20  ap_deluxeG5.o [1]
  .bss                   zero     0x20006b24     0x20  ap_deluxeG5.o [1]
  .bss                   zero     0x20006b44     0x20  ap_dv.o [1]
  .bss                   zero     0x20006b64     0x20  ap_dv.o [1]
  .bss                   zero     0x20006b84     0x20  ap_dv.o [1]
  .bss                   zero     0x20006ba4     0x20  global.o [1]
  .bss                   zero     0x20006bc4     0x20  MX_Gtwy_Control.o [1]
  .bss                   zero     0x20006be4     0x20  stf4_bsp_nvm.o [1]
  .bss                   zero     0x20006c04     0x20  stf4_bsp_nvm.o [1]
  .bss                   zero     0x20006c24     0x19  MX_Gtwy_Control.o [1]
  .bss                   zero     0x20006c3d      0x2  ap_keylessentry.o [1]
  .bss                   zero     0x20006c3f      0x1  ap_bservice.o [1]
  .bss                   zero     0x20006c40     0x18  stf4_iic.o [1]
  .bss                   zero     0x20006c58     0x14  ap_bservice_CANOpen.o [1]
  .bss                   zero     0x20006c6c     0x14  ap_deluxeG5.o [1]
  .bss                   zero     0x20006c80     0x14  stf4_bsp_din.o [1]
  .bss                   zero     0x20006c94     0x10  cancipher.o [1]
  .bss                   zero     0x20006ca4     0x10  hw_can.o [1]
  .bss                   zero     0x20006cb4     0x10  stf4_bsp_dout.o [1]
  .bss                   zero     0x20006cc4      0xd  stf4_bsp_ecuid.o [1]
  .bss                   zero     0x20006cd2      0x2  ap_bservice_prog.o [1]
  .bss                   zero     0x20006cd4      0xc  hw_can_txq.o [1]
  .bss                   zero     0x20006ce0      0xa  ap_can.o [1]
  .bss                   zero     0x20006cea      0x2  ap_can.o [1]
  .bss                   zero     0x20006cec      0x9  stf4_bsp_rtc.o [1]
  .bss                   zero     0x20006cf6      0x2  ap_dv.o [1]
  .bss                   zero     0x20006cf8      0x8  ap_bservice_CANStd.o [1]
  .bss                   zero     0x20006d00      0x8  ap_can.o [1]
  .bss                   zero     0x20006d08      0x8  ap_subs.o [1]
  .bss                   zero     0x20006d10      0x8  global.o [1]
  .bss                   zero     0x20006d18      0x8  global.o [1]
  .bss                   zero     0x20006d20      0x8  global.o [1]
  .bss                   zero     0x20006d28      0x8  global.o [1]
  .bss                   zero     0x20006d30      0x8  global.o [1]
  .bss                   zero     0x20006d38      0x8  global.o [1]
  .bss                   zero     0x20006d40      0x8  global.o [1]
  .bss                   zero     0x20006d48      0x8  global.o [1]
  .bss                   zero     0x20006d50      0x8  global.o [1]
  .bss                   zero     0x20006d58      0x8  hw_dio.o [1]
  .bss                   zero     0x20006d60      0x8  nvm_ecuid.o [1]
  .bss                   zero     0x20006d68      0x8  stf4_bsp_sdata.o [1]
  .bss                   zero     0x20006d70      0x8  stf4_vectors.o [1]
  .bss                   zero     0x20006d78      0x4  ap_bservice_dv.o [1]
  .bss                   zero     0x20006d7c      0x4  ap_bsp.o [1]
  .bss                   zero     0x20006d80      0x4  ap_cdata.o [1]
  .bss                   zero     0x20006d84      0x4  ap_subs.o [1]
  .bss                   zero     0x20006d88      0x4  ap_subs.o [1]
  .bss                   zero     0x20006d8c      0x4  ap_subs.o [1]
  .bss                   zero     0x20006d90      0x4  global.o [1]
  .bss                   zero     0x20006d94      0x4  global.o [1]
  .bss                   zero     0x20006d98      0x4  global.o [1]
  .bss                   zero     0x20006d9c      0x4  global.o [1]
  .bss                   zero     0x20006da0      0x4  global.o [1]
  .bss                   zero     0x20006da4      0x4  global.o [1]
  .bss                   zero     0x20006da8      0x4  global.o [1]
  .bss                   zero     0x20006dac      0x4  hw_dio.o [1]
  .bss                   zero     0x20006db0      0x4  hw_fin.o [1]
  .bss                   zero     0x20006db4      0x4  hw_mcu.o [1]
  .bss                   zero     0x20006db8      0x4  stf4_bsp_mcu.o [1]
  .bss                   zero     0x20006dbc      0x2  ap_subs.o [1]
  .bss                   zero     0x20006dbe      0x2  global.o [1]
  .bss                   zero     0x20006dc0      0x2  global.o [1]
  .bss                   zero     0x20006dc2      0x2  global.o [1]
  .bss                   zero     0x20006dc4      0x2  global.o [1]
  .bss                   zero     0x20006dc6      0x2  global.o [1]
  .bss                   zero     0x20006dc8      0x2  global.o [1]
  .bss                   zero     0x20006dca      0x2  global.o [1]
  .bss                   zero     0x20006dcc      0x2  global.o [1]
  .bss                   zero     0x20006dce      0x2  global.o [1]
  .bss                   zero     0x20006dd0      0x2  global.o [1]
  .bss                   zero     0x20006dd2      0x2  global.o [1]
  .bss                   zero     0x20006dd4      0x2  global.o [1]
  .bss                   zero     0x20006dd6      0x2  global.o [1]
  .bss                   zero     0x20006dd8      0x2  global.o [1]
  .bss                   zero     0x20006dda      0x2  global.o [1]
  .bss                   zero     0x20006ddc      0x2  global.o [1]
  .bss                   zero     0x20006dde      0x2  global.o [1]
  .bss                   zero     0x20006de0      0x2  global.o [1]
  .bss                   zero     0x20006de2      0x2  global.o [1]
  .bss                   zero     0x20006de4      0x2  global.o [1]
  .bss                   zero     0x20006de6      0x2  global.o [1]
  .bss                   zero     0x20006de8      0x2  global.o [1]
  .bss                   zero     0x20006dea      0x2  global.o [1]
  .bss                   zero     0x20006dec      0x2  global.o [1]
  .bss                   zero     0x20006dee      0x2  global.o [1]
  .bss                   zero     0x20006df0      0x2  global.o [1]
  .bss                   zero     0x20006df2      0x2  global.o [1]
  .bss                   zero     0x20006df4      0x2  global.o [1]
  .bss                   zero     0x20006df6      0x2  global.o [1]
  .bss                   zero     0x20006df8      0x2  global.o [1]
  .bss                   zero     0x20006dfa      0x2  global.o [1]
  .bss                   zero     0x20006dfc      0x2  global.o [1]
  .bss                   zero     0x20006dfe      0x2  global.o [1]
  .bss                   zero     0x20006e00      0x2  global.o [1]
  .bss                   zero     0x20006e02      0x2  global.o [1]
  .bss                   zero     0x20006e04      0x2  global.o [1]
  .bss                   zero     0x20006e06      0x2  global.o [1]
  .bss                   zero     0x20006e08      0x2  global.o [1]
  .bss                   zero     0x20006e0a      0x2  global.o [1]
  .bss                   zero     0x20006e0c      0x2  global.o [1]
  .bss                   zero     0x20006e0e      0x2  global.o [1]
  .bss                   zero     0x20006e10      0x2  global.o [1]
  .bss                   zero     0x20006e12      0x2  global.o [1]
  .bss                   zero     0x20006e14      0x2  global.o [1]
  .bss                   zero     0x20006e16      0x2  global.o [1]
  .bss                   zero     0x20006e18      0x2  global.o [1]
  .bss                   zero     0x20006e1a      0x2  global.o [1]
  .bss                   zero     0x20006e1c      0x2  global.o [1]
  .bss                   zero     0x20006e1e      0x2  global.o [1]
  .bss                   zero     0x20006e20      0x2  global.o [1]
  .bss                   zero     0x20006e22      0x2  global.o [1]
  .bss                   zero     0x20006e24      0x2  global.o [1]
  .bss                   zero     0x20006e26      0x2  global.o [1]
  .bss                   zero     0x20006e28      0x2  global.o [1]
  .bss                   zero     0x20006e2a      0x2  global.o [1]
  .bss                   zero     0x20006e2c      0x2  global.o [1]
  .bss                   zero     0x20006e2e      0x2  hw_io.o [1]
  .bss                   zero     0x20006e30      0x2  SendMsgNow.o [1]
  .bss                   zero     0x20006e32      0x1  ap_bservice_prog.o [1]
  .bss                   zero     0x20006e33      0x1  ap_can.o [1]
  .bss                   zero     0x20006e34      0x1  ap_can.o [1]
  .bss                   zero     0x20006e35      0x1  ap_deluxeG5.o [1]
  .bss                   zero     0x20006e36      0x1  ap_deluxeG55.o [1]
  .bss                   zero     0x20006e37      0x1  ap_dv.o [1]
  .bss                   zero     0x20006e38      0x1  ap_engine.o [1]
  .bss                   zero     0x20006e39      0x1  ap_keylessstart.o [1]
  .bss                   zero     0x20006e3a      0x1  ap_subs.o [1]
  .bss                   zero     0x20006e3b      0x1  ap_subs.o [1]
  .bss                   zero     0x20006e3c      0x1  ap_subs.o [1]
  .bss                   zero     0x20006e3d      0x1  global.o [1]
  .bss                   zero     0x20006e3e      0x1  global.o [1]
  .bss                   zero     0x20006e3f      0x1  global.o [1]
  .bss                   zero     0x20006e40      0x1  global.o [1]
  .bss                   zero     0x20006e41      0x1  global.o [1]
  .bss                   zero     0x20006e42      0x1  global.o [1]
  .bss                   zero     0x20006e43      0x1  global.o [1]
  .bss                   zero     0x20006e44      0x1  global.o [1]
  .bss                   zero     0x20006e45      0x1  global.o [1]
  .bss                   zero     0x20006e46      0x1  global.o [1]
  .bss                   zero     0x20006e47      0x1  global.o [1]
  .bss                   zero     0x20006e48      0x1  global.o [1]
  .bss                   zero     0x20006e49      0x1  global.o [1]
  .bss                   zero     0x20006e4a      0x1  global.o [1]
  .bss                   zero     0x20006e4b      0x1  global.o [1]
  .bss                   zero     0x20006e4c      0x1  global.o [1]
  .bss                   zero     0x20006e4d      0x1  global.o [1]
  .bss                   zero     0x20006e4e      0x1  global.o [1]
  .bss                   zero     0x20006e4f      0x1  global.o [1]
  .bss                   zero     0x20006e50      0x1  global.o [1]
  .bss                   zero     0x20006e51      0x1  global.o [1]
  .bss                   zero     0x20006e52      0x1  global.o [1]
  .bss                   zero     0x20006e53      0x1  global.o [1]
  .bss                   zero     0x20006e54      0x1  global.o [1]
  .bss                   zero     0x20006e55      0x1  global.o [1]
  .bss                   zero     0x20006e56      0x1  global.o [1]
  .bss                   zero     0x20006e57      0x1  global.o [1]
  .bss                   zero     0x20006e58      0x1  global.o [1]
  .bss                   zero     0x20006e59      0x1  global.o [1]
  .bss                   zero     0x20006e5a      0x1  global.o [1]
  .bss                   zero     0x20006e5b      0x1  global.o [1]
  .bss                   zero     0x20006e5c      0x1  global.o [1]
  .bss                   zero     0x20006e5d      0x1  global.o [1]
  .bss                   zero     0x20006e5e      0x1  global.o [1]
  .bss                   zero     0x20006e5f      0x1  global.o [1]
  .bss                   zero     0x20006e60      0x1  global.o [1]
  .bss                   zero     0x20006e61      0x1  global.o [1]
  .bss                   zero     0x20006e62      0x1  global.o [1]
  .bss                   zero     0x20006e63      0x1  global.o [1]
  .bss                   zero     0x20006e64      0x1  global.o [1]
  .bss                   zero     0x20006e65      0x1  global.o [1]
  .bss                   zero     0x20006e66      0x1  global.o [1]
  .bss                   zero     0x20006e67      0x1  global.o [1]
  .bss                   zero     0x20006e68      0x1  global.o [1]
  .bss                   zero     0x20006e69      0x1  global.o [1]
  .bss                   zero     0x20006e6a      0x1  global.o [1]
  .bss                   zero     0x20006e6b      0x1  global.o [1]
  .bss                   zero     0x20006e6c      0x1  global.o [1]
  .bss                   zero     0x20006e6d      0x1  global.o [1]
  .bss                   zero     0x20006e6e      0x1  global.o [1]
  .bss                   zero     0x20006e6f      0x1  global.o [1]
  .bss                   zero     0x20006e70      0x1  global.o [1]
  .bss                   zero     0x20006e71      0x1  global.o [1]
  .bss                   zero     0x20006e72      0x1  global.o [1]
  .bss                   zero     0x20006e73      0x1  global.o [1]
  .bss                   zero     0x20006e74      0x1  global.o [1]
  .bss                   zero     0x20006e75      0x1  global.o [1]
  .bss                   zero     0x20006e76      0x1  global.o [1]
  .bss                   zero     0x20006e77      0x1  global.o [1]
  .bss                   zero     0x20006e78      0x1  global.o [1]
  .bss                   zero     0x20006e79      0x1  global.o [1]
  .bss                   zero     0x20006e7a      0x1  global.o [1]
  .bss                   zero     0x20006e7b      0x1  global.o [1]
  .bss                   zero     0x20006e7c      0x1  global.o [1]
  .bss                   zero     0x20006e7d      0x1  global.o [1]
  .bss                   zero     0x20006e7e      0x1  global.o [1]
  .bss                   zero     0x20006e7f      0x1  global.o [1]
  .bss                   zero     0x20006e80      0x1  global.o [1]
  .bss                   zero     0x20006e81      0x1  global.o [1]
  .bss                   zero     0x20006e82      0x1  global.o [1]
  .bss                   zero     0x20006e83      0x1  global.o [1]
  .bss                   zero     0x20006e84      0x1  global.o [1]
  .bss                   zero     0x20006e85      0x1  global.o [1]
  .bss                   zero     0x20006e86      0x1  global.o [1]
  .bss                   zero     0x20006e87      0x1  global.o [1]
  .bss                   zero     0x20006e88      0x1  global.o [1]
  .bss                   zero     0x20006e89      0x1  global.o [1]
  .bss                   zero     0x20006e8a      0x1  global.o [1]
  .bss                   zero     0x20006e8b      0x1  global.o [1]
  .bss                   zero     0x20006e8c      0x1  global.o [1]
  .bss                   zero     0x20006e8d      0x1  global.o [1]
  .bss                   zero     0x20006e8e      0x1  global.o [1]
  .bss                   zero     0x20006e8f      0x1  global.o [1]
  .bss                   zero     0x20006e90      0x1  global.o [1]
  .bss                   zero     0x20006e91      0x1  global.o [1]
  .bss                   zero     0x20006e92      0x1  global.o [1]
  .bss                   zero     0x20006e93      0x1  global.o [1]
  .bss                   zero     0x20006e94      0x1  global.o [1]
  .bss                   zero     0x20006e95      0x1  global.o [1]
  .bss                   zero     0x20006e96      0x1  global.o [1]
                                - 0x20006e97   0x46b7


*******************************************************************************
*** INIT TABLE
***

          Address     Size
          -------     ----
Zero (__iar_zero_init3)
    1 destination range, total size 0x46b7:
          0x200027e0  0x46b7

Copy/lz77 (__iar_lz77_init_single3)
    1 source range, total size 0x16c (3% of destination):
          0x0806bd50   0x16c
    1 destination range, total size 0x23a0:
          0x20000440  0x23a0

Extra (__iar_cstart_call_ctors)



*******************************************************************************
*** MODULE SUMMARY
***

    Module                  ro code  ro data  rw data
    ------                  -------  -------  -------
C:\Projects\SVNrepo\dibh-prod-esEMex\iar\mex_gateway_Release\Obj: [1]
    J1939_TP_rx.o             1 038
    J1939_TP_tx.o               876
    MX_Gtwy_Control.o         6 336             2 057
    MX_Gtwy_Control_data.o               984
    SendMsgNow.o                354                 2
    ap.o                        364               500
    ap_bservice.o               968        6      135
    ap_bservice_CAN04.o       3 004        2      350
    ap_bservice_CANOpen.o     1 318               208
    ap_bservice_CANStd.o         60                 8
    ap_bservice_dv.o            262                 4
    ap_bservice_prog.o          228                 3
    ap_bsp.o                    372                 4
    ap_can.o                  8 484             2 130
    ap_cdata.o                  772               276
    ap_deluxeG5.o             7 582             1 143
    ap_deluxeG55.o            2 204        1      337
    ap_dv.o                   4 208               219
    ap_eeprom.o               5 288             2 824
    ap_engine.o               2 964             1 007
    ap_gateway.o                426               600
    ap_hwt.o                    992       28      108
    ap_keylessentry.o         1 524        1      166
    ap_keylessstart.o           708                89
    ap_main.o                 4 844        1       26
    ap_schd.o                   412
    ap_subs.o                 2 264                25
    ap_tasks.o                            48
    ap_version.o                          59
    cancipher.o                 752        4       16
    global.o                                      334
    hw_adc.o                    184
    hw_can.o                    374               656
    hw_can_rx.o                 198
    hw_can_tx.o                 298
    hw_can_txq.o                292                12
    hw_clock.o                   30
    hw_dio.o                  1 364                12
    hw_fin.o                     42                 4
    hw_gauge.o                    2
    hw_io.o                     472                 2
    hw_mcu.o                    158        1       10
    hw_nvm.o                    760                 6
    hw_pwm.o                     92
    iar_stf4_cstartup.o          76       68
    main.o                       24
    mod_Inputs.o             30 416
    mod_Library.o             5 920
    mod_Outputs.o            16 244
    mod_Panel.o              10 528
    mod_System.o             32 988
    nvm_ecuid.o                  28                 8
    passwordverifier.o           96
    stf4_bsp_adc.o            2 108       32      936
    stf4_bsp_can.o            1 080             3 312
    stf4_bsp_clock.o            272        1       24
    stf4_bsp_din.o              460                20
    stf4_bsp_dout.o           1 168                16
    stf4_bsp_ecuid.o             52        4       13
    stf4_bsp_fin.o              848               256
    stf4_bsp_mcu.o            2 072                40
    stf4_bsp_nvm.o            1 164      343    8 640
    stf4_bsp_pwm.o              832       13      476
    stf4_bsp_rom.o              452
    stf4_bsp_rtc.o              382                 9
    stf4_bsp_sdata.o            200                 8
    stf4_fifo.o                 196
    stf4_iic.o                1 412                24
    stf4_timer.o                396
    stf4_vectors.o              140                 8
    stm32f4xx_adc.o             400
    stm32f4xx_can.o             852
    stm32f4xx_dma.o             236
    stm32f4xx_gpio.o            170
    stm32f4xx_i2c.o             446
    stm32f4xx_iwdg.o             16
    stm32f4xx_pwr.o              20
    stm32f4xx_rcc.o             448        1       16
    stm32f4xx_rtc.o             596
    stm32f4xx_tim.o             864
    system_stm32f4xx.o          300
    -------------------------------------------------
    Total:                  176 772    1 597   27 079

command line: [2]
    -------------------------------------------------
    Total:

dl7M_tln.a: [3]
    cppinit.o                    24
    exit.o                        4
    rand.o                      176               140
    -------------------------------------------------
    Total:                      204               140

dlpp7M_tl_nc.a: [4]
    -------------------------------------------------
    Total:

m7M_tls.a: [5]
    fpinit_M.o                   34
    -------------------------------------------------
    Total:                       34

rt7M_tl.a: [6]
    ABImemclr.o                   6
    ABImemclr4.o                  6
    ABImemcpy_unaligned.o       118
    ABImemset.o                 102
    ABImemset48.o                58
    I64DivMod.o                 558
    I64DivZer.o                   2
    I64Shl.o                     34
    cexit.o                      10
    cmain.o                      30
    cmain_call_ctors.o           32
    cstartup_M.o                 12
    data_init.o                  40
    lz77_init_single.o          122
    zero_init3.o                 64
    -------------------------------------------------
    Total:                    1 194

shb_l.a: [7]
    exit.o                       20
    unwind_debug.o                         1
    -------------------------------------------------
    Total:                       20        1

    Gaps                         43        3        4
    Linker created                        36    5 440
-----------------------------------------------------
    Grand Total:            178 267    1 637   32 663


*******************************************************************************
*** ENTRY LIST
***

Entry                      Address    Size  Type      Object
-----                      -------    ----  ----      ------
.iar.init_table$$Base   0x0806bcb0           --   Gb  - Linker created -
.iar.init_table$$Limit  0x0806bcd4           --   Gb  - Linker created -
?main                   0x08062ccd          Code  Gb  cmain.o [6]
AAI_CAN0_TX             0x20004760    0x28  Data  Gb  ap_can.o [1]
AAI_CAN4_TX             0x20005110    0x28  Data  Gb  ap_engine.o [1]
ACDAuxOverrideDebounce  0x20006292     0x1  Data  Gb  ap_can.o [1]
ACDAuxOverridePressed   0x20006293     0x1  Data  Gb  ap_can.o [1]
ADC_Cmd                 0x08062e71    0x12  Code  Gb  stm32f4xx_adc.o [1]
ADC_CommonInit          0x08062e49    0x1c  Code  Gb  stm32f4xx_adc.o [1]
ADC_CommonStructInit    0x08062e65     0xc  Code  Gb  stm32f4xx_adc.o [1]
ADC_DMACmd              0x08062f19    0x12  Code  Gb  stm32f4xx_adc.o [1]
ADC_DMARequestAfterLastTransferCmd
                        0x08062f2b    0x12  Code  Gb  stm32f4xx_adc.o [1]
ADC_DeInit              0x08062dd9    0x1a  Code  Gb  stm32f4xx_adc.o [1]
ADC_EOCOnEachRegularChannelCmd
                        0x08062f07    0x12  Code  Gb  stm32f4xx_adc.o [1]
ADC_Init                0x08062df3    0x42  Code  Gb  stm32f4xx_adc.o [1]
ADC_MultiModeDMARequestAfterLastTransferCmd
                        0x08062f3d    0x18  Code  Gb  stm32f4xx_adc.o [1]
ADC_RegularChannelConfig
                        0x08062e83    0x84  Code  Gb  stm32f4xx_adc.o [1]
ADC_StructInit          0x08062e35    0x14  Code  Gb  stm32f4xx_adc.o [1]
AMB_RX                  0x20005138    0x30  Data  Gb  ap_engine.o [1]
AMB_rx_callback(hw_can_msg_t *)
                        0x080695e5    0x2a  Code  Gb  ap_engine.o [1]
APBAHBPrescTable        0x200027a8    0x10  Data  Lc  stm32f4xx_rcc.o [1]
AcknowledgeData         0x20006d00     0x8  Data  Gb  ap_can.o [1]
ActiveCodes             0x20006b84    0x20  Data  Gb  ap_dv.o [1]
ActiveCodes_RX          0x20005198    0x30  Data  Gb  ap_engine.o [1]
ActiveCodes_read_uint16(unsigned short)
                        0x08067ebd    0x14  Code  Gb  ap_dv.o [1]
ActiveCodes_read_uint32(unsigned short)
                        0x08067ed1    0x14  Code  Gb  ap_dv.o [1]
ActiveCodes_read_uint8(unsigned short)
                        0x08067ea9    0x14  Code  Gb  ap_dv.o [1]
ActiveCodes_rx_callback(hw_can_msg_t *)
                        0x0806960f    0xa6  Code  Gb  ap_engine.o [1]
AuxStatusCheck()::prev_aux_Flow
                        0x2000048c     0x1  Data  Lc  ap_deluxeG55.o [1]
AuxStatusCheck()::prev_cmd_Diverter
                        0x2000048e     0x1  Data  Lc  ap_deluxeG55.o [1]
AuxStatusCheck()::prev_state_AuxEnable
                        0x20000489     0x1  Data  Lc  ap_deluxeG55.o [1]
AuxStatusCheck()::prev_state_AuxRelease
                        0x2000048d     0x1  Data  Lc  ap_deluxeG55.o [1]
AuxStatusCheck()::prev_state_Detent
                        0x2000048a     0x1  Data  Lc  ap_deluxeG55.o [1]
AuxStatusCheck()::prev_state_DetentEnable
                        0x2000048b     0x1  Data  Lc  ap_deluxeG55.o [1]
BINARYSEARCH_U16_Near_iL(unsigned int *, unsigned short, unsigned short const *, unsigned int)
                        0x08048245    0x4a  Code  Gb  MX_Gtwy_Control.o [1]
BINARYSEARCH_U16_iL(unsigned int *, unsigned short, unsigned short const *, unsigned int)
                        0x080484a7    0x36  Code  Gb  MX_Gtwy_Control.o [1]
BJM2LeftRX              0x20004938    0x30  Data  Gb  ap_can.o [1]
BJM2Left_rx_callback(hw_can_msg_t *)
                        0x0804c28d     0x8  Code  Gb  ap_can.o [1]
BJM2RightRX             0x20004908    0x30  Data  Gb  ap_can.o [1]
BJM2Right_rx_callback(hw_can_msg_t *)
                        0x0804c261     0x6  Code  Gb  ap_can.o [1]
CAN01_SecondaryRX       0x20006714    0x30  Data  Gb  ap_can.o [1]
CAN01_ThrottleRX        0x200066e4    0x30  Data  Gb  ap_can.o [1]
CAN01sTX                0x200047b0    0x28  Data  Gb  ap_can.o [1]
CAN02sTX                0x20006918    0x28  Data  Gb  ap_can.o [1]
CAN03sTX                0x20006940    0x28  Data  Gb  ap_can.o [1]
CAN04_rx_callback(hw_can_msg_t *)
                        0x0805ea01    0x14  Code  Gb  ap_bservice_CAN04.o [1]
CAN04sRX                0x2000619c    0x30  Data  Gb  ap_bservice_CAN04.o [1]
CAN05sTX                0x200047d8    0x28  Data  Gb  ap_can.o [1]
CAN06sTX                0x20004800    0x28  Data  Gb  ap_can.o [1]
CAN20sTX                0x20006968    0x28  Data  Gb  ap_can.o [1]
CAN21extTX              0x20004850    0x28  Data  Gb  ap_can.o [1]
CAN21sTX                0x20004828    0x28  Data  Gb  ap_can.o [1]
CANOpenChangeStatusInverter()
                        0x08068ef5    0xc2  Code  Gb  ap_bservice_CANOpen.o [1]
CANOpenGUARD            0x20006624    0x30  Data  Gb  ap_bservice_CANOpen.o [1]
CANOpenInitialize()     0x08068ea1    0x20  Code  Gb  ap_bservice_CANOpen.o [1]
CANOpenMsgTPDO1::operator !=(const CANOpenMsgTPDO1&) const
                        0x0806935f    0x40  Code  Gb  ap_bservice_CANOpen.o [1]
CANOpenMsgTPDO1::operator =(const CANOpenMsgTPDO1&)
                        0x08069341    0x1e  Code  Gb  ap_bservice_CANOpen.o [1]
CANOpenMsgTPDO2::operator !=(const CANOpenMsgTPDO2&) const
                        0x080693a9    0x18  Code  Gb  ap_bservice_CANOpen.o [1]
CANOpenMsgTPDO2::operator =(const CANOpenMsgTPDO2&)
                        0x0806939f     0xa  Code  Gb  ap_bservice_CANOpen.o [1]
CANOpenRPDO1            0x200065c4    0x30  Data  Gb  ap_bservice_CANOpen.o [1]
CANOpenRPDO2            0x200065f4    0x30  Data  Gb  ap_bservice_CANOpen.o [1]
CANOpenUpdate()         0x08068ec1    0x34  Code  Gb  ap_bservice_CANOpen.o [1]
CANStdUpdate()          0x0806b081    0x18  Code  Gb  ap_bservice_CANStd.o [1]
CAN_ACD_rx_callback(hw_can_msg_t *)
                        0x0804b49d    0x70  Code  Gb  ap_can.o [1]
CAN_ACDsRX              0x20006684    0x30  Data  Gb  ap_can.o [1]
CAN_DeInit              0x08061a55    0x34  Code  Gb  stm32f4xx_can.o [1]
CAN_FilterInit          0x08061b93    0xb6  Code  Gb  stm32f4xx_can.o [1]
CAN_ITConfig            0x08061d8b    0x10  Code  Gb  stm32f4xx_can.o [1]
CAN_Init                0x08061a89   0x10a  Code  Gb  stm32f4xx_can.o [1]
CAN_KeypadsRX           0x20006864    0x30  Data  Gb  ap_keylessstart.o [1]
CAN_KeypadsTX           0x20006a08    0x28  Data  Gb  ap_keylessstart.o [1]
CAN_Receive             0x08061d0d    0x7e  Code  Gb  stm32f4xx_can.o [1]
CAN_ST_rx_callback(hw_can_msg_t *)
                        0x0804b3f3    0x70  Code  Gb  ap_can.o [1]
CAN_STsRX               0x20006654    0x30  Data  Gb  ap_can.o [1]
CAN_StructInit          0x08061c49    0x20  Code  Gb  stm32f4xx_can.o [1]
CAN_Transmit            0x08061c69    0xa4  Code  Gb  stm32f4xx_can.o [1]
CCVS_CAN4TX             0x20005098    0x28  Data  Gb  ap_engine.o [1]
CDATA_MAP               0x20005cbc     0x4  Data  Gb  ap_cdata.o [1]
CONSTANT_DATA           0x20005bb0     0x4  Data  Gb  ap_cdata.o [1]
CSTACK$$Base            0x1000f000           --   Gb  - Linker created -
CSTACK$$Length          0x00001000           --   Gb  - Linker created -
CSTACK$$Limit           0x10010000           --   Gb  - Linker created -
CanCipher::decipher(hw_can_msg_t *)
                        0x0806b1e9    0x94  Code  Gb  cancipher.o [1]
CanCipher::decipherXtea(unsigned int, unsigned int *, unsigned int const *)
                        0x0806b321    0x52  Code  Gb  cancipher.o [1]
CanCipher::encipher(hw_can_msg_t *)
                        0x0806b151    0x98  Code  Gb  cancipher.o [1]
CanCipher::encipherXtea(unsigned int, unsigned int *, unsigned int const *)
                        0x0806b2d3    0x4e  Code  Gb  cancipher.o [1]
CanCipher::hash(unsigned char const *, unsigned char)
                        0x0806b281    0x52  Code  Gb  cancipher.o [1]
CanCipher::inst         0x20006c94    0x10  Data  Gb  cancipher.o [1]
CanCipher::saltThatKey(unsigned int *, hw_can_msg_t const *)
                        0x0806b101    0x50  Code  Gb  cancipher.o [1]
CanCipher::setSerialNumber(unsigned char const *, unsigned char)
                        0x0806b0cd    0x34  Code  Gb  cancipher.o [1]
CelsiusToFahrenheit     0x08069d54   0x200  Data  Lc  ap_engine.o [1]
CommandedAddress_TP_tx  0x2000622c    0x64  Data  Gb  ap_dv.o [1]
DD_CAN0TX               0x20004710    0x28  Data  Gb  ap_can.o [1]
DD_CAN4TX               0x20005070    0x28  Data  Gb  ap_engine.o [1]
DMA_ClearITPendingBit   0x08062da7    0x1c  Code  Gb  stm32f4xx_dma.o [1]
DMA_Cmd                 0x08062d61    0x16  Code  Gb  stm32f4xx_dma.o [1]
DMA_ITConfig            0x08062d77    0x30  Code  Gb  stm32f4xx_dma.o [1]
DMA_Init                0x08062ced    0x52  Code  Gb  stm32f4xx_dma.o [1]
DMA_StructInit          0x08062d3f    0x22  Code  Gb  stm32f4xx_dma.o [1]
DV                      0x20006b44    0x20  Data  Gb  ap_dv.o [1]
DV2                     0x20006b64    0x20  Data  Gb  ap_dv.o [1]
DV2_read_uint16(unsigned short)
                        0x08067ef9    0x14  Code  Gb  ap_dv.o [1]
DV2_read_uint32(unsigned short)
                        0x08067f0d    0x14  Code  Gb  ap_dv.o [1]
DV2_read_uint8(unsigned short)
                        0x08067ee5    0x14  Code  Gb  ap_dv.o [1]
DVTest()                0x08067fd7   0x4ec  Code  Gb  ap_dv.o [1]
DVTest(){1}{25}::pnlCounter
                        0x2000622a     0x2  Data  Lc  ap_dv.o [1]
DV_read_uint16(unsigned short)
                        0x08067e47    0x16  Code  Gb  ap_dv.o [1]
DV_read_uint32(unsigned short)
                        0x08067e5d    0x16  Code  Gb  ap_dv.o [1]
DV_read_uint8(unsigned short)
                        0x08067e31    0x16  Code  Gb  ap_dv.o [1]
DV_write_uint16(unsigned short, unsigned short)
                        0x08067e85    0x12  Code  Gb  ap_dv.o [1]
DV_write_uint32(unsigned short, unsigned int)
                        0x08067e97    0x12  Code  Gb  ap_dv.o [1]
DV_write_uint8(unsigned short, unsigned char)
                        0x08067e73    0x12  Code  Gb  ap_dv.o [1]
DeluxeAuthenticationG55_rx_callback(hw_can_msg_t *)
                        0x0806a21f    0x82  Code  Gb  ap_deluxeG55.o [1]
DeluxeKeypad_rx_callback(hw_can_msg_t *)
                        0x0806610d    0x18  Code  Gb  ap_deluxeG5.o [1]
DeluxePasswordsRX       0x20006834    0x30  Data  Gb  ap_keylessentry.o [1]
DeluxePasswords_rx_callback(hw_can_msg_t *)
                        0x0806aad1    0x96  Code  Gb  ap_keylessentry.o [1]
DeluxePasswords_rx_callback(hw_can_msg_t *)::passwordFlags
                        0x200004b8     0x4  Data  Lc  ap_keylessentry.o [1]
DeluxeProg_rx_callback(hw_can_msg_t *)
                        0x08066125     0x8  Code  Gb  ap_deluxeG5.o [1]
DeluxeStatusG55_rx_callback(hw_can_msg_t *)
                        0x0806a1ab    0x42  Code  Gb  ap_deluxeG55.o [1]
DeluxeStatusG55_rx_callback(hw_can_msg_t *)::previousUser
                        0x20000487     0x1  Data  Lc  ap_deluxeG55.o [1]
DeluxeStatus_rx_callback(hw_can_msg_t *)
                        0x08064d51   0x116  Code  Gb  ap_deluxeG5.o [1]
Deluxe_Data_Update()    0x08065af9    0x7e  Code  Gb  ap_deluxeG5.o [1]
Deluxe_TP_msg           0x20006b04     0xc  Data  Gb  ap_deluxeG5.o [1]
Deluxe_TP_rx            0x200058c8   0x174  Data  Gb  ap_deluxeG5.o [1]
Deluxe_TP_tx            0x20006440    0x64  Data  Gb  ap_deluxeG5.o [1]
Deluxe_TP_update()      0x080660d9    0x2e  Code  Gb  ap_deluxeG5.o [1]
DigDepthStatusRX        0x200048d8    0x30  Data  Gb  ap_can.o [1]
DigDepthStatus_rx_callback(hw_can_msg_t *)
                        0x0804c295    0x18  Code  Gb  ap_can.o [1]
ECU_TP_rx               0x20005a3c   0x174  Data  Gb  ap_engine.o [1]
EEC1_CAN0TX             0x20004558    0x28  Data  Gb  ap_can.o [1]
EEC1_RX                 0x20006590    0x30  Data  Gb  ap_engine.o [1]
EEC2_CAN0TX             0x20004738    0x28  Data  Gb  ap_can.o [1]
EEC2_CAN4TX             0x200050c0    0x28  Data  Gb  ap_engine.o [1]
EEPROM_SECTIONS         0x0805d7bc    0x50  Data  Lc  hw_nvm.o [1]
EE_HOUR_METER_BLOCK_BEGIN
                        0x0804b1d0     0x4  Data  Lc  ap_eeprom.o [1]
EE_HOUR_METER_BLOCK_END
                        0x0804b1d4     0x4  Data  Lc  ap_eeprom.o [1]
EFL_P1_CAN0TX           0x20004698    0x28  Data  Gb  ap_can.o [1]
EFL_P1_RX               0x20005168    0x30  Data  Gb  ap_engine.o [1]
EFL_P1_rx_callback(hw_can_msg_t *)
                        0x0806951d    0x46  Code  Gb  ap_engine.o [1]
ET1_CAN0TX              0x20004670    0x28  Data  Gb  ap_can.o [1]
ET1_RX                  0x20005288    0x30  Data  Gb  ap_engine.o [1]
ET1_rx_callback(hw_can_msg_t *)
                        0x080694af    0x6e  Code  Gb  ap_engine.o [1]
EngineFailureQueue      0x200061cc    0x50  Data  Gb  ap_bservice_CAN04.o [1]
Engine_Start()          0x08051009   0x15c  Code  Gb  mod_Inputs.o [1]
Engine_Start_Init()     0x08050fd9    0x22  Code  Gb  mod_Inputs.o [1]
ErrorQueueDisplayList(unsigned char, unsigned char, unsigned char, unsigned short, unsigned char)
                        0x0805f2af   0x16e  Code  Gb  ap_bservice_CAN04.o [1]
ErrorQueueTimerUpdate()
                        0x0805f41d   0x12a  Code  Gb  ap_bservice_CAN04.o [1]
FahrenheitToCelsius     0x0804b578   0x1c4  Data  Lc  ap_can.o [1]
FailureQueue            0x20005ff8    0xa0  Data  Gb  ap_bservice_CAN04.o [1]
GPIO_Init               0x0805ffc1    0x72  Code  Gb  stm32f4xx_gpio.o [1]
GPIO_PinAFConfig        0x08060045    0x26  Code  Gb  stm32f4xx_gpio.o [1]
GPIO_StructInit         0x08060033    0x12  Code  Gb  stm32f4xx_gpio.o [1]
GTW_PCODE_ECU_ASCIIPCODE
                        0x20005c88     0x4  Data  Gb  ap_cdata.o [1]
GTW_PCODE_ECU_SPNLOOKUP
                        0x20005c8c     0x4  Data  Gb  ap_cdata.o [1]
GUARD_rx_callback(hw_can_msg_t *)
                        0x080690bd    0x1e  Code  Gb  ap_bservice_CANOpen.o [1]
GetUserIdle(unsigned char)
                        0x08049d55    0x10  Code  Gb  ap_eeprom.o [1]
GetUserJob(unsigned char)
                        0x08049d31    0x12  Code  Gb  ap_eeprom.o [1]
HOURS_RX                0x20005228    0x30  Data  Gb  ap_engine.o [1]
HOURS_rx_callback(hw_can_msg_t *)
                        0x080695a1    0x36  Code  Gb  ap_engine.o [1]
HWJ1939AcknowledgeMsgIntTX
                        0x200049f8    0x28  Data  Gb  ap_can.o [1]
HWJ1939BICSControlTX    0x200046c0    0x28  Data  Gb  ap_can.o [1]
HWJ1939ConfigMsgIntTX   0x20004a20    0x28  Data  Gb  ap_can.o [1]
HWJ1939EngineHoursIntTX
                        0x20004530    0x28  Data  Gb  ap_can.o [1]
HWJ1939PanelExternalIORX
                        0x20004878    0x30  Data  Gb  ap_can.o [1]
HWJ1939RequestMsgIntRX  0x200048a8    0x30  Data  Gb  ap_can.o [1]
HWJ1939RequestMsg_rx_callback(hw_can_msg_t *)
                        0x0804c5d9   0x176  Code  Gb  ap_can.o [1]
HWT_ADC_BASE            0x0806bd34     0x2  Data  Lc  ap_hwt.o [1]
HWT_ADC_QTY             0x0806bd32     0x2  Data  Lc  ap_hwt.o [1]
HWT_DIN_BASE            0x0806bd30     0x2  Data  Lc  ap_hwt.o [1]
HWT_DIN_QTY             0x0806bd2e     0x2  Data  Lc  ap_hwt.o [1]
HWT_DOUT_BASE           0x0806bd3c     0x2  Data  Lc  ap_hwt.o [1]
HWT_DOUT_QTY            0x0806bd3a     0x2  Data  Lc  ap_hwt.o [1]
HWT_FCALL_BASE          0x0806bd46     0x2  Data  Lc  ap_hwt.o [1]
HWT_FIN_BASE            0x0806bd38     0x2  Data  Lc  ap_hwt.o [1]
HWT_FIN_QTY             0x0806bd36     0x2  Data  Lc  ap_hwt.o [1]
HWT_GAUGE_BASE          0x0806bd44     0x2  Data  Lc  ap_hwt.o [1]
HWT_GAUGE_QTY           0x0806bd42     0x2  Data  Lc  ap_hwt.o [1]
HWT_PWM_BASE            0x0806bd40     0x2  Data  Lc  ap_hwt.o [1]
HWT_PWM_QTY             0x0806bd3e     0x2  Data  Lc  ap_hwt.o [1]
HoursUpdatesRX          0x20004968    0x30  Data  Gb  ap_can.o [1]
HoursUpdatesRX_rx_callback(hw_can_msg_t *)
                        0x0804b82f    0x62  Code  Gb  ap_can.o [1]
HydControlSettings_rx_callback(hw_can_msg_t *)
                        0x0804c181    0x22  Code  Gb  ap_can.o [1]
I2C_AcknowledgeConfig   0x08062057    0x14  Code  Gb  stm32f4xx_i2c.o [1]
I2C_ClearFlag           0x08062097     0x2  Code  Gb  stm32f4xx_i2c.o [1]
I2C_DeInit              0x08061ee1    0x52  Code  Gb  stm32f4xx_i2c.o [1]
I2C_GenerateSTART       0x0806201f    0x14  Code  Gb  stm32f4xx_i2c.o [1]
I2C_GenerateSTOP        0x08062033    0x14  Code  Gb  stm32f4xx_i2c.o [1]
I2C_GetLastEvent        0x08062087    0x10  Code  Gb  stm32f4xx_i2c.o [1]
I2C_ITConfig            0x08062077    0x10  Code  Gb  stm32f4xx_i2c.o [1]
I2C_Init                0x08061f33    0xb6  Code  Gb  stm32f4xx_i2c.o [1]
I2C_Send7bitAddress     0x08062047    0x10  Code  Gb  stm32f4xx_i2c.o [1]
I2C_StructInit          0x08062001    0x1e  Code  Gb  stm32f4xx_i2c.o [1]
INTERPOLATE_EVEN_U16_U16_SAT(unsigned short *, unsigned short, unsigned short, unsigned short, unsigned short)
                        0x08048321    0x66  Code  Gb  MX_Gtwy_Control.o [1]
INTERPOLATE_U16_S16(unsigned short *, unsigned short, unsigned short, short, short, short)
                        0x080484dd    0x40  Code  Gb  MX_Gtwy_Control.o [1]
INTERPOLATE_U16_U16(unsigned short *, unsigned short, unsigned short, unsigned short, unsigned short, unsigned short)
                        0x0804828f    0x40  Code  Gb  MX_Gtwy_Control.o [1]
INTERPOLATE_U16_U16_SAT(unsigned short *, unsigned short, unsigned short, unsigned short, unsigned short, unsigned short)
                        0x080483bf    0x96  Code  Gb  MX_Gtwy_Control.o [1]
IWDG_ReloadCounter      0x08060855     0xa  Code  Gb  stm32f4xx_iwdg.o [1]
InitDVTest()            0x08067fa7    0x30  Code  Gb  ap_dv.o [1]
J1939_TP_rx::CM_rx_callback(hw_can_msg_t *)
                        0x0806664f   0x114  Code  Gb  J1939_TP_rx.o [1]
J1939_TP_rx::DT_rx_callback(hw_can_msg_t *)
                        0x08066763    0x6e  Code  Gb  J1939_TP_rx.o [1]
J1939_TP_rx::FreeBuffer(unsigned char)
                        0x080667d1    0x60  Code  Gb  J1939_TP_rx.o [1]
J1939_TP_rx::HWC_CM_rx_callback(hw_can_msg_t *, void *)
                        0x0806652d     0xc  Code  Gb  J1939_TP_rx.o [1]
J1939_TP_rx::HWC_DT_rx_callback(hw_can_msg_t *, void *)
                        0x08066539     0xc  Code  Gb  J1939_TP_rx.o [1]
J1939_TP_rx::initialize(unsigned char, unsigned char)
                        0x08066545     0xc  Code  Gb  J1939_TP_rx.o [1]
J1939_TP_rx::initialize_sa(unsigned char, unsigned char, unsigned char, unsigned char)
                        0x08066551    0xd0  Code  Gb  J1939_TP_rx.o [1]
J1939_TP_rx::send_CM_CTS(unsigned char, unsigned char, unsigned char, unsigned int)
                        0x08066831    0x36  Code  Gb  J1939_TP_rx.o [1]
J1939_TP_rx::send_CM_ConnAbort(unsigned char, unsigned char, unsigned int)
                        0x080668ad    0x40  Code  Gb  J1939_TP_rx.o [1]
J1939_TP_rx::send_CM_EndOfMsgACK(unsigned char, unsigned short, unsigned char, unsigned int)
                        0x08066867    0x36  Code  Gb  J1939_TP_rx.o [1]
J1939_TP_rx::update()   0x08066631    0x1e  Code  Gb  J1939_TP_rx.o [1]
J1939_TP_tx::SendMsg(J1939_msg_t *)
                        0x0805f78f   0x164  Code  Gb  J1939_TP_tx.o [1]
J1939_TP_tx::initialize(unsigned char)
                        0x0805f5d5    0x66  Code  Gb  J1939_TP_tx.o [1]
J1939_TP_tx::update()   0x0805f63b   0x154  Code  Gb  J1939_TP_tx.o [1]
JobClock_rx_callback(hw_can_msg_t *)
                        0x08064f9d   0x178  Code  Gb  ap_deluxeG5.o [1]
KSS_Display             0x20006899     0x1  Data  Gb  MX_Gtwy_Control.o [1]
KeylessEntryRX          0x20006804    0x30  Data  Gb  ap_keylessentry.o [1]
KeylessEntryTX          0x200069e0    0x28  Data  Gb  ap_keylessentry.o [1]
KeylessEntry_rx_callback(hw_can_msg_t *)
                        0x0806aa8d    0x12  Code  Gb  ap_keylessentry.o [1]
Keypad_rx_callback(hw_can_msg_t *)
                        0x0806a7c9    0x10  Code  Gb  ap_keylessstart.o [1]
LCD                     0x20006ce0     0x8  Data  Gb  ap_can.o [1]
LFC_RX                  0x200051f8    0x30  Data  Gb  ap_engine.o [1]
LFC_rx_callback(hw_can_msg_t *)
                        0x08069573    0x2e  Code  Gb  ap_engine.o [1]
LFE_CAN0_RX             0x20006744    0x30  Data  Gb  ap_can.o [1]
LFE_CAN0_rx_callback(hw_can_msg_t *)
                        0x0804c1f1     0xc  Code  Gb  ap_can.o [1]
LFE_CAN4_RX             0x200051c8    0x30  Data  Gb  ap_engine.o [1]
LFE_CAN4_rx_callback(hw_can_msg_t *)
                        0x08069563    0x10  Code  Gb  ap_engine.o [1]
LookUpEven_U16_U16_SAT(unsigned short *, unsigned short const *, unsigned short, unsigned short, unsigned int, unsigned short)
                        0x08048387    0x38  Code  Gb  MX_Gtwy_Control.o [1]
LookUp_U16_S16(unsigned short *, unsigned short const *, short, short const *, unsigned int)
                        0x0804851d    0x52  Code  Gb  MX_Gtwy_Control.o [1]
LookUp_U16_U16(unsigned short *, unsigned short const *, unsigned short, unsigned short const *, unsigned int)
                        0x080482cf    0x52  Code  Gb  MX_Gtwy_Control.o [1]
LookUp_U16_U16_SAT(unsigned short *, unsigned short const *, unsigned short, unsigned short const *, unsigned int)
                        0x08048455    0x52  Code  Gb  MX_Gtwy_Control.o [1]
MXGTW_AUX2_FLOW         0x20005ca8     0x4  Data  Gb  ap_cdata.o [1]
MXGTW_AUXHYD1           0x20005bb4     0x4  Data  Gb  ap_cdata.o [1]
MXGTW_AUXHYD2           0x20005bb8     0x4  Data  Gb  ap_cdata.o [1]
MXGTW_AUXHYD3           0x20005bbc     0x4  Data  Gb  ap_cdata.o [1]
MXGTW_ECTGAUGE          0x20005bc0     0x4  Data  Gb  ap_cdata.o [1]
MXGTW_ECTSNDINPUT       0x20005bc4     0x4  Data  Gb  ap_cdata.o [1]
MXGTW_ECTSNDOUTPUT      0x20005bc8     0x4  Data  Gb  ap_cdata.o [1]
MXGTW_ECU_DERATE_RPM    0x20005c78     0x4  Data  Gb  ap_cdata.o [1]
MXGTW_ECU_DERATE_TORQUE
                        0x20005c7c     0x4  Data  Gb  ap_cdata.o [1]
MXGTW_ECU_GLOW_TEMP     0x20005c4c     0x4  Data  Gb  ap_cdata.o [1]
MXGTW_ECU_GLOW_TIME     0x20005c50     0x4  Data  Gb  ap_cdata.o [1]
MXGTW_EOPGAUGE          0x20005bcc     0x4  Data  Gb  ap_cdata.o [1]
MXGTW_EOPSHUTDOWN       0x20005bd0     0x4  Data  Gb  ap_cdata.o [1]
MXGTW_EOPSND            0x20005bd4     0x4  Data  Gb  ap_cdata.o [1]
MXGTW_EOPWARN           0x20005bd8     0x4  Data  Gb  ap_cdata.o [1]
MXGTW_FUELGAUGE         0x20005be0     0x4  Data  Gb  ap_cdata.o [1]
MXGTW_FUELSND           0x20005be4     0x4  Data  Gb  ap_cdata.o [1]
MXGTW_FUEL_PULL_TIME    0x20005bdc     0x4  Data  Gb  ap_cdata.o [1]
MXGTW_GATEWAY_DIRECTION
                        0x20005c30     0x4  Data  Gb  ap_cdata.o [1]
MXGTW_GATEWAY_J1939_ID  0x20005c28     0x4  Data  Gb  ap_cdata.o [1]
MXGTW_GATEWAY_J1939_MASK
                        0x20005c2c     0x4  Data  Gb  ap_cdata.o [1]
MXGTW_HOTGAUGE          0x20005be8     0x4  Data  Gb  ap_cdata.o [1]
MXGTW_HOTSND            0x20005bec     0x4  Data  Gb  ap_cdata.o [1]
MXGTW_HYD_RESPONSE_IN   0x20005c44     0x4  Data  Gb  ap_cdata.o [1]
MXGTW_HYD_RESPONSE_OUT1
                        0x20005c40     0x4  Data  Gb  ap_cdata.o [1]
MXGTW_HYD_RESPONSE_OUT2
                        0x20005c3c     0x4  Data  Gb  ap_cdata.o [1]
MXGTW_HYD_RESPONSE_OUT3
                        0x20005c38     0x4  Data  Gb  ap_cdata.o [1]
MXGTW_HYD_RESPONSE_OUT4
                        0x20005c34     0x4  Data  Gb  ap_cdata.o [1]
MXGTW_OFFSET            0x20005bf0     0x4  Data  Gb  ap_cdata.o [1]
MXGTW_OFFSET_AUX        0x20005c58     0x4  Data  Gb  ap_cdata.o [1]
MXGTW_OPT_ANG_BLD       0x20005bfc     0x4  Data  Gb  ap_cdata.o [1]
MXGTW_OPT_AUTO_IDLE     0x20005c04     0x4  Data  Gb  ap_cdata.o [1]
MXGTW_OPT_AUTO_SHIFT    0x20005c08     0x4  Data  Gb  ap_cdata.o [1]
MXGTW_OPT_AUX2_FLOW_HI  0x20005cb8     0x4  Data  Gb  ap_cdata.o [1]
MXGTW_OPT_AUX2_FLOW_LOW
                        0x20005cb0     0x4  Data  Gb  ap_cdata.o [1]
MXGTW_OPT_AUX2_FLOW_MED
                        0x20005cb4     0x4  Data  Gb  ap_cdata.o [1]
MXGTW_OPT_AUX_OFFSET    0x20005c54     0x4  Data  Gb  ap_cdata.o [1]
MXGTW_OPT_CRANK_INHIBIT
                        0x20005c94     0x4  Data  Gb  ap_cdata.o [1]
MXGTW_OPT_DELUXE_M2     0x20005c90     0x4  Data  Gb  ap_cdata.o [1]
MXGTW_OPT_DIG_DEPTH     0x20005c00     0x4  Data  Gb  ap_cdata.o [1]
MXGTW_OPT_EMEA_CONTROLS_A
                        0x20005c9c     0x4  Data  Gb  ap_cdata.o [1]
MXGTW_OPT_EMEA_CONTROLS_B
                        0x20005ca0     0x4  Data  Gb  ap_cdata.o [1]
MXGTW_OPT_EMEA_CONTROLS_C
                        0x20005ca4     0x4  Data  Gb  ap_cdata.o [1]
MXGTW_OPT_HIGH_FLOW     0x20005c5c     0x4  Data  Gb  ap_cdata.o [1]
MXGTW_OPT_HPMATCH       0x20005cac     0x4  Data  Gb  ap_cdata.o [1]
MXGTW_OPT_HYD_XCHG      0x20005bf8     0x4  Data  Gb  ap_cdata.o [1]
MXGTW_OPT_KEYLESS       0x20005c84     0x4  Data  Gb  ap_cdata.o [1]
MXGTW_OPT_NA_2NDAUX     0x20005c80     0x4  Data  Gb  ap_cdata.o [1]
MXGTW_OPT_OVRLOAD       0x20005c60     0x4  Data  Gb  ap_cdata.o [1]
MXGTW_OPT_S2_2NDAUX     0x20005c64     0x4  Data  Gb  ap_cdata.o [1]
MXGTW_OPT_TRACK_TENSION
                        0x20005c98     0x4  Data  Gb  ap_cdata.o [1]
MXGTW_OPT_TWO_SPEED     0x20005c48     0x4  Data  Gb  ap_cdata.o [1]
MXGTW_SERVICE_DEFAULT_HOURS
                        0x20005c1c     0x4  Data  Gb  ap_cdata.o [1]
MXGTW_SERVICE_DEFAULT_ICON
                        0x20005c20     0x4  Data  Gb  ap_cdata.o [1]
MXGTW_SERVICE_DEFAULT_TEXT
                        0x20005c24     0x4  Data  Gb  ap_cdata.o [1]
MXGTW_STARTER_AUTOMATED_MAX_TIME
                        0x20005c70     0x4  Data  Gb  ap_cdata.o [1]
MXGTW_STARTER_AUTOMATED_OIL_TEMP
                        0x20005c68     0x4  Data  Gb  ap_cdata.o [1]
MXGTW_STARTER_AUTOMATED_RPM_DISENGAGE_LEVEL
                        0x20005c6c     0x4  Data  Gb  ap_cdata.o [1]
MXGTW_STARTER_AUTOMATED_RPM_ENGAGE_LEVEL
                        0x20005c74     0x4  Data  Gb  ap_cdata.o [1]
MXGTW_VBATTERYGAUGE     0x20005bf4     0x4  Data  Gb  ap_cdata.o [1]
MXGTW_VITAL_DEFAULT_ICON
                        0x20005c0c     0x4  Data  Gb  ap_cdata.o [1]
MXGTW_VITAL_DEFAULT_SHUTDOWN
                        0x20005c10     0x4  Data  Gb  ap_cdata.o [1]
MXGTW_VITAL_DEFAULT_UNITS
                        0x20005c14     0x4  Data  Gb  ap_cdata.o [1]
MXGTW_VITAL_DEFAULT_WARNING
                        0x20005c18     0x4  Data  Gb  ap_cdata.o [1]
MX_G_Fuel_Resolution_Timer_Init()
                        0x08056569    0x28  Code  Gb  mod_Outputs.o [1]
MX_G_LP_Filter_Adj_System_Reset(int *, rtDW_LP_Filter_Adj_System_MX_Gt *)
                        0x08058baf     0x2  Code  Gb  mod_Library.o [1]
MX_G_Load_Moment_Sensor_Disable()
                        0x08052aa5    0x22  Code  Gb  mod_Inputs.o [1]
MX_G_hc_pair_ClosedLoop_v5_Init(unsigned short *, unsigned char *, unsigned char *, unsigned char *, rtDW_hc_pair_ClosedLoop_v5_MX_G *)
                        0x08059075    0x24  Code  Gb  mod_Library.o [1]
MX_G_output_pair_OpenLoop_Reset(unsigned short *, unsigned char *, unsigned char *, rtB_output_pair_OpenLoop_MX_Gtw *, rtDW_output_pair_OpenLoop_MX_Gt *)
                        0x080595e1     0x2  Code  Gb  mod_Library.o [1]
MX_Gt_LP_Filter_Adj_System_Init(int *, rtDW_LP_Filter_Adj_System_MX_Gt *)
                        0x08058bad     0x2  Code  Gb  mod_Library.o [1]
MX_Gt_output_pair_OpenLoop_Init(unsigned short *, unsigned char *, unsigned char *, rtB_output_pair_OpenLoop_MX_Gtw *, rtDW_output_pair_OpenLoop_MX_Gt *)
                        0x080595df     0x2  Code  Gb  mod_Library.o [1]
MX_Gtw_LP_Filter_Adj_Gain_Reset(int *, rtDW_LP_Filter_Adj_Gain_MX_Gtwy *)
                        0x08058b0f     0x2  Code  Gb  mod_Library.o [1]
MX_Gtw_Load_Moment_Sensor_Reset()
                        0x08052a6b    0x3a  Code  Gb  mod_Inputs.o [1]
MX_Gtwy_C_Controller_State_Init()
                        0x080434b7    0x5c  Code  Gb  mod_System.o [1]
MX_Gtwy_C_Fuel_Resolution_Timer()
                        0x08056591    0xac  Code  Gb  mod_Outputs.o [1]
MX_Gtwy_C_Fuel_Temperature_Init()
                        0x080515fb    0x4e  Code  Gb  mod_Inputs.o [1]
MX_Gtwy_C_Ratiometric_Converter(unsigned short, unsigned short, unsigned short *, unsigned short)
                        0x08058ab7    0x1e  Code  Gb  mod_Library.o [1]
MX_Gtwy_C_Throttle_Command_Init()
                        0x08047c71    0x48  Code  Gb  mod_System.o [1]
MX_Gtwy_C_hc_pair_ClosedLoop_v5(unsigned short, unsigned char, unsigned char, unsigned short, unsigned short, unsigned short, unsigned char, unsigned short *, unsigned char *, unsigned char *, unsigned char *, short *, rtB_hc_pair_ClosedLoop_v5_MX_Gt *, rtDW_hc_pair_ClosedLoop_v5_MX_G *, unsigned short, unsigned short, unsigned short, unsigned short, unsigned short, unsigned short, unsigned short, unsigned short, unsigned short, unsigned short, unsigned char)
                        0x080590d1    0xce  Code  Gb  mod_Library.o [1]
MX_Gtwy_C_mod_GlowPlugIcon_Init()
                        0x0805c54d    0x16  Code  Gb  mod_Panel.o [1]
MX_Gtwy_C_mod_SeatBeltIcon_Init()
                        0x0805c8f5    0x18  Code  Gb  mod_Panel.o [1]
MX_Gtwy_C_mod_TwoSpeedIcon_Init()
                        0x0805c9a9    0x12  Code  Gb  mod_Panel.o [1]
MX_Gtwy_Co_EMEAControlMode_Init()
                        0x08045b11    0xbe  Code  Gb  mod_System.o [1]
MX_Gtwy_Co_FuelSec_ECUHold_Init()
                        0x0805627f    0x42  Code  Gb  mod_Outputs.o [1]
MX_Gtwy_Co_LP_Filter_Adj_System(unsigned char, short, unsigned char, int *, rtDW_LP_Filter_Adj_System_MX_Gt *)
                        0x08058bb1    0x4c  Code  Gb  mod_Library.o [1]
MX_Gtwy_Co_LP_Filter_j43b_Reset(rtDW_LP_Filter_MX_Gtwy_Con_ntkm *)
                        0x08058ad7     0x2  Code  Gb  mod_Library.o [1]
MX_Gtwy_Co_mod_BatteryIcon_Init()
                        0x0805be67    0x16  Code  Gb  mod_Panel.o [1]
MX_Gtwy_Co_mod_LockoutIcon_Init()
                        0x0805c737    0x16  Code  Gb  mod_Panel.o [1]
MX_Gtwy_Co_mod_ServiceClockIcon()
                        0x0805c94d    0x58  Code  Gb  mod_Panel.o [1]
MX_Gtwy_Co_output_pair_OpenLoop(unsigned char, unsigned char, unsigned char, unsigned short, unsigned short, unsigned char, unsigned short, unsigned short, unsigned short *, unsigned char *, unsigned char *, rtB_output_pair_OpenLoop_MX_Gtw *, rtDW_output_pair_OpenLoop_MX_Gt *, unsigned short, unsigned short, unsigned short, unsigned short, unsigned short, unsigned short, unsigned short, unsigned short, unsigned short, unsigned char, unsigned short, unsigned short)
                        0x08059639   0x360  Code  Gb  mod_Library.o [1]
MX_Gtwy_Con_Aux_Hydraulics_Init()
                        0x08054b2d    0x50  Code  Gb  mod_Outputs.o [1]
MX_Gtwy_Con_CAN_Throttle_Update()
                        0x0804349f    0x18  Code  Gb  mod_System.o [1]
MX_Gtwy_Con_Console_Sensor_Init()
                        0x0804e289    0x38  Code  Gb  mod_Inputs.o [1]
MX_Gtwy_Con_Keyless_Entry_Reset()
                        0x08046803     0x2  Code  Gb  mod_System.o [1]
MX_Gtwy_Con_LP_Filter_as2q_Init(rtDW_LP_Filter_MX_Gtwy_Con_ntkm *)
                        0x08058ad5     0x2  Code  Gb  mod_Library.o [1]
MX_Gtwy_Con_mod_EngineIcon_Init()
                        0x0805bfbf    0x16  Code  Gb  mod_Panel.o [1]
MX_Gtwy_Cont_ElectricAutomation()
                        0x0804614d   0x1ea  Code  Gb  mod_System.o [1]
MX_Gtwy_Cont_Fuel_Primary_Relay()
                        0x08055ea9   0x154  Code  Gb  mod_Outputs.o [1]
MX_Gtwy_Cont_Hydraulic_Exchange()
                        0x08057165    0xd8  Code  Gb  mod_Outputs.o [1]
MX_Gtwy_Cont_InformationDisplay()
                        0x0805b6e5   0x4d8  Code  Gb  mod_Panel.o [1]
MX_Gtwy_Cont_Keyless_Entry_Init()
                        0x08046801     0x2  Code  Gb  mod_System.o [1]
MX_Gtwy_Cont_Keyless_Indicators()
                        0x0805bc0d   0x216  Code  Gb  mod_Panel.o [1]
[...]
rtcUpdate               0x08063c89    0x5c  Code  Lc  stf4_bsp_rtc.o [1]
rtcUpdate{1}{2}::RTC_TimeStruct
                        0x20006cf0     0x4  Data  Lc  stf4_bsp_rtc.o [1]
runStackMonitor::stackData
                        0x20006ae0     0x4  Data  Lc  stf4_bsp_mcu.o [1]
runTest_0               0x08060bad   0x106  Code  Lc  stf4_bsp_nvm.o [1]
runTest_0::testPattern  0x200004f4    0x20  Data  Lc  stf4_bsp_nvm.o [1]
rxBufferDataPort0       0x20002ae0   0x300  Data  Lc  stf4_bsp_can.o [1]
rxBufferDataPort1       0x200030e0   0x300  Data  Lc  stf4_bsp_can.o [1]
rx_DeluxeAuthenticationG55
                        0x20005fc8    0x30  Data  Gb  ap_deluxeG55.o [1]
rx_DeluxeKeypad         0x20005478    0x30  Data  Gb  ap_deluxeG5.o [1]
rx_DeluxeProg           0x200054a8    0x30  Data  Gb  ap_deluxeG5.o [1]
rx_DeluxeStatus         0x20005358    0x30  Data  Gb  ap_deluxeG5.o [1]
rx_DeluxeStatusG55      0x20006774    0x30  Data  Gb  ap_deluxeG55.o [1]
rx_JobClock             0x20005388    0x30  Data  Gb  ap_deluxeG5.o [1]
rx_JogButtonState       0x200067a4    0x30  Data  Gb  ap_deluxeG55.o [1]
rx_OperatorSettings     0x20005f98    0x30  Data  Gb  ap_deluxeG55.o [1]
rx_PwdData              0x20005418    0x30  Data  Gb  ap_deluxeG5.o [1]
rx_ServiceData          0x200053e8    0x30  Data  Gb  ap_deluxeG5.o [1]
rx_UserData             0x200053b8    0x30  Data  Gb  ap_deluxeG5.o [1]
rx_UserName             0x20005448    0x30  Data  Gb  ap_deluxeG5.o [1]
sCounter                0x200004c0     0x4  Data  Lc  stf4_bsp_clock.o [1]
schd                    0x20005510    0x14  Data  Lc  ap.o [1]
schdStats               0x20005524    0x28  Data  Lc  ap.o [1]
scrn_DeluxePwdFail      0x20006e92     0x1  Data  Gb  global.o [1]
sdata                   0x20006d68     0x4  Data  Lc  stf4_bsp_sdata.o [1]
sdataSize               0x20006d6c     0x4  Data  Lc  stf4_bsp_sdata.o [1]
sendChallenge()::msg_type
                        0x20000488     0x1  Data  Lc  ap_deluxeG55.o [1]
sendFirstJobClockCmd    0x20006e3c     0x1  Data  Gb  ap_subs.o [1]
sendNTMMsg(unsigned char, unsigned char)
                        0x08069229    0x20  Code  Gb  ap_bservice_CANOpen.o [1]
sendNTMSyncMsg()        0x08069249    0x1a  Code  Gb  ap_bservice_CANOpen.o [1]
sendTPDO1Msg(unsigned char)
                        0x080690db    0xb8  Code  Gb  ap_bservice_CANOpen.o [1]
sendTPDO2Msg(unsigned char)
                        0x08069193    0x96  Code  Gb  ap_bservice_CANOpen.o [1]
send_DeluxeG5_StartUpData()
                        0x0806483d   0x514  Code  Gb  ap_deluxeG5.o [1]
send_DeluxeG5_StartUpData()::flag_TPSent
                        0x20006b14     0x1  Data  Lc  ap_deluxeG5.o [1]
send_DeluxeG5_StartUpData()::wait_Count
                        0x20006b1a     0x2  Data  Lc  ap_deluxeG5.o [1]
serviceType             0x20006228     0x2  Data  Gb  ap_dv.o [1]
setWriteFlags           0x08060b5d    0x50  Code  Lc  stf4_bsp_nvm.o [1]
set_ServiceClock        0x200027c1     0x1  Data  Lc  ap_main.o [1]
severityInformation     0x0805f598    0x24  Data  Lc  ap_bservice_CAN04.o [1]
size                    0x20000444     0x1  Data  Lc  ap_bservice_CAN04.o [1]
srand                   0x08062a83     0xa  Code  Gb  rand.o [3]
start_FuelConsumption   0x20006d98     0x4  Data  Gb  global.o [1]
start_time              0x2000044a     0x2  Data  Lc  ap_bservice_CAN04.o [1]
start_timeLCD           0x2000044c     0x2  Data  Gb  ap_bservice_CAN04.o [1]
state_ACD_CAN           0x20006e81     0x1  Data  Gb  global.o [1]
state_AirFilter         0x20006c31     0x1  Data  Gb  MX_Gtwy_Control.o [1]
state_Alternator        0x20006bd8     0x1  Data  Gb  MX_Gtwy_Control.o [1]
state_AutoIdleEnable    0x20005e92     0x1  Data  Gb  MX_Gtwy_Control.o [1]
state_AuxBase           0x20006bd5     0x1  Data  Gb  MX_Gtwy_Control.o [1]
state_AuxEnable         0x200068a8     0x1  Data  Gb  MX_Gtwy_Control.o [1]
state_AuxPot            0x20006c2e     0x1  Data  Gb  MX_Gtwy_Control.o [1]
state_AuxRelease        0x20005e8f     0x1  Data  Gb  MX_Gtwy_Control.o [1]
state_AuxRod            0x20006bd6     0x1  Data  Gb  MX_Gtwy_Control.o [1]
state_Buzzer            0x20000445     0x1  Data  Gb  ap_bservice_CAN04.o [1]
state_CANThrottleCalDiag
                        0x20005e8d     0x1  Data  Gb  MX_Gtwy_Control.o [1]
state_CommDeluxeG55     0x200068a6     0x1  Data  Gb  MX_Gtwy_Control.o [1]
state_CommECU           0x20006894     0x1  Data  Gb  MX_Gtwy_Control.o [1]
state_CommJogShuttle    0x200068a5     0x1  Data  Gb  MX_Gtwy_Control.o [1]
state_CommKeylessEntry  0x200068a7     0x1  Data  Gb  MX_Gtwy_Control.o [1]
state_CommSecondary     0x200068a2     0x1  Data  Gb  MX_Gtwy_Control.o [1]
state_CommStdPanel      0x200068a4     0x1  Data  Gb  MX_Gtwy_Control.o [1]
state_CommThrottle      0x200068a3     0x1  Data  Gb  MX_Gtwy_Control.o [1]
state_Console           0x20006c2c     0x1  Data  Gb  MX_Gtwy_Control.o [1]
state_ConsoleTest       0x20006e8e     0x1  Data  Gb  global.o [1]
state_ConstantData      0x20006e8c     0x1  Data  Gb  global.o [1]
state_DeluxeG5          0x20006e7a     0x1  Data  Gb  global.o [1]
state_DeluxeG55         0x20006e89     0x1  Data  Gb  global.o [1]
state_DepthBeep         0x20006e6c     0x1  Data  Gb  global.o [1]
state_Detent            0x200068a9     0x1  Data  Gb  MX_Gtwy_Control.o [1]
state_DetentEnable      0x200068ab     0x1  Data  Gb  MX_Gtwy_Control.o [1]
state_Diverter          0x20006bd4     0x1  Data  Gb  MX_Gtwy_Control.o [1]
state_DumpValve         0x20006bd3     0x1  Data  Gb  MX_Gtwy_Control.o [1]
state_ECT               0x20006c2b     0x1  Data  Gb  MX_Gtwy_Control.o [1]
state_ECUHold           0x20006bcf     0x1  Data  Gb  MX_Gtwy_Control.o [1]
state_EOP               0x20006c28     0x1  Data  Gb  MX_Gtwy_Control.o [1]
state_EOT               0x20005eb0     0x1  Data  Gb  MX_Gtwy_Control.o [1]
state_EcoMode           0x20006c27     0x1  Data  Gb  MX_Gtwy_Control.o [1]
state_Engine            0x2000689a     0x1  Data  Gb  MX_Gtwy_Control.o [1]
state_EngineSpeed       0x20006c26     0x1  Data  Gb  MX_Gtwy_Control.o [1]
state_EngineSpeedDerate
                        0x200068a0     0x1  Data  Gb  MX_Gtwy_Control.o [1]
state_EngineStart       0x20005eaf     0x1  Data  Gb  MX_Gtwy_Control.o [1]
state_FuelLevel         0x20006be3     0x1  Data  Gb  MX_Gtwy_Control.o [1]
state_FuelPriOutput     0x20006bd1     0x1  Data  Gb  MX_Gtwy_Control.o [1]
state_FuelPriRelay      0x20006bd2     0x1  Data  Gb  MX_Gtwy_Control.o [1]
state_FuelSec           0x20006bce     0x1  Data  Gb  MX_Gtwy_Control.o [1]
state_FuelTemp          0x20006be2     0x1  Data  Gb  MX_Gtwy_Control.o [1]
state_GlowPlugOutput    0x20006bca     0x1  Data  Gb  MX_Gtwy_Control.o [1]
state_GlowPlugRelay     0x20006bcb     0x1  Data  Gb  MX_Gtwy_Control.o [1]
state_HCFilter1         0x20006be1     0x1  Data  Gb  MX_Gtwy_Control.o [1]
state_HOT               0x20006be0     0x1  Data  Gb  MX_Gtwy_Control.o [1]
state_HPMatch           0x200068a1     0x1  Data  Gb  MX_Gtwy_Control.o [1]
state_HVACOutput        0x20006bd0     0x1  Data  Gb  MX_Gtwy_Control.o [1]
state_HydBypass         0x20006bc9     0x1  Data  Gb  MX_Gtwy_Control.o [1]
state_HydEnable         0x20006bc8     0x1  Data  Gb  MX_Gtwy_Control.o [1]
state_HydExchange       0x20006bc7     0x1  Data  Gb  MX_Gtwy_Control.o [1]
state_Idle              0x20005e91     0x1  Data  Gb  MX_Gtwy_Control.o [1]
state_InfoButton        0x20005ea3     0x1  Data  Gb  MX_Gtwy_Control.o [1]
state_InfoPrimary       0x20005ea2     0x1  Data  Gb  MX_Gtwy_Control.o [1]
state_InfoSecondary     0x20005ea4     0x1  Data  Gb  MX_Gtwy_Control.o [1]
state_Inverter          0x20006e96     0x1  Data  Gb  global.o [1]
state_KSLock            0x20006897     0x1  Data  Gb  MX_Gtwy_Control.o [1]
state_KSPassword        0x20006898     0x1  Data  Gb  MX_Gtwy_Control.o [1]
state_Key               0x20006bdf     0x1  Data  Gb  MX_Gtwy_Control.o [1]
state_KeylessEntryLock  0x20006e95     0x1  Data  Gb  global.o [1]
state_KeylessEntryPassword
                        0x20006e94     0x1  Data  Gb  global.o [1]
state_KeylessEntryPowerHold
                        0x20005e8b     0x1  Data  Gb  MX_Gtwy_Control.o [1]
state_KeylessPanel      0x20006e7f     0x1  Data  Gb  global.o [1]
state_LeftButton        0x20005ea6     0x1  Data  Gb  MX_Gtwy_Control.o [1]
state_LeftPot           0x20006c2a     0x1  Data  Gb  MX_Gtwy_Control.o [1]
state_LightsOutput      0x20006bc5     0x1  Data  Gb  MX_Gtwy_Control.o [1]
state_LightsRelay       0x20006bc6     0x1  Data  Gb  MX_Gtwy_Control.o [1]
state_LoadMoment        0x20006895     0x1  Data  Gb  MX_Gtwy_Control.o [1]
state_LoadSense         0x20006bde     0x1  Data  Gb  MX_Gtwy_Control.o [1]
state_MachineLock       0x20006896     0x1  Data  Gb  MX_Gtwy_Control.o [1]
state_OffsetBase        0x200068b4     0x1  Data  Gb  MX_Gtwy_Control.o [1]
state_OffsetPot         0x20006bdd     0x1  Data  Gb  MX_Gtwy_Control.o [1]
state_OffsetRod         0x20006bc4     0x1  Data  Gb  MX_Gtwy_Control.o [1]
state_PBValveOutput     0x200068b2     0x1  Data  Gb  MX_Gtwy_Control.o [1]
state_PBValveRelay      0x200068b3     0x1  Data  Gb  MX_Gtwy_Control.o [1]
state_PanelButtons      0x20006c2d     0x1  Data  Gb  MX_Gtwy_Control.o [1]
state_Phone             0x20000484     0x1  Data  Lc  ap_deluxeG55.o [1]
state_RightButton       0x20005ea5     0x1  Data  Gb  MX_Gtwy_Control.o [1]
state_RightPot          0x20006c29     0x1  Data  Gb  MX_Gtwy_Control.o [1]
state_ST_CAN            0x20006e70     0x1  Data  Gb  global.o [1]
state_SensorSupply1     0x20006bdc     0x1  Data  Gb  MX_Gtwy_Control.o [1]
state_SensorSupply2     0x20006bdb     0x1  Data  Gb  MX_Gtwy_Control.o [1]
state_ServiceClock      0x20006e8f     0x1  Data  Gb  global.o [1]
state_StarterOutput     0x200068b0     0x1  Data  Gb  MX_Gtwy_Control.o [1]
state_StarterRelay      0x200068b1     0x1  Data  Gb  MX_Gtwy_Control.o [1]
state_SwitchedPwrOutput
                        0x200068ae     0x1  Data  Gb  MX_Gtwy_Control.o [1]
state_SwitchedPwrRelay  0x200068af     0x1  Data  Gb  MX_Gtwy_Control.o [1]
state_System            0x20006e90     0x1  Data  Gb  global.o [1]
state_TC                0x20005e89     0x1  Data  Gb  MX_Gtwy_Control.o [1]
state_ThrottlePrimary   0x20006bd9     0x1  Data  Gb  MX_Gtwy_Control.o [1]
state_TurboPrime        0x2000689b     0x1  Data  Gb  MX_Gtwy_Control.o [1]
state_TwoSpeed          0x200068ac     0x1  Data  Gb  MX_Gtwy_Control.o [1]
state_TwoSpeedIcon      0x200068ad     0x1  Data  Gb  MX_Gtwy_Control.o [1]
state_VBattery          0x20006bd7     0x1  Data  Gb  MX_Gtwy_Control.o [1]
state_ecuECT            0x20006e74     0x1  Data  Gb  global.o [1]
state_ecuEOP            0x20006e75     0x1  Data  Gb  global.o [1]
status_LED_t::SetFlashRate(unsigned short)
                        0x08060eb1     0x2  Code  Gb  hw_mcu.o [1]
status_SrvcClockDisplay
                        0x20006d88     0x1  Data  Gb  ap_subs.o [1]
stf4_iic_getOp          0x080603d7    0x1a  Code  Gb  stf4_iic.o [1]
stf4_iic_getOpTime      0x080603f1    0x1e  Code  Gb  stf4_iic.o [1]
stf4_iic_getStatus      0x080603cd     0xa  Code  Gb  stf4_iic.o [1]
stf4_iic_init           0x080602d1    0x38  Code  Gb  stf4_iic.o [1]
stf4_iic_initHandle     0x08060309    0x1c  Code  Gb  stf4_iic.o [1]
stf4_iic_reset          0x0806040f    0x30  Code  Gb  stf4_iic.o [1]
stf4_iic_startOp        0x08060325    0xa8  Code  Gb  stf4_iic.o [1]
stf4_timer_clockCmd     0x08060275    0x2c  Code  Gb  stf4_timer.o [1]
stf4_timer_getClockFreq
                        0x0806014b    0x46  Code  Gb  stf4_timer.o [1]
stf4_timer_getFreq      0x08060191    0x58  Code  Gb  stf4_timer.o [1]
stf4_timer_init         0x08060145     0x6  Code  Gb  stf4_timer.o [1]
stf4_timer_setFreq16    0x080601e9    0x8c  Code  Gb  stf4_timer.o [1]
sw_ed_number            0x0806bc44     0x2  Data  Gb  ap_version.o [1]
sw_title                0x0806bc48    0x34  Data  Gb  ap_version.o [1]
sw_type                 0x0806bc7c     0x1  Data  Gb  ap_version.o [1]
sw_version_major        0x0806bc7d     0x1  Data  Gb  ap_version.o [1]
sw_version_minor        0x0806bc7e     0x1  Data  Gb  ap_version.o [1]
systemBusy              0x20006ac1     0x1  Data  Gb  stf4_bsp_mcu.o [1]
targetSpeed             0x20005ed4     0x2  Data  Gb  MX_Gtwy_Control.o [1]
taskWatchdogFlags       0x20006adc     0x4  Data  Lc  stf4_bsp_mcu.o [1]
taskWatchdogMask        0x20006ad8     0x4  Data  Lc  stf4_bsp_mcu.o [1]
test2                   0x20006e30     0x2  Data  Gb  SendMsgNow.o [1]
testOut                 0x20005f40     0x8  Data  Gb  MX_Gtwy_Control.o [1]
time_StarterAutomated   0x20005ede     0x2  Data  Gb  MX_Gtwy_Control.o [1]
timerCompare            0x20006508    0x44  Data  Lc  stf4_bsp_pwm.o [1]
timer_FuelResolution    0x20006bcc     0x1  Data  Gb  MX_Gtwy_Control.o [1]
timer_irqHandler        0x080626b1    0xa6  Code  Lc  stf4_bsp_adc.o [1]
torque_Derate           0x20005ed8     0x2  Data  Gb  MX_Gtwy_Control.o [1]
ts_base_address         0x08049bfa     0x2  Data  Gb  ap_bservice.o [1]
txBufferDataPort0       0x200027e0   0x300  Data  Lc  stf4_bsp_can.o [1]
txBufferDataPort1       0x20002de0   0x300  Data  Lc  stf4_bsp_can.o [1]
tx_AuxHydStatus         0x200069b8    0x28  Data  Gb  ap_deluxeG55.o [1]
tx_DeluxeMainStatus     0x20005f48    0x28  Data  Gb  ap_deluxeG55.o [1]
tx_JobClock             0x200052b8    0x28  Data  Gb  ap_deluxeG5.o [1]
tx_MainStatus           0x20006990    0x28  Data  Gb  ap_deluxeG5.o [1]
tx_ServiceData          0x20005308    0x28  Data  Gb  ap_deluxeG5.o [1]
tx_UserInfo             0x200052e0    0x28  Data  Gb  ap_deluxeG5.o [1]
tx_VitalData            0x20005330    0x28  Data  Gb  ap_deluxeG5.o [1]
tx_VitalDataG55         0x20005f70    0x28  Data  Gb  ap_deluxeG55.o [1]
updateCounts            0x080620a1    0x3a  Code  Lc  stf4_bsp_clock.o [1]
updateCounts::lastTimerCounts
                        0x200004cc     0x4  Data  Lc  stf4_bsp_clock.o [1]
updateCounts::usTimer   0x200004d0     0x4  Data  Lc  stf4_bsp_clock.o [1]
updateErrorList()       0x0805f111   0x19e  Code  Gb  ap_bservice_CAN04.o [1]
updateErrorList()::i    0x20000448     0x1  Data  Lc  ap_bservice_CAN04.o [1]
update_AuxControlMode_TX(hw_can_msg_t *)
                        0x0804c129    0x54  Code  Gb  ap_can.o [1]
update_CAN01sTX(hw_can_msg_t *)
                        0x0804b339    0x34  Code  Gb  ap_can.o [1]
update_CAN02sTX(hw_can_msg_t *)
                        0x0804b36d    0x52  Code  Gb  ap_can.o [1]
update_CAN03sTX(hw_can_msg_t *)
                        0x0804b7d7    0x58  Code  Gb  ap_can.o [1]
update_CAN05sTX(hw_can_msg_t *)
                        0x0804b3bf    0x24  Code  Gb  ap_can.o [1]
update_CAN06sTX(hw_can_msg_t *)
                        0x0804b3e3    0x10  Code  Gb  ap_can.o [1]
update_CAN20sTX(hw_can_msg_t *)
                        0x0804b463    0x12  Code  Gb  ap_can.o [1]
update_CAN21sTX(hw_can_msg_t *)
                        0x0804b475    0x28  Code  Gb  ap_can.o [1]
update_CCVS_TX(hw_can_msg_t *)
                        0x08069445    0x18  Code  Gb  ap_engine.o [1]
update_DD_CAN0_TX(hw_can_msg_t *)
                        0x0804b7a7     0xa  Code  Gb  ap_can.o [1]
update_DD_CAN4_TX(hw_can_msg_t *)
                        0x0806943b     0xa  Code  Gb  ap_engine.o [1]
update_EEC1_TX(hw_can_msg_t *)
                        0x0804b513    0x2c  Code  Gb  ap_can.o [1]
update_EEC2_J1939_CAN0_TX(hw_can_msg_t *)
                        0x0804b785    0x22  Code  Gb  ap_can.o [1]
update_EEC2_J1939_CAN4_TX(hw_can_msg_t *)
                        0x080693c1    0x22  Code  Gb  ap_engine.o [1]
update_EFL_P1_TX(hw_can_msg_t *)
                        0x0804b73d    0x42  Code  Gb  ap_can.o [1]
update_ET1_TX(hw_can_msg_t *)
                        0x0804b555    0x24  Code  Gb  ap_can.o [1]
update_HWJ1939AcknowledgeMsg_tx(hw_can_msg_t *)
                        0x0804c54d    0x26  Code  Gb  ap_can.o [1]
update_HWJ1939BICSControl_tx(hw_can_msg_t *)
                        0x0804c219    0x44  Code  Gb  ap_can.o [1]
update_HWJ1939EngineHoursTX(hw_can_msg_t *)
                        0x0804b891    0x28  Code  Gb  ap_can.o [1]
update_HWJ1939MachineConfigMsg_tx(hw_can_msg_t *)
                        0x0804c579    0x38  Code  Gb  ap_can.o [1]
update_JobClock_tx(hw_can_msg_t *)
                        0x08065115    0x9c  Code  Gb  ap_deluxeG5.o [1]
update_KeylessEntryTX(hw_can_msg_t *)
                        0x0806aa9f    0x32  Code  Gb  ap_keylessentry.o [1]
update_KeypadTX(hw_can_msg_t *)
                        0x0806a7d9    0x50  Code  Gb  ap_keylessstart.o [1]
update_MainStatus_tx(hw_can_msg_t *)
                        0x08064e67   0x136  Code  Gb  ap_deluxeG5.o [1]
update_PanelButtonsTX(hw_can_msg_t *)
                        0x0804b9b5    0xa0  Code  Gb  ap_can.o [1]
update_PanelGaugeTX(hw_can_msg_t *)
                        0x0804ba55    0x62  Code  Gb  ap_can.o [1]
update_PanelLCDIconsTX(hw_can_msg_t *)
                        0x0804bf4d    0xb6  Code  Gb  ap_can.o [1]
update_PanelLCDTX(hw_can_msg_t *)
                        0x0804bad1   0x460  Code  Gb  ap_can.o [1]
update_PanelLCDTX(hw_can_msg_t *)::flag_Aux
                        0x20006ce9     0x1  Data  Lc  ap_can.o [1]
update_PanelLCDTX(hw_can_msg_t *)::flag_Reset
                        0x20006ce8     0x1  Data  Lc  ap_can.o [1]
update_PanelTellTalesTX(hw_can_msg_t *)
                        0x0804b8c3    0xf2  Code  Gb  ap_can.o [1]
update_PrimaryControls_TX(hw_can_msg_t *)
                        0x0804c0a1    0x56  Code  Gb  ap_can.o [1]
update_SMVCU_CAN4_TX(hw_can_msg_t *)
                        0x080693e3    0x58  Code  Gb  ap_engine.o [1]
update_SMVCU_CAN4_TX(hw_can_msg_t *)::counter
                        0x20006e38     0x1  Data  Lc  ap_engine.o [1]
update_ServiceData(unsigned char)
                        0x0806478d    0xb0  Code  Gb  ap_deluxeG5.o [1]
update_ServiceData_tx(hw_can_msg_t *)
                        0x08065599    0x6a  Code  Gb  ap_deluxeG5.o [1]
update_TFAC_TX(hw_can_msg_t *)
                        0x0804c013    0x42  Code  Gb  ap_can.o [1]
update_UserID           0x20006c7f     0x1  Data  Gb  ap_deluxeG5.o [1]
update_UserInfo_tx(hw_can_msg_t *)
                        0x080651b1    0xa0  Code  Gb  ap_deluxeG5.o [1]
update_UserInfo_tx(hw_can_msg_t *)::index
                        0x20006e35     0x1  Data  Lc  ap_deluxeG5.o [1]
update_VEP_TX(hw_can_msg_t *)
                        0x0804b53f    0x16  Code  Gb  ap_can.o [1]
update_VitalDataG55_tx(hw_can_msg_t *)
                        0x0806a009   0x1a2  Code  Gb  ap_deluxeG55.o [1]
update_VitalDataG55_tx(hw_can_msg_t *)::count_Vital
                        0x20006e36     0x1  Data  Lc  ap_deluxeG55.o [1]
update_VitalData_tx(hw_can_msg_t *)
                        0x08065269   0x1ae  Code  Gb  ap_deluxeG5.o [1]
usCounter               0x200004c8     0x4  Data  Lc  stf4_bsp_clock.o [1]
user_KeylessEntry       0x20006e52     0x1  Data  Gb  global.o [1]
vectors_initRamVectors  0x0806006d    0x48  Code  Gb  stf4_vectors.o [1]
vectors_setRamVector    0x080600b5    0x22  Code  Gb  stf4_vectors.o [1]
vectors_switchToRam     0x080600d7    0x18  Code  Gb  stf4_vectors.o [1]
vitalDisplay            0x20006c6c    0x10  Data  Gb  ap_deluxeG5.o [1]
vitalDisplayG55         0x0806a7b8    0x10  Data  Lc  ap_deluxeG55.o [1]
volts_LoadMoment        0x20005eae     0x1  Data  Gb  MX_Gtwy_Control.o [1]
volts_LoadSense         0x20005ead     0x1  Data  Gb  MX_Gtwy_Control.o [1]
wcPinEnable             0x20006cb4    0x10  Data  Lc  stf4_bsp_dout.o [1]
writeByte               0x0806058d    0x6c  Code  Lc  stf4_iic.o [1]


[1] = C:\Projects\SVNrepo\dibh-prod-esEMex\iar\mex_gateway_Release\Obj
[2] = command line
[3] = dl7M_tln.a
[4] = dlpp7M_tl_nc.a
[5] = m7M_tls.a
[6] = rt7M_tl.a
[7] = shb_l.a

  178 267 bytes of readonly  code memory
    1 637 bytes of readonly  data memory
   32 663 bytes of readwrite data memory

Errors: none
Warnings: none
